#! /usr/bin/vvp
:ivl_version "11.0 (stable)";
:ivl_delay_selection "TYPICAL";
:vpi_time_precision - 12;
:vpi_module "/usr/lib/x86_64-linux-gnu/ivl/system.vpi";
:vpi_module "/usr/lib/x86_64-linux-gnu/ivl/vhdl_sys.vpi";
:vpi_module "/usr/lib/x86_64-linux-gnu/ivl/vhdl_textio.vpi";
:vpi_module "/usr/lib/x86_64-linux-gnu/ivl/v2005_math.vpi";
:vpi_module "/usr/lib/x86_64-linux-gnu/ivl/va_math.vpi";
S_0x628d338ea4c0 .scope module, "tb_adders" "tb_adders" 2 3;
 .timescale -9 -12;
v0x628d33999a60_0 .var "a", 7 0;
v0x628d33999b40_0 .var "b", 7 0;
v0x628d33999c00_0 .var "cin", 0 0;
v0x628d33999d30_0 .net "cout_bka", 0 0, L_0x628d339c80b0;  1 drivers
v0x628d33999dd0_0 .net "cout_cla", 0 0, L_0x628d339c1ef0;  1 drivers
v0x628d33999e70_0 .net "cout_rca", 0 0, L_0x628d3399f1b0;  1 drivers
v0x628d33999f10_0 .var/i "errors_bka", 31 0;
v0x628d33999fb0_0 .var/i "errors_cla", 31 0;
v0x628d3399a050_0 .var/i "errors_rca", 31 0;
v0x628d3399a1c0_0 .var "expected", 8 0;
v0x628d3399a2a0_0 .var/i "i", 31 0;
v0x628d3399a380_0 .var/i "j", 31 0;
v0x628d3399a460_0 .var/i "k", 31 0;
v0x628d3399a540_0 .net "sum_bka", 7 0, L_0x628d339c7a00;  1 drivers
v0x628d3399a630_0 .net "sum_cla", 7 0, L_0x628d339c1de0;  1 drivers
v0x628d3399a700_0 .net "sum_rca", 7 0, L_0x628d3399e940;  1 drivers
v0x628d3399a7d0_0 .var/i "vectors", 31 0;
S_0x628d338dd1d0 .scope module, "BKA" "bka_8bit" 2 11, 3 1 0, S_0x628d338ea4c0;
 .timescale 0 0;
    .port_info 0 /INPUT 8 "a";
    .port_info 1 /INPUT 8 "b";
    .port_info 2 /INPUT 1 "cin";
    .port_info 3 /OUTPUT 8 "sum";
    .port_info 4 /OUTPUT 1 "cout";
L_0x628d339c1fe0 .functor AND 8, v0x628d33999a60_0, v0x628d33999b40_0, C4<11111111>, C4<11111111>;
L_0x628d339c2050 .functor XOR 8, v0x628d33999a60_0, v0x628d33999b40_0, C4<00000000>, C4<00000000>;
L_0x628d339c22a0 .functor AND 1, L_0x628d339c21b0, v0x628d33999c00_0, C4<1>, C4<1>;
L_0x628d339c2360 .functor OR 1, L_0x628d339c20c0, L_0x628d339c22a0, C4<0>, C4<0>;
L_0x628d339c25b0 .functor AND 1, L_0x628d339c2510, L_0x628d339c2360, C4<1>, C4<1>;
L_0x628d339c26c0 .functor OR 1, L_0x628d339c2470, L_0x628d339c25b0, C4<0>, C4<0>;
L_0x628d339c2870 .functor AND 1, L_0x628d339c27d0, L_0x628d339c14f0, C4<1>, C4<1>;
L_0x628d339c1810 .functor AND 1, L_0x628d339c1680, L_0x628d339c1770, C4<1>, C4<1>;
L_0x628d339c1920 .functor OR 1, L_0x628d339c15e0, L_0x628d339c1810, C4<0>, C4<0>;
L_0x628d339c3520 .functor AND 1, L_0x628d339c3380, L_0x628d339c3480, C4<1>, C4<1>;
L_0x628d339c36e0 .functor AND 1, L_0x628d339c3750, L_0x628d339c37f0, C4<1>, C4<1>;
L_0x628d339c3960 .functor OR 1, L_0x628d339c3640, L_0x628d339c36e0, C4<0>, C4<0>;
L_0x628d339c3cb0 .functor AND 1, L_0x628d339c3ae0, L_0x628d339c3b80, C4<1>, C4<1>;
L_0x628d339c4040 .functor AND 1, L_0x628d339c3e60, L_0x628d339c3fa0, C4<1>, C4<1>;
L_0x628d339c3a70 .functor OR 1, L_0x628d339c3dc0, L_0x628d339c4040, C4<0>, C4<0>;
L_0x628d339c43c0 .functor AND 1, L_0x628d339c4270, L_0x628d339c3f00, C4<1>, C4<1>;
L_0x628d339c4560 .functor AND 1, L_0x628d339c3520, L_0x628d339c26c0, C4<1>, C4<1>;
L_0x628d339c4670 .functor OR 1, L_0x628d339c1920, L_0x628d339c4560, C4<0>, C4<0>;
L_0x628d339c4820 .functor AND 1, L_0x628d339c3520, L_0x628d339c2870, C4<1>, C4<1>;
L_0x628d339c48e0 .functor AND 1, L_0x628d339c43c0, L_0x628d339c3960, C4<1>, C4<1>;
L_0x628d339c4aa0 .functor OR 1, L_0x628d339c3a70, L_0x628d339c48e0, C4<0>, C4<0>;
L_0x628d339c4bb0 .functor AND 1, L_0x628d339c43c0, L_0x628d339c3cb0, C4<1>, C4<1>;
L_0x628d339c4d30 .functor AND 1, L_0x628d339c4bb0, L_0x628d339c4670, C4<1>, C4<1>;
L_0x628d339c4e40 .functor OR 1, L_0x628d339c4aa0, L_0x628d339c4d30, C4<0>, C4<0>;
L_0x628d339c5020 .functor AND 1, L_0x628d339c4bb0, L_0x628d339c4820, C4<1>, C4<1>;
L_0x628d339c5240 .functor AND 1, L_0x628d339c51a0, L_0x628d339c26c0, C4<1>, C4<1>;
L_0x628d339c53e0 .functor OR 1, L_0x628d339c4780, L_0x628d339c5240, C4<0>, C4<0>;
L_0x628d339c5660 .functor AND 1, L_0x628d339c54f0, L_0x628d339c2870, C4<1>, C4<1>;
L_0x628d339c5a30 .functor AND 1, L_0x628d339c58b0, L_0x628d339c4670, C4<1>, C4<1>;
L_0x628d339c5af0 .functor OR 1, L_0x628d339c5810, L_0x628d339c5a30, C4<0>, C4<0>;
L_0x628d339c5da0 .functor AND 1, L_0x628d339c5d00, L_0x628d339c4820, C4<1>, C4<1>;
L_0x628d339c5e60 .functor AND 1, L_0x628d339c3cb0, L_0x628d339c4670, C4<1>, C4<1>;
L_0x628d339c5fe0 .functor OR 1, L_0x628d339c3960, L_0x628d339c5e60, C4<0>, C4<0>;
L_0x628d339c6050 .functor AND 1, L_0x628d339c3cb0, L_0x628d339c4820, C4<1>, C4<1>;
L_0x628d339c6410 .functor AND 1, L_0x628d339c6370, L_0x628d339c5fe0, C4<1>, C4<1>;
L_0x628d339c6480 .functor OR 1, L_0x628d339c61e0, L_0x628d339c6410, C4<0>, C4<0>;
L_0x628d339c6160 .functor AND 1, L_0x628d339c60c0, L_0x628d339c6050, C4<1>, C4<1>;
L_0x628d339c6900 .functor XOR 1, L_0x628d339c6860, v0x628d33999c00_0, C4<0>, C4<0>;
L_0x628d339c6cb0 .functor XOR 1, L_0x628d339c6b00, L_0x628d339c2360, C4<0>, C4<0>;
L_0x628d339c6e10 .functor XOR 1, L_0x628d339c6d70, L_0x628d339c26c0, C4<0>, C4<0>;
L_0x628d339c71e0 .functor XOR 1, L_0x628d339c7020, L_0x628d339c53e0, C4<0>, C4<0>;
L_0x628d339c7340 .functor XOR 1, L_0x628d339c72a0, L_0x628d339c4670, C4<0>, C4<0>;
L_0x628d339c70c0 .functor XOR 1, L_0x628d339c7560, L_0x628d339c5af0, C4<0>, C4<0>;
L_0x628d339c77d0 .functor XOR 1, L_0x628d339c7730, L_0x628d339c5fe0, C4<0>, C4<0>;
L_0x628d339c7f50 .functor XOR 1, L_0x628d339c7eb0, L_0x628d339c6480, C4<0>, C4<0>;
L_0x628d339c80b0 .functor BUFZ 1, L_0x628d339c4e40, C4<0>, C4<0>, C4<0>;
v0x628d338c8d00_0 .net "G1_0", 0 0, L_0x628d339c26c0;  1 drivers
v0x628d3395ba40_0 .net "G2_0", 0 0, L_0x628d339c53e0;  1 drivers
v0x628d3395b000_0 .net "G3_0", 0 0, L_0x628d339c4670;  1 drivers
v0x628d3395a5c0_0 .net "G3_2", 0 0, L_0x628d339c1920;  1 drivers
v0x628d33959b80_0 .net "G4_0", 0 0, L_0x628d339c5af0;  1 drivers
v0x628d33959110_0 .net "G5_0", 0 0, L_0x628d339c5fe0;  1 drivers
v0x628d3397ac80_0 .net "G5_4", 0 0, L_0x628d339c3960;  1 drivers
v0x628d3397ad40_0 .net "G6_0", 0 0, L_0x628d339c6480;  1 drivers
v0x628d3397ae00_0 .net "G7_0", 0 0, L_0x628d339c4e40;  1 drivers
v0x628d3397aec0_0 .net "G7_4", 0 0, L_0x628d339c4aa0;  1 drivers
v0x628d3397af80_0 .net "G7_6", 0 0, L_0x628d339c3a70;  1 drivers
v0x628d3397b040_0 .net "P1_0", 0 0, L_0x628d339c2870;  1 drivers
v0x628d3397b100_0 .net "P2_0", 0 0, L_0x628d339c5660;  1 drivers
v0x628d3397b1c0_0 .net "P3_0", 0 0, L_0x628d339c4820;  1 drivers
v0x628d3397b280_0 .net "P3_2", 0 0, L_0x628d339c3520;  1 drivers
v0x628d3397b340_0 .net "P4_0", 0 0, L_0x628d339c5da0;  1 drivers
v0x628d3397b400_0 .net "P5_0", 0 0, L_0x628d339c6050;  1 drivers
v0x628d3397b4c0_0 .net "P5_4", 0 0, L_0x628d339c3cb0;  1 drivers
v0x628d3397b580_0 .net "P6_0", 0 0, L_0x628d339c6160;  1 drivers
v0x628d3397b640_0 .net "P7_0", 0 0, L_0x628d339c5020;  1 drivers
v0x628d3397b700_0 .net "P7_4", 0 0, L_0x628d339c4bb0;  1 drivers
v0x628d3397b7c0_0 .net "P7_6", 0 0, L_0x628d339c43c0;  1 drivers
v0x628d3397b880_0 .net *"_ivl_101", 0 0, L_0x628d339c54f0;  1 drivers
v0x628d3397b960_0 .net *"_ivl_105", 0 0, L_0x628d339c5810;  1 drivers
v0x628d3397ba40_0 .net *"_ivl_107", 0 0, L_0x628d339c58b0;  1 drivers
v0x628d3397bb20_0 .net *"_ivl_108", 0 0, L_0x628d339c5a30;  1 drivers
v0x628d3397bc00_0 .net *"_ivl_113", 0 0, L_0x628d339c5d00;  1 drivers
v0x628d3397bce0_0 .net *"_ivl_116", 0 0, L_0x628d339c5e60;  1 drivers
v0x628d3397bdc0_0 .net *"_ivl_123", 0 0, L_0x628d339c61e0;  1 drivers
v0x628d3397bea0_0 .net *"_ivl_125", 0 0, L_0x628d339c6370;  1 drivers
v0x628d3397bf80_0 .net *"_ivl_126", 0 0, L_0x628d339c6410;  1 drivers
v0x628d3397c060_0 .net *"_ivl_13", 0 0, L_0x628d339c2470;  1 drivers
v0x628d3397c140_0 .net *"_ivl_131", 0 0, L_0x628d339c60c0;  1 drivers
v0x628d3397c430_0 .net *"_ivl_137", 0 0, L_0x628d339c6860;  1 drivers
v0x628d3397c510_0 .net *"_ivl_138", 0 0, L_0x628d339c6900;  1 drivers
v0x628d3397c5f0_0 .net *"_ivl_143", 0 0, L_0x628d339c6b00;  1 drivers
v0x628d3397c6d0_0 .net *"_ivl_144", 0 0, L_0x628d339c6cb0;  1 drivers
v0x628d3397c7b0_0 .net *"_ivl_149", 0 0, L_0x628d339c6d70;  1 drivers
v0x628d3397c890_0 .net *"_ivl_15", 0 0, L_0x628d339c2510;  1 drivers
v0x628d3397c970_0 .net *"_ivl_150", 0 0, L_0x628d339c6e10;  1 drivers
v0x628d3397ca50_0 .net *"_ivl_155", 0 0, L_0x628d339c7020;  1 drivers
v0x628d3397cb30_0 .net *"_ivl_156", 0 0, L_0x628d339c71e0;  1 drivers
v0x628d3397cc10_0 .net *"_ivl_16", 0 0, L_0x628d339c25b0;  1 drivers
v0x628d3397ccf0_0 .net *"_ivl_161", 0 0, L_0x628d339c72a0;  1 drivers
v0x628d3397cdd0_0 .net *"_ivl_162", 0 0, L_0x628d339c7340;  1 drivers
v0x628d3397ceb0_0 .net *"_ivl_167", 0 0, L_0x628d339c7560;  1 drivers
v0x628d3397cf90_0 .net *"_ivl_168", 0 0, L_0x628d339c70c0;  1 drivers
v0x628d3397d070_0 .net *"_ivl_173", 0 0, L_0x628d339c7730;  1 drivers
v0x628d3397d150_0 .net *"_ivl_174", 0 0, L_0x628d339c77d0;  1 drivers
v0x628d3397d230_0 .net *"_ivl_180", 0 0, L_0x628d339c7eb0;  1 drivers
v0x628d3397d310_0 .net *"_ivl_181", 0 0, L_0x628d339c7f50;  1 drivers
v0x628d3397d3f0_0 .net *"_ivl_21", 0 0, L_0x628d339c27d0;  1 drivers
v0x628d3397d4d0_0 .net *"_ivl_23", 0 0, L_0x628d339c14f0;  1 drivers
v0x628d3397d5b0_0 .net *"_ivl_27", 0 0, L_0x628d339c15e0;  1 drivers
v0x628d3397d690_0 .net *"_ivl_29", 0 0, L_0x628d339c1680;  1 drivers
v0x628d3397d770_0 .net *"_ivl_31", 0 0, L_0x628d339c1770;  1 drivers
v0x628d3397d850_0 .net *"_ivl_32", 0 0, L_0x628d339c1810;  1 drivers
v0x628d3397d930_0 .net *"_ivl_37", 0 0, L_0x628d339c3380;  1 drivers
v0x628d3397da10_0 .net *"_ivl_39", 0 0, L_0x628d339c3480;  1 drivers
v0x628d3397daf0_0 .net *"_ivl_43", 0 0, L_0x628d339c3640;  1 drivers
v0x628d3397dbd0_0 .net *"_ivl_45", 0 0, L_0x628d339c3750;  1 drivers
v0x628d3397dcb0_0 .net *"_ivl_47", 0 0, L_0x628d339c37f0;  1 drivers
v0x628d3397dd90_0 .net *"_ivl_48", 0 0, L_0x628d339c36e0;  1 drivers
v0x628d3397de70_0 .net *"_ivl_5", 0 0, L_0x628d339c20c0;  1 drivers
v0x628d3397df50_0 .net *"_ivl_53", 0 0, L_0x628d339c3ae0;  1 drivers
v0x628d3397e440_0 .net *"_ivl_55", 0 0, L_0x628d339c3b80;  1 drivers
v0x628d3397e520_0 .net *"_ivl_59", 0 0, L_0x628d339c3dc0;  1 drivers
v0x628d3397e600_0 .net *"_ivl_61", 0 0, L_0x628d339c3e60;  1 drivers
v0x628d3397e6e0_0 .net *"_ivl_63", 0 0, L_0x628d339c3fa0;  1 drivers
v0x628d3397e7c0_0 .net *"_ivl_64", 0 0, L_0x628d339c4040;  1 drivers
v0x628d3397e8a0_0 .net *"_ivl_69", 0 0, L_0x628d339c4270;  1 drivers
v0x628d3397e980_0 .net *"_ivl_7", 0 0, L_0x628d339c21b0;  1 drivers
v0x628d3397ea60_0 .net *"_ivl_71", 0 0, L_0x628d339c3f00;  1 drivers
v0x628d3397eb40_0 .net *"_ivl_74", 0 0, L_0x628d339c4560;  1 drivers
v0x628d3397ec20_0 .net *"_ivl_8", 0 0, L_0x628d339c22a0;  1 drivers
v0x628d3397ed00_0 .net *"_ivl_80", 0 0, L_0x628d339c48e0;  1 drivers
v0x628d3397ede0_0 .net *"_ivl_86", 0 0, L_0x628d339c4d30;  1 drivers
v0x628d3397eec0_0 .net *"_ivl_93", 0 0, L_0x628d339c4780;  1 drivers
v0x628d3397efa0_0 .net *"_ivl_95", 0 0, L_0x628d339c51a0;  1 drivers
v0x628d3397f080_0 .net *"_ivl_96", 0 0, L_0x628d339c5240;  1 drivers
v0x628d3397f160_0 .net "a", 7 0, v0x628d33999a60_0;  1 drivers
v0x628d3397f240_0 .net "b", 7 0, v0x628d33999b40_0;  1 drivers
v0x628d3397f320_0 .net "cin", 0 0, v0x628d33999c00_0;  1 drivers
v0x628d3397f3e0_0 .net "cout", 0 0, L_0x628d339c80b0;  alias, 1 drivers
v0x628d3397f4a0_0 .net "g", 7 0, L_0x628d339c1fe0;  1 drivers
v0x628d3397f580_0 .net "g0_eff", 0 0, L_0x628d339c2360;  1 drivers
v0x628d3397f640_0 .net "p", 7 0, L_0x628d339c2050;  1 drivers
v0x628d3397f720_0 .net "sum", 7 0, L_0x628d339c7a00;  alias, 1 drivers
L_0x628d339c20c0 .part L_0x628d339c1fe0, 0, 1;
L_0x628d339c21b0 .part L_0x628d339c2050, 0, 1;
L_0x628d339c2470 .part L_0x628d339c1fe0, 1, 1;
L_0x628d339c2510 .part L_0x628d339c2050, 1, 1;
L_0x628d339c27d0 .part L_0x628d339c2050, 1, 1;
L_0x628d339c14f0 .part L_0x628d339c2050, 0, 1;
L_0x628d339c15e0 .part L_0x628d339c1fe0, 3, 1;
L_0x628d339c1680 .part L_0x628d339c2050, 3, 1;
L_0x628d339c1770 .part L_0x628d339c1fe0, 2, 1;
L_0x628d339c3380 .part L_0x628d339c2050, 3, 1;
L_0x628d339c3480 .part L_0x628d339c2050, 2, 1;
L_0x628d339c3640 .part L_0x628d339c1fe0, 5, 1;
L_0x628d339c3750 .part L_0x628d339c2050, 5, 1;
L_0x628d339c37f0 .part L_0x628d339c1fe0, 4, 1;
L_0x628d339c3ae0 .part L_0x628d339c2050, 5, 1;
L_0x628d339c3b80 .part L_0x628d339c2050, 4, 1;
L_0x628d339c3dc0 .part L_0x628d339c1fe0, 7, 1;
L_0x628d339c3e60 .part L_0x628d339c2050, 7, 1;
L_0x628d339c3fa0 .part L_0x628d339c1fe0, 6, 1;
L_0x628d339c4270 .part L_0x628d339c2050, 7, 1;
L_0x628d339c3f00 .part L_0x628d339c2050, 6, 1;
L_0x628d339c4780 .part L_0x628d339c1fe0, 2, 1;
L_0x628d339c51a0 .part L_0x628d339c2050, 2, 1;
L_0x628d339c54f0 .part L_0x628d339c2050, 2, 1;
L_0x628d339c5810 .part L_0x628d339c1fe0, 4, 1;
L_0x628d339c58b0 .part L_0x628d339c2050, 4, 1;
L_0x628d339c5d00 .part L_0x628d339c2050, 4, 1;
L_0x628d339c61e0 .part L_0x628d339c1fe0, 6, 1;
L_0x628d339c6370 .part L_0x628d339c2050, 6, 1;
L_0x628d339c60c0 .part L_0x628d339c2050, 6, 1;
L_0x628d339c6860 .part L_0x628d339c2050, 0, 1;
L_0x628d339c6b00 .part L_0x628d339c2050, 1, 1;
L_0x628d339c6d70 .part L_0x628d339c2050, 2, 1;
L_0x628d339c7020 .part L_0x628d339c2050, 3, 1;
L_0x628d339c72a0 .part L_0x628d339c2050, 4, 1;
L_0x628d339c7560 .part L_0x628d339c2050, 5, 1;
L_0x628d339c7730 .part L_0x628d339c2050, 6, 1;
LS_0x628d339c7a00_0_0 .concat8 [ 1 1 1 1], L_0x628d339c6900, L_0x628d339c6cb0, L_0x628d339c6e10, L_0x628d339c71e0;
LS_0x628d339c7a00_0_4 .concat8 [ 1 1 1 1], L_0x628d339c7340, L_0x628d339c70c0, L_0x628d339c77d0, L_0x628d339c7f50;
L_0x628d339c7a00 .concat8 [ 4 4 0 0], LS_0x628d339c7a00_0_0, LS_0x628d339c7a00_0_4;
L_0x628d339c7eb0 .part L_0x628d339c2050, 7, 1;
S_0x628d338dfc00 .scope module, "CLA" "cla_8bit" 2 10, 4 1 0, S_0x628d338ea4c0;
 .timescale 0 0;
    .port_info 0 /INPUT 8 "a";
    .port_info 1 /INPUT 8 "b";
    .port_info 2 /INPUT 1 "cin";
    .port_info 3 /OUTPUT 8 "sum";
    .port_info 4 /OUTPUT 1 "cout";
L_0x628d3399f380 .functor AND 8, v0x628d33999a60_0, v0x628d33999b40_0, C4<11111111>, C4<11111111>;
L_0x628d3399f3f0 .functor XOR 8, v0x628d33999a60_0, v0x628d33999b40_0, C4<00000000>, C4<00000000>;
L_0x628d3399f460 .functor BUFZ 1, v0x628d33999c00_0, C4<0>, C4<0>, C4<0>;
L_0x628d3399f750 .functor AND 1, L_0x628d3399f5c0, L_0x628d3399f6b0, C4<1>, C4<1>;
L_0x628d3399f860 .functor OR 1, L_0x628d3399f4d0, L_0x628d3399f750, C4<0>, C4<0>;
L_0x628d3399fb90 .functor AND 1, L_0x628d3399fa10, L_0x628d3399fab0, C4<1>, C4<1>;
L_0x628d3399fc90 .functor OR 1, L_0x628d3399f970, L_0x628d3399fb90, C4<0>, C4<0>;
L_0x628d3399ffc0 .functor AND 1, L_0x628d3399fda0, L_0x628d3399fed0, C4<1>, C4<1>;
L_0x628d339a01c0 .functor AND 1, L_0x628d3399ffc0, L_0x628d339a00d0, C4<1>, C4<1>;
L_0x628d339a02d0 .functor OR 1, L_0x628d3399fc90, L_0x628d339a01c0, C4<0>, C4<0>;
L_0x628d339a06f0 .functor AND 1, L_0x628d339a0540, L_0x628d339a05e0, C4<1>, C4<1>;
L_0x628d339a0760 .functor OR 1, L_0x628d339a0440, L_0x628d339a06f0, C4<0>, C4<0>;
L_0x628d339a0680 .functor AND 1, L_0x628d339a08e0, L_0x628d339a0980, C4<1>, C4<1>;
L_0x628d339a0cf0 .functor AND 1, L_0x628d339a0680, L_0x628d339a0c50, C4<1>, C4<1>;
L_0x628d339a0870 .functor OR 1, L_0x628d339a0760, L_0x628d339a0cf0, C4<0>, C4<0>;
L_0x628d339a10f0 .functor AND 1, L_0x628d339a0f20, L_0x628d339a1050, C4<1>, C4<1>;
L_0x628d339a13d0 .functor AND 1, L_0x628d339a10f0, L_0x628d339a1290, C4<1>, C4<1>;
L_0x628d339a1580 .functor AND 1, L_0x628d339a13d0, L_0x628d339a14e0, C4<1>, C4<1>;
L_0x628d339a1730 .functor OR 1, L_0x628d339a0870, L_0x628d339a1580, C4<0>, C4<0>;
L_0x628d339a1c00 .functor AND 1, L_0x628d339a1330, L_0x628d339a1aa0, C4<1>, C4<1>;
L_0x628d339a1dc0 .functor OR 1, L_0x628d339a1840, L_0x628d339a1c00, C4<0>, C4<0>;
L_0x628d339a2040 .functor AND 1, L_0x628d339a1690, L_0x628d339a1ed0, C4<1>, C4<1>;
L_0x628d339a22b0 .functor AND 1, L_0x628d339a2040, L_0x628d339a2210, C4<1>, C4<1>;
L_0x628d339a23c0 .functor OR 1, L_0x628d339a1dc0, L_0x628d339a22b0, C4<0>, C4<0>;
L_0x628d339a27c0 .functor AND 1, L_0x628d339a25a0, L_0x628d339a2720, C4<1>, C4<1>;
L_0x628d339a2a60 .functor AND 1, L_0x628d339a27c0, L_0x628d339a28d0, C4<1>, C4<1>;
L_0x628d339a2cf0 .functor AND 1, L_0x628d339a2a60, L_0x628d339a2c50, C4<1>, C4<1>;
L_0x628d339a2e00 .functor OR 1, L_0x628d339a23c0, L_0x628d339a2cf0, C4<0>, C4<0>;
L_0x628d339a3240 .functor AND 1, L_0x628d339a3000, L_0x628d339a31a0, C4<1>, C4<1>;
L_0x628d339a3500 .functor AND 1, L_0x628d339a3240, L_0x628d339a3350, C4<1>, C4<1>;
L_0x628d339a37b0 .functor AND 1, L_0x628d339a3500, L_0x628d339a3710, C4<1>, C4<1>;
L_0x628d339a3a80 .functor AND 1, L_0x628d339a37b0, L_0x628d339a38c0, C4<1>, C4<1>;
L_0x628d339a3c50 .functor OR 1, L_0x628d339a2e00, L_0x628d339a3a80, C4<0>, C4<0>;
L_0x628d339a3a00 .functor AND 1, L_0x628d339a3e00, L_0x628d339a3960, C4<1>, C4<1>;
L_0x628d339a4190 .functor OR 1, L_0x628d339a3d60, L_0x628d339a3a00, C4<0>, C4<0>;
L_0x628d339a4520 .functor AND 1, L_0x628d339a42a0, L_0x628d339a4480, C4<1>, C4<1>;
L_0x628d339a4110 .functor AND 1, L_0x628d339a4520, L_0x628d339a4070, C4<1>, C4<1>;
L_0x628d339a4950 .functor OR 1, L_0x628d339a4190, L_0x628d339a4110, C4<0>, C4<0>;
L_0x628d339a4e40 .functor AND 1, L_0x628d339a4ba0, L_0x628d339a4c40, C4<1>, C4<1>;
L_0x628d339a4ff0 .functor AND 1, L_0x628d339a4e40, L_0x628d339a4f50, C4<1>, C4<1>;
L_0x628d339a5460 .functor AND 1, L_0x628d339a4ff0, L_0x628d339a5250, C4<1>, C4<1>;
L_0x628d339a5570 .functor OR 1, L_0x628d339a4950, L_0x628d339a5460, C4<0>, C4<0>;
L_0x628d339a5aa0 .functor AND 1, L_0x628d339a57e0, L_0x628d339a5880, C4<1>, C4<1>;
L_0x628d339a5c50 .functor AND 1, L_0x628d339a5aa0, L_0x628d339a5bb0, C4<1>, C4<1>;
L_0x628d339a6100 .functor AND 1, L_0x628d339a5c50, L_0x628d339a5ed0, C4<1>, C4<1>;
L_0x628d339a64c0 .functor AND 1, L_0x628d339a6100, L_0x628d339a6210, C4<1>, C4<1>;
L_0x628d339a6750 .functor OR 1, L_0x628d339a5570, L_0x628d339a64c0, C4<0>, C4<0>;
L_0x628d339a6b40 .functor AND 1, L_0x628d339a6860, L_0x628d339a6aa0, C4<1>, C4<1>;
L_0x628d339a7030 .functor AND 1, L_0x628d339a6b40, L_0x628d339a6de0, C4<1>, C4<1>;
L_0x628d339a71e0 .functor AND 1, L_0x628d339a7030, L_0x628d339a7140, C4<1>, C4<1>;
L_0x628d339a76f0 .functor AND 1, L_0x628d339a71e0, L_0x628d339a7490, C4<1>, C4<1>;
L_0x628d339a78a0 .functor AND 1, L_0x628d339a76f0, L_0x628d339a7800, C4<1>, C4<1>;
L_0x628d339a7b60 .functor OR 1, L_0x628d339a6750, L_0x628d339a78a0, C4<0>, C4<0>;
L_0x628d339a8200 .functor AND 1, L_0x628d339a7ee0, L_0x628d339a7f80, C4<1>, C4<1>;
L_0x628d339a84d0 .functor OR 1, L_0x628d339a7c70, L_0x628d339a8200, C4<0>, C4<0>;
L_0x628d339a8910 .functor AND 1, L_0x628d339a85e0, L_0x628d339a8680, C4<1>, C4<1>;
L_0x628d339a8c90 .functor AND 1, L_0x628d339a8910, L_0x628d339a8bf0, C4<1>, C4<1>;
L_0x628d339a8da0 .functor OR 1, L_0x628d339a84d0, L_0x628d339a8c90, C4<0>, C4<0>;
L_0x628d339a93d0 .functor AND 1, L_0x628d339a9090, L_0x628d339a9330, C4<1>, C4<1>;
L_0x628d339a9790 .functor AND 1, L_0x628d339a93d0, L_0x628d339a94e0, C4<1>, C4<1>;
L_0x628d339a9b30 .functor AND 1, L_0x628d339a9790, L_0x628d339a9a90, C4<1>, C4<1>;
L_0x628d339a9c40 .functor OR 1, L_0x628d339a8da0, L_0x628d339a9b30, C4<0>, C4<0>;
L_0x628d339aa2b0 .functor AND 1, L_0x628d339a9f50, L_0x628d339aa210, C4<1>, C4<1>;
L_0x628d339aa690 .functor AND 1, L_0x628d339aa2b0, L_0x628d339aa3c0, C4<1>, C4<1>;
L_0x628d339aaa50 .functor AND 1, L_0x628d339aa690, L_0x628d339aa9b0, C4<1>, C4<1>;
L_0x628d339aae40 .functor AND 1, L_0x628d339aaa50, L_0x628d339aab60, C4<1>, C4<1>;
L_0x628d339ab170 .functor OR 1, L_0x628d339a9c40, L_0x628d339aae40, C4<0>, C4<0>;
L_0x628d339ab610 .functor AND 1, L_0x628d339ab280, L_0x628d339ab320, C4<1>, C4<1>;
L_0x628d339ab9f0 .functor AND 1, L_0x628d339ab610, L_0x628d339ab950, C4<1>, C4<1>;
L_0x628d339abe00 .functor AND 1, L_0x628d339ab9f0, L_0x628d339abb00, C4<1>, C4<1>;
L_0x628d339ac1f0 .functor AND 1, L_0x628d339abe00, L_0x628d339ac150, C4<1>, C4<1>;
L_0x628d339ac610 .functor AND 1, L_0x628d339ac1f0, L_0x628d339ac300, C4<1>, C4<1>;
L_0x628d339ac970 .functor OR 1, L_0x628d339ab170, L_0x628d339ac610, C4<0>, C4<0>;
L_0x628d339ace40 .functor AND 1, L_0x628d339aca80, L_0x628d339acb20, C4<1>, C4<1>;
L_0x628d339ad250 .functor AND 1, L_0x628d339ace40, L_0x628d339ad1b0, C4<1>, C4<1>;
L_0x628d339ad690 .functor AND 1, L_0x628d339ad250, L_0x628d339ad360, C4<1>, C4<1>;
L_0x628d339adab0 .functor AND 1, L_0x628d339ad690, L_0x628d339ada10, C4<1>, C4<1>;
L_0x628d339adf00 .functor AND 1, L_0x628d339adab0, L_0x628d339adbc0, C4<1>, C4<1>;
L_0x628d339ae330 .functor AND 1, L_0x628d339adf00, L_0x628d339ae290, C4<1>, C4<1>;
L_0x628d339ae440 .functor OR 1, L_0x628d339ac970, L_0x628d339ae330, C4<0>, C4<0>;
L_0x628d339aef30 .functor AND 1, L_0x628d339aeb30, L_0x628d339aebd0, C4<1>, C4<1>;
L_0x628d339af040 .functor OR 1, L_0x628d339ae7e0, L_0x628d339aef30, C4<0>, C4<0>;
L_0x628d339af800 .functor AND 1, L_0x628d339af3f0, L_0x628d339af490, C4<1>, C4<1>;
L_0x628d339af9b0 .functor AND 1, L_0x628d339af800, L_0x628d339af910, C4<1>, C4<1>;
L_0x628d339afd70 .functor OR 1, L_0x628d339af040, L_0x628d339af9b0, C4<0>, C4<0>;
L_0x628d339b02a0 .functor AND 1, L_0x628d339afe80, L_0x628d339b0200, C4<1>, C4<1>;
L_0x628d339b0a00 .functor AND 1, L_0x628d339b02a0, L_0x628d339b0670, C4<1>, C4<1>;
L_0x628d339b0bb0 .functor AND 1, L_0x628d339b0a00, L_0x628d339b0b10, C4<1>, C4<1>;
L_0x628d339b0f90 .functor OR 1, L_0x628d339afd70, L_0x628d339b0bb0, C4<0>, C4<0>;
L_0x628d339b1cf0 .functor AND 1, L_0x628d339b10a0, L_0x628d339b1c50, C4<1>, C4<1>;
L_0x628d339b2490 .functor AND 1, L_0x628d339b1cf0, L_0x628d339b20e0, C4<1>, C4<1>;
L_0x628d339b2640 .functor AND 1, L_0x628d339b2490, L_0x628d339b25a0, C4<1>, C4<1>;
L_0x628d339b2e00 .functor AND 1, L_0x628d339b2640, L_0x628d339b2a40, C4<1>, C4<1>;
L_0x628d339b2f10 .functor OR 1, L_0x628d339b0f90, L_0x628d339b2e00, C4<0>, C4<0>;
L_0x628d339b3790 .functor AND 1, L_0x628d339b3320, L_0x628d339b33c0, C4<1>, C4<1>;
L_0x628d339b3940 .functor AND 1, L_0x628d339b3790, L_0x628d339b38a0, C4<1>, C4<1>;
L_0x628d339b4140 .functor AND 1, L_0x628d339b3940, L_0x628d339b3d60, C4<1>, C4<1>;
L_0x628d339b42f0 .functor AND 1, L_0x628d339b4140, L_0x628d339b4250, C4<1>, C4<1>;
L_0x628d339b4b10 .functor AND 1, L_0x628d339b42f0, L_0x628d339b4720, C4<1>, C4<1>;
L_0x628d339b4c20 .functor OR 1, L_0x628d339b2f10, L_0x628d339b4b10, C4<0>, C4<0>;
L_0x628d339b5500 .functor AND 1, L_0x628d339b5060, L_0x628d339b5100, C4<1>, C4<1>;
L_0x628d339b56b0 .functor AND 1, L_0x628d339b5500, L_0x628d339b5610, C4<1>, C4<1>;
L_0x628d339b5f10 .functor AND 1, L_0x628d339b56b0, L_0x628d339b5b00, C4<1>, C4<1>;
L_0x628d339b60c0 .functor AND 1, L_0x628d339b5f10, L_0x628d339b6020, C4<1>, C4<1>;
L_0x628d339b6940 .functor AND 1, L_0x628d339b60c0, L_0x628d339b6520, C4<1>, C4<1>;
L_0x628d339b6af0 .functor AND 1, L_0x628d339b6940, L_0x628d339b6a50, C4<1>, C4<1>;
L_0x628d339b6f60 .functor OR 1, L_0x628d339b4c20, L_0x628d339b6af0, C4<0>, C4<0>;
L_0x628d339b7540 .functor AND 1, L_0x628d339b7070, L_0x628d339b74a0, C4<1>, C4<1>;
L_0x628d339b7e00 .functor AND 1, L_0x628d339b7540, L_0x628d339b79c0, C4<1>, C4<1>;
L_0x628d339b7fb0 .functor AND 1, L_0x628d339b7e00, L_0x628d339b7f10, C4<1>, C4<1>;
L_0x628d339b8890 .functor AND 1, L_0x628d339b7fb0, L_0x628d339b8440, C4<1>, C4<1>;
L_0x628d339b8a40 .functor AND 1, L_0x628d339b8890, L_0x628d339b89a0, C4<1>, C4<1>;
L_0x628d339b9340 .functor AND 1, L_0x628d339b8a40, L_0x628d339b8ee0, C4<1>, C4<1>;
L_0x628d339b94f0 .functor AND 1, L_0x628d339b9340, L_0x628d339b9450, C4<1>, C4<1>;
L_0x628d339b99a0 .functor OR 1, L_0x628d339b6f60, L_0x628d339b94f0, C4<0>, C4<0>;
L_0x628d339ba760 .functor AND 1, L_0x628d339ba240, L_0x628d339ba6c0, C4<1>, C4<1>;
L_0x628d339bac20 .functor OR 1, L_0x628d339ba1a0, L_0x628d339ba760, C4<0>, C4<0>;
L_0x628d339bb260 .functor AND 1, L_0x628d339bad30, L_0x628d339bb1c0, C4<1>, C4<1>;
L_0x628d339bbbd0 .functor AND 1, L_0x628d339bb260, L_0x628d339bb730, C4<1>, C4<1>;
L_0x628d339bbce0 .functor OR 1, L_0x628d339bac20, L_0x628d339bbbd0, C4<0>, C4<0>;
L_0x628d339bc710 .functor AND 1, L_0x628d339bc1c0, L_0x628d339bc260, C4<1>, C4<1>;
L_0x628d339bc8c0 .functor AND 1, L_0x628d339bc710, L_0x628d339bc820, C4<1>, C4<1>;
L_0x628d339bd270 .functor AND 1, L_0x628d339bc8c0, L_0x628d339bcdb0, C4<1>, C4<1>;
L_0x628d339bd380 .functor OR 1, L_0x628d339bbce0, L_0x628d339bd270, C4<0>, C4<0>;
L_0x628d339bce50 .functor AND 1, L_0x628d339bd880, L_0x628d339bd920, C4<1>, C4<1>;
L_0x628d339bd000 .functor AND 1, L_0x628d339bce50, L_0x628d339bcf60, C4<1>, C4<1>;
L_0x628d339bd1b0 .functor AND 1, L_0x628d339bd000, L_0x628d339bd110, C4<1>, C4<1>;
L_0x628d339bdab0 .functor AND 1, L_0x628d339bd1b0, L_0x628d339bda10, C4<1>, C4<1>;
L_0x628d339bdbc0 .functor OR 1, L_0x628d339bd380, L_0x628d339bdab0, C4<0>, C4<0>;
L_0x628d339be290 .functor AND 1, L_0x628d339bdcd0, L_0x628d339be1f0, C4<1>, C4<1>;
L_0x628d339bdd70 .functor AND 1, L_0x628d339be290, L_0x628d339be3a0, C4<1>, C4<1>;
L_0x628d339be580 .functor AND 1, L_0x628d339bdd70, L_0x628d339be4e0, C4<1>, C4<1>;
L_0x628d339beff0 .functor AND 1, L_0x628d339be580, L_0x628d339beae0, C4<1>, C4<1>;
L_0x628d339bf1a0 .functor AND 1, L_0x628d339beff0, L_0x628d339bf100, C4<1>, C4<1>;
L_0x628d339bf2b0 .functor OR 1, L_0x628d339bdbc0, L_0x628d339bf1a0, C4<0>, C4<0>;
L_0x628d339bf500 .functor AND 1, L_0x628d339bf3c0, L_0x628d339bf460, C4<1>, C4<1>;
L_0x628d339bf6b0 .functor AND 1, L_0x628d339bf500, L_0x628d339bf610, C4<1>, C4<1>;
L_0x628d339bf860 .functor AND 1, L_0x628d339bf6b0, L_0x628d339bf7c0, C4<1>, C4<1>;
L_0x628d339bfa10 .functor AND 1, L_0x628d339bf860, L_0x628d339bf970, C4<1>, C4<1>;
L_0x628d339c0090 .functor AND 1, L_0x628d339bfa10, L_0x628d339bfff0, C4<1>, C4<1>;
L_0x628d339bfb20 .functor AND 1, L_0x628d339c0090, L_0x628d339c01a0, C4<1>, C4<1>;
L_0x628d339bfc30 .functor OR 1, L_0x628d339bf2b0, L_0x628d339bfb20, C4<0>, C4<0>;
L_0x628d339bfe80 .functor AND 1, L_0x628d339bfd40, L_0x628d339bfde0, C4<1>, C4<1>;
L_0x628d339bec20 .functor AND 1, L_0x628d339bfe80, L_0x628d339beb80, C4<1>, C4<1>;
L_0x628d339bedd0 .functor AND 1, L_0x628d339bec20, L_0x628d339bed30, C4<1>, C4<1>;
L_0x628d339bef80 .functor AND 1, L_0x628d339bedd0, L_0x628d339beee0, C4<1>, C4<1>;
L_0x628d339c07c0 .functor AND 1, L_0x628d339bef80, L_0x628d339c0720, C4<1>, C4<1>;
L_0x628d339c0970 .functor AND 1, L_0x628d339c07c0, L_0x628d339c08d0, C4<1>, C4<1>;
L_0x628d339c02e0 .functor AND 1, L_0x628d339c0970, L_0x628d339c0240, C4<1>, C4<1>;
L_0x628d339c03f0 .functor OR 1, L_0x628d339bfc30, L_0x628d339c02e0, C4<0>, C4<0>;
L_0x628d339c0640 .functor AND 1, L_0x628d339c0500, L_0x628d339c05a0, C4<1>, C4<1>;
L_0x628d339c1080 .functor AND 1, L_0x628d339c0640, L_0x628d339c0fe0, C4<1>, C4<1>;
L_0x628d339c1230 .functor AND 1, L_0x628d339c1080, L_0x628d339c1190, C4<1>, C4<1>;
L_0x628d339c13e0 .functor AND 1, L_0x628d339c1230, L_0x628d339c1340, C4<1>, C4<1>;
L_0x628d339c0b20 .functor AND 1, L_0x628d339c13e0, L_0x628d339c0a80, C4<1>, C4<1>;
L_0x628d339c0cd0 .functor AND 1, L_0x628d339c0b20, L_0x628d339c0c30, C4<1>, C4<1>;
L_0x628d339c0e80 .functor AND 1, L_0x628d339c0cd0, L_0x628d339c0de0, C4<1>, C4<1>;
L_0x628d339c1ad0 .functor AND 1, L_0x628d339c0e80, L_0x628d339c1a30, C4<1>, C4<1>;
L_0x628d339c1be0 .functor OR 1, L_0x628d339c03f0, L_0x628d339c1ad0, C4<0>, C4<0>;
L_0x628d339c1de0 .functor XOR 8, L_0x628d3399f3f0, L_0x628d339c1d40, C4<00000000>, C4<00000000>;
v0x628d3397f8c0_0 .net *"_ivl_100", 0 0, L_0x628d339a2040;  1 drivers
v0x628d3397f9a0_0 .net *"_ivl_103", 0 0, L_0x628d339a2210;  1 drivers
v0x628d3397fa80_0 .net *"_ivl_104", 0 0, L_0x628d339a22b0;  1 drivers
v0x628d3397fb40_0 .net *"_ivl_106", 0 0, L_0x628d339a23c0;  1 drivers
v0x628d3397fc20_0 .net *"_ivl_109", 0 0, L_0x628d339a25a0;  1 drivers
v0x628d3397fd50_0 .net *"_ivl_11", 0 0, L_0x628d3399f4d0;  1 drivers
v0x628d3397fe30_0 .net *"_ivl_111", 0 0, L_0x628d339a2720;  1 drivers
v0x628d3397ff10_0 .net *"_ivl_112", 0 0, L_0x628d339a27c0;  1 drivers
v0x628d3397fff0_0 .net *"_ivl_115", 0 0, L_0x628d339a28d0;  1 drivers
v0x628d339800d0_0 .net *"_ivl_116", 0 0, L_0x628d339a2a60;  1 drivers
v0x628d339801b0_0 .net *"_ivl_119", 0 0, L_0x628d339a2c50;  1 drivers
v0x628d33980290_0 .net *"_ivl_120", 0 0, L_0x628d339a2cf0;  1 drivers
v0x628d33980370_0 .net *"_ivl_122", 0 0, L_0x628d339a2e00;  1 drivers
v0x628d33980450_0 .net *"_ivl_125", 0 0, L_0x628d339a3000;  1 drivers
v0x628d33980530_0 .net *"_ivl_127", 0 0, L_0x628d339a31a0;  1 drivers
v0x628d33980610_0 .net *"_ivl_128", 0 0, L_0x628d339a3240;  1 drivers
v0x628d339806f0_0 .net *"_ivl_13", 0 0, L_0x628d3399f5c0;  1 drivers
v0x628d339807d0_0 .net *"_ivl_131", 0 0, L_0x628d339a3350;  1 drivers
v0x628d339808b0_0 .net *"_ivl_132", 0 0, L_0x628d339a3500;  1 drivers
v0x628d33980990_0 .net *"_ivl_135", 0 0, L_0x628d339a3710;  1 drivers
v0x628d33980a70_0 .net *"_ivl_136", 0 0, L_0x628d339a37b0;  1 drivers
v0x628d33980b50_0 .net *"_ivl_139", 0 0, L_0x628d339a38c0;  1 drivers
v0x628d33980c30_0 .net *"_ivl_140", 0 0, L_0x628d339a3a80;  1 drivers
v0x628d33980d10_0 .net *"_ivl_142", 0 0, L_0x628d339a3c50;  1 drivers
v0x628d33980df0_0 .net *"_ivl_147", 0 0, L_0x628d339a3d60;  1 drivers
v0x628d33980ed0_0 .net *"_ivl_149", 0 0, L_0x628d339a3e00;  1 drivers
v0x628d33980fb0_0 .net *"_ivl_15", 0 0, L_0x628d3399f6b0;  1 drivers
v0x628d33981090_0 .net *"_ivl_151", 0 0, L_0x628d339a3960;  1 drivers
v0x628d33981170_0 .net *"_ivl_152", 0 0, L_0x628d339a3a00;  1 drivers
v0x628d33981250_0 .net *"_ivl_154", 0 0, L_0x628d339a4190;  1 drivers
v0x628d33981330_0 .net *"_ivl_157", 0 0, L_0x628d339a42a0;  1 drivers
v0x628d33981410_0 .net *"_ivl_159", 0 0, L_0x628d339a4480;  1 drivers
v0x628d339814f0_0 .net *"_ivl_16", 0 0, L_0x628d3399f750;  1 drivers
v0x628d339815d0_0 .net *"_ivl_160", 0 0, L_0x628d339a4520;  1 drivers
v0x628d339816b0_0 .net *"_ivl_163", 0 0, L_0x628d339a4070;  1 drivers
v0x628d33981790_0 .net *"_ivl_164", 0 0, L_0x628d339a4110;  1 drivers
v0x628d33981870_0 .net *"_ivl_166", 0 0, L_0x628d339a4950;  1 drivers
v0x628d33981950_0 .net *"_ivl_169", 0 0, L_0x628d339a4ba0;  1 drivers
v0x628d33981a30_0 .net *"_ivl_171", 0 0, L_0x628d339a4c40;  1 drivers
v0x628d33981b10_0 .net *"_ivl_172", 0 0, L_0x628d339a4e40;  1 drivers
v0x628d33981bf0_0 .net *"_ivl_175", 0 0, L_0x628d339a4f50;  1 drivers
v0x628d33981cd0_0 .net *"_ivl_176", 0 0, L_0x628d339a4ff0;  1 drivers
v0x628d33981db0_0 .net *"_ivl_179", 0 0, L_0x628d339a5250;  1 drivers
v0x628d33981e90_0 .net *"_ivl_18", 0 0, L_0x628d3399f860;  1 drivers
v0x628d33981f70_0 .net *"_ivl_180", 0 0, L_0x628d339a5460;  1 drivers
v0x628d33982050_0 .net *"_ivl_182", 0 0, L_0x628d339a5570;  1 drivers
v0x628d33982130_0 .net *"_ivl_185", 0 0, L_0x628d339a57e0;  1 drivers
v0x628d33982210_0 .net *"_ivl_187", 0 0, L_0x628d339a5880;  1 drivers
v0x628d339822f0_0 .net *"_ivl_188", 0 0, L_0x628d339a5aa0;  1 drivers
v0x628d339823d0_0 .net *"_ivl_191", 0 0, L_0x628d339a5bb0;  1 drivers
v0x628d339824b0_0 .net *"_ivl_192", 0 0, L_0x628d339a5c50;  1 drivers
v0x628d33982590_0 .net *"_ivl_195", 0 0, L_0x628d339a5ed0;  1 drivers
v0x628d33982670_0 .net *"_ivl_196", 0 0, L_0x628d339a6100;  1 drivers
v0x628d33982750_0 .net *"_ivl_199", 0 0, L_0x628d339a6210;  1 drivers
v0x628d33982830_0 .net *"_ivl_200", 0 0, L_0x628d339a64c0;  1 drivers
v0x628d33982910_0 .net *"_ivl_202", 0 0, L_0x628d339a6750;  1 drivers
v0x628d339829f0_0 .net *"_ivl_205", 0 0, L_0x628d339a6860;  1 drivers
v0x628d33982ad0_0 .net *"_ivl_207", 0 0, L_0x628d339a6aa0;  1 drivers
v0x628d33982bb0_0 .net *"_ivl_208", 0 0, L_0x628d339a6b40;  1 drivers
v0x628d33982c90_0 .net *"_ivl_211", 0 0, L_0x628d339a6de0;  1 drivers
v0x628d33982d70_0 .net *"_ivl_212", 0 0, L_0x628d339a7030;  1 drivers
v0x628d33982e50_0 .net *"_ivl_215", 0 0, L_0x628d339a7140;  1 drivers
v0x628d33982f30_0 .net *"_ivl_216", 0 0, L_0x628d339a71e0;  1 drivers
v0x628d33983010_0 .net *"_ivl_219", 0 0, L_0x628d339a7490;  1 drivers
v0x628d339830f0_0 .net *"_ivl_220", 0 0, L_0x628d339a76f0;  1 drivers
v0x628d339835e0_0 .net *"_ivl_223", 0 0, L_0x628d339a7800;  1 drivers
v0x628d339836c0_0 .net *"_ivl_224", 0 0, L_0x628d339a78a0;  1 drivers
v0x628d339837a0_0 .net *"_ivl_226", 0 0, L_0x628d339a7b60;  1 drivers
v0x628d33983880_0 .net *"_ivl_23", 0 0, L_0x628d3399f970;  1 drivers
v0x628d33983960_0 .net *"_ivl_231", 0 0, L_0x628d339a7c70;  1 drivers
v0x628d33983a40_0 .net *"_ivl_233", 0 0, L_0x628d339a7ee0;  1 drivers
v0x628d33983b20_0 .net *"_ivl_235", 0 0, L_0x628d339a7f80;  1 drivers
v0x628d33983c00_0 .net *"_ivl_236", 0 0, L_0x628d339a8200;  1 drivers
v0x628d33983ce0_0 .net *"_ivl_238", 0 0, L_0x628d339a84d0;  1 drivers
v0x628d33983dc0_0 .net *"_ivl_241", 0 0, L_0x628d339a85e0;  1 drivers
v0x628d33983ea0_0 .net *"_ivl_243", 0 0, L_0x628d339a8680;  1 drivers
v0x628d33983f80_0 .net *"_ivl_244", 0 0, L_0x628d339a8910;  1 drivers
v0x628d33984060_0 .net *"_ivl_247", 0 0, L_0x628d339a8bf0;  1 drivers
v0x628d33984140_0 .net *"_ivl_248", 0 0, L_0x628d339a8c90;  1 drivers
v0x628d33984220_0 .net *"_ivl_25", 0 0, L_0x628d3399fa10;  1 drivers
v0x628d33984300_0 .net *"_ivl_250", 0 0, L_0x628d339a8da0;  1 drivers
v0x628d339843e0_0 .net *"_ivl_253", 0 0, L_0x628d339a9090;  1 drivers
v0x628d339844c0_0 .net *"_ivl_255", 0 0, L_0x628d339a9330;  1 drivers
v0x628d339845a0_0 .net *"_ivl_256", 0 0, L_0x628d339a93d0;  1 drivers
v0x628d33984680_0 .net *"_ivl_259", 0 0, L_0x628d339a94e0;  1 drivers
v0x628d33984760_0 .net *"_ivl_260", 0 0, L_0x628d339a9790;  1 drivers
v0x628d33984840_0 .net *"_ivl_263", 0 0, L_0x628d339a9a90;  1 drivers
v0x628d33984920_0 .net *"_ivl_264", 0 0, L_0x628d339a9b30;  1 drivers
v0x628d33984a00_0 .net *"_ivl_266", 0 0, L_0x628d339a9c40;  1 drivers
v0x628d33984ae0_0 .net *"_ivl_269", 0 0, L_0x628d339a9f50;  1 drivers
v0x628d33984bc0_0 .net *"_ivl_27", 0 0, L_0x628d3399fab0;  1 drivers
v0x628d33984ca0_0 .net *"_ivl_271", 0 0, L_0x628d339aa210;  1 drivers
v0x628d33984d80_0 .net *"_ivl_272", 0 0, L_0x628d339aa2b0;  1 drivers
v0x628d33984e60_0 .net *"_ivl_275", 0 0, L_0x628d339aa3c0;  1 drivers
v0x628d33984f40_0 .net *"_ivl_276", 0 0, L_0x628d339aa690;  1 drivers
v0x628d33985020_0 .net *"_ivl_279", 0 0, L_0x628d339aa9b0;  1 drivers
v0x628d33985100_0 .net *"_ivl_28", 0 0, L_0x628d3399fb90;  1 drivers
v0x628d339851e0_0 .net *"_ivl_280", 0 0, L_0x628d339aaa50;  1 drivers
v0x628d339852c0_0 .net *"_ivl_283", 0 0, L_0x628d339aab60;  1 drivers
v0x628d339853a0_0 .net *"_ivl_284", 0 0, L_0x628d339aae40;  1 drivers
v0x628d33985480_0 .net *"_ivl_286", 0 0, L_0x628d339ab170;  1 drivers
v0x628d33985560_0 .net *"_ivl_289", 0 0, L_0x628d339ab280;  1 drivers
v0x628d33985640_0 .net *"_ivl_291", 0 0, L_0x628d339ab320;  1 drivers
v0x628d33985720_0 .net *"_ivl_292", 0 0, L_0x628d339ab610;  1 drivers
v0x628d33985800_0 .net *"_ivl_295", 0 0, L_0x628d339ab950;  1 drivers
v0x628d339858e0_0 .net *"_ivl_296", 0 0, L_0x628d339ab9f0;  1 drivers
v0x628d339859c0_0 .net *"_ivl_299", 0 0, L_0x628d339abb00;  1 drivers
v0x628d33985aa0_0 .net *"_ivl_30", 0 0, L_0x628d3399fc90;  1 drivers
v0x628d33985b80_0 .net *"_ivl_300", 0 0, L_0x628d339abe00;  1 drivers
v0x628d33985c60_0 .net *"_ivl_303", 0 0, L_0x628d339ac150;  1 drivers
v0x628d33985d40_0 .net *"_ivl_304", 0 0, L_0x628d339ac1f0;  1 drivers
v0x628d33985e20_0 .net *"_ivl_307", 0 0, L_0x628d339ac300;  1 drivers
v0x628d33985f00_0 .net *"_ivl_308", 0 0, L_0x628d339ac610;  1 drivers
v0x628d33985fe0_0 .net *"_ivl_310", 0 0, L_0x628d339ac970;  1 drivers
v0x628d339860c0_0 .net *"_ivl_313", 0 0, L_0x628d339aca80;  1 drivers
v0x628d339861a0_0 .net *"_ivl_315", 0 0, L_0x628d339acb20;  1 drivers
v0x628d33986280_0 .net *"_ivl_316", 0 0, L_0x628d339ace40;  1 drivers
v0x628d33986360_0 .net *"_ivl_319", 0 0, L_0x628d339ad1b0;  1 drivers
v0x628d33986440_0 .net *"_ivl_320", 0 0, L_0x628d339ad250;  1 drivers
v0x628d33986520_0 .net *"_ivl_323", 0 0, L_0x628d339ad360;  1 drivers
v0x628d33986600_0 .net *"_ivl_324", 0 0, L_0x628d339ad690;  1 drivers
v0x628d339866e0_0 .net *"_ivl_327", 0 0, L_0x628d339ada10;  1 drivers
v0x628d339867c0_0 .net *"_ivl_328", 0 0, L_0x628d339adab0;  1 drivers
v0x628d339868a0_0 .net *"_ivl_33", 0 0, L_0x628d3399fda0;  1 drivers
v0x628d33986980_0 .net *"_ivl_331", 0 0, L_0x628d339adbc0;  1 drivers
v0x628d33986a60_0 .net *"_ivl_332", 0 0, L_0x628d339adf00;  1 drivers
v0x628d33986b40_0 .net *"_ivl_335", 0 0, L_0x628d339ae290;  1 drivers
v0x628d33986c20_0 .net *"_ivl_336", 0 0, L_0x628d339ae330;  1 drivers
v0x628d33986d00_0 .net *"_ivl_338", 0 0, L_0x628d339ae440;  1 drivers
v0x628d339875f0_0 .net *"_ivl_343", 0 0, L_0x628d339ae7e0;  1 drivers
v0x628d339876d0_0 .net *"_ivl_345", 0 0, L_0x628d339aeb30;  1 drivers
v0x628d339877b0_0 .net *"_ivl_347", 0 0, L_0x628d339aebd0;  1 drivers
v0x628d33987890_0 .net *"_ivl_348", 0 0, L_0x628d339aef30;  1 drivers
v0x628d33987970_0 .net *"_ivl_35", 0 0, L_0x628d3399fed0;  1 drivers
v0x628d33987a50_0 .net *"_ivl_350", 0 0, L_0x628d339af040;  1 drivers
v0x628d33987b30_0 .net *"_ivl_353", 0 0, L_0x628d339af3f0;  1 drivers
v0x628d33987c10_0 .net *"_ivl_355", 0 0, L_0x628d339af490;  1 drivers
v0x628d33987cf0_0 .net *"_ivl_356", 0 0, L_0x628d339af800;  1 drivers
v0x628d33987dd0_0 .net *"_ivl_359", 0 0, L_0x628d339af910;  1 drivers
v0x628d33987eb0_0 .net *"_ivl_36", 0 0, L_0x628d3399ffc0;  1 drivers
v0x628d33987f90_0 .net *"_ivl_360", 0 0, L_0x628d339af9b0;  1 drivers
v0x628d33988070_0 .net *"_ivl_362", 0 0, L_0x628d339afd70;  1 drivers
v0x628d33988150_0 .net *"_ivl_365", 0 0, L_0x628d339afe80;  1 drivers
v0x628d33988230_0 .net *"_ivl_367", 0 0, L_0x628d339b0200;  1 drivers
v0x628d33988310_0 .net *"_ivl_368", 0 0, L_0x628d339b02a0;  1 drivers
v0x628d339883f0_0 .net *"_ivl_371", 0 0, L_0x628d339b0670;  1 drivers
v0x628d339884d0_0 .net *"_ivl_372", 0 0, L_0x628d339b0a00;  1 drivers
v0x628d339885b0_0 .net *"_ivl_375", 0 0, L_0x628d339b0b10;  1 drivers
v0x628d33988690_0 .net *"_ivl_376", 0 0, L_0x628d339b0bb0;  1 drivers
v0x628d33988770_0 .net *"_ivl_378", 0 0, L_0x628d339b0f90;  1 drivers
v0x628d33988850_0 .net *"_ivl_381", 0 0, L_0x628d339b10a0;  1 drivers
v0x628d33988930_0 .net *"_ivl_383", 0 0, L_0x628d339b1c50;  1 drivers
v0x628d33988a10_0 .net *"_ivl_384", 0 0, L_0x628d339b1cf0;  1 drivers
v0x628d33988af0_0 .net *"_ivl_387", 0 0, L_0x628d339b20e0;  1 drivers
v0x628d33988bd0_0 .net *"_ivl_388", 0 0, L_0x628d339b2490;  1 drivers
v0x628d33988cb0_0 .net *"_ivl_39", 0 0, L_0x628d339a00d0;  1 drivers
v0x628d33988d90_0 .net *"_ivl_391", 0 0, L_0x628d339b25a0;  1 drivers
v0x628d33988e70_0 .net *"_ivl_392", 0 0, L_0x628d339b2640;  1 drivers
v0x628d33988f50_0 .net *"_ivl_395", 0 0, L_0x628d339b2a40;  1 drivers
v0x628d33989030_0 .net *"_ivl_396", 0 0, L_0x628d339b2e00;  1 drivers
v0x628d33989110_0 .net *"_ivl_398", 0 0, L_0x628d339b2f10;  1 drivers
v0x628d339891f0_0 .net *"_ivl_40", 0 0, L_0x628d339a01c0;  1 drivers
v0x628d339892d0_0 .net *"_ivl_401", 0 0, L_0x628d339b3320;  1 drivers
v0x628d339893b0_0 .net *"_ivl_403", 0 0, L_0x628d339b33c0;  1 drivers
v0x628d33989490_0 .net *"_ivl_404", 0 0, L_0x628d339b3790;  1 drivers
v0x628d33989570_0 .net *"_ivl_407", 0 0, L_0x628d339b38a0;  1 drivers
v0x628d33989650_0 .net *"_ivl_408", 0 0, L_0x628d339b3940;  1 drivers
v0x628d33989730_0 .net *"_ivl_411", 0 0, L_0x628d339b3d60;  1 drivers
v0x628d33989810_0 .net *"_ivl_412", 0 0, L_0x628d339b4140;  1 drivers
v0x628d339898f0_0 .net *"_ivl_415", 0 0, L_0x628d339b4250;  1 drivers
v0x628d339899d0_0 .net *"_ivl_416", 0 0, L_0x628d339b42f0;  1 drivers
v0x628d33989ab0_0 .net *"_ivl_419", 0 0, L_0x628d339b4720;  1 drivers
v0x628d33989b90_0 .net *"_ivl_42", 0 0, L_0x628d339a02d0;  1 drivers
v0x628d33989c70_0 .net *"_ivl_420", 0 0, L_0x628d339b4b10;  1 drivers
v0x628d33989d50_0 .net *"_ivl_422", 0 0, L_0x628d339b4c20;  1 drivers
v0x628d33989e30_0 .net *"_ivl_425", 0 0, L_0x628d339b5060;  1 drivers
v0x628d33989f10_0 .net *"_ivl_427", 0 0, L_0x628d339b5100;  1 drivers
v0x628d33989ff0_0 .net *"_ivl_428", 0 0, L_0x628d339b5500;  1 drivers
v0x628d3398a0d0_0 .net *"_ivl_431", 0 0, L_0x628d339b5610;  1 drivers
v0x628d3398a1b0_0 .net *"_ivl_432", 0 0, L_0x628d339b56b0;  1 drivers
v0x628d3398a290_0 .net *"_ivl_435", 0 0, L_0x628d339b5b00;  1 drivers
v0x628d3398a370_0 .net *"_ivl_436", 0 0, L_0x628d339b5f10;  1 drivers
v0x628d3398a450_0 .net *"_ivl_439", 0 0, L_0x628d339b6020;  1 drivers
v0x628d3398a530_0 .net *"_ivl_440", 0 0, L_0x628d339b60c0;  1 drivers
v0x628d3398a610_0 .net *"_ivl_443", 0 0, L_0x628d339b6520;  1 drivers
v0x628d3398a6f0_0 .net *"_ivl_444", 0 0, L_0x628d339b6940;  1 drivers
v0x628d3398a7d0_0 .net *"_ivl_447", 0 0, L_0x628d339b6a50;  1 drivers
v0x628d3398a8b0_0 .net *"_ivl_448", 0 0, L_0x628d339b6af0;  1 drivers
v0x628d3398a990_0 .net *"_ivl_450", 0 0, L_0x628d339b6f60;  1 drivers
v0x628d3398aa70_0 .net *"_ivl_453", 0 0, L_0x628d339b7070;  1 drivers
v0x628d3398ab50_0 .net *"_ivl_455", 0 0, L_0x628d339b74a0;  1 drivers
v0x628d3398ac30_0 .net *"_ivl_456", 0 0, L_0x628d339b7540;  1 drivers
v0x628d3398ad10_0 .net *"_ivl_459", 0 0, L_0x628d339b79c0;  1 drivers
v0x628d3398adf0_0 .net *"_ivl_460", 0 0, L_0x628d339b7e00;  1 drivers
v0x628d3398aed0_0 .net *"_ivl_463", 0 0, L_0x628d339b7f10;  1 drivers
v0x628d3398afb0_0 .net *"_ivl_464", 0 0, L_0x628d339b7fb0;  1 drivers
v0x628d3398b090_0 .net *"_ivl_467", 0 0, L_0x628d339b8440;  1 drivers
v0x628d3398b170_0 .net *"_ivl_468", 0 0, L_0x628d339b8890;  1 drivers
v0x628d3398b250_0 .net *"_ivl_47", 0 0, L_0x628d339a0440;  1 drivers
v0x628d3398b330_0 .net *"_ivl_471", 0 0, L_0x628d339b89a0;  1 drivers
v0x628d3398b410_0 .net *"_ivl_472", 0 0, L_0x628d339b8a40;  1 drivers
v0x628d3398b4f0_0 .net *"_ivl_475", 0 0, L_0x628d339b8ee0;  1 drivers
v0x628d3398b5d0_0 .net *"_ivl_476", 0 0, L_0x628d339b9340;  1 drivers
v0x628d3398b6b0_0 .net *"_ivl_479", 0 0, L_0x628d339b9450;  1 drivers
v0x628d3398b790_0 .net *"_ivl_480", 0 0, L_0x628d339b94f0;  1 drivers
v0x628d3398b870_0 .net *"_ivl_482", 0 0, L_0x628d339b99a0;  1 drivers
v0x628d3398b950_0 .net *"_ivl_488", 0 0, L_0x628d339ba1a0;  1 drivers
v0x628d3398ba30_0 .net *"_ivl_49", 0 0, L_0x628d339a0540;  1 drivers
v0x628d3398bb10_0 .net *"_ivl_490", 0 0, L_0x628d339ba240;  1 drivers
v0x628d3398bbf0_0 .net *"_ivl_492", 0 0, L_0x628d339ba6c0;  1 drivers
v0x628d3398bcd0_0 .net *"_ivl_493", 0 0, L_0x628d339ba760;  1 drivers
v0x628d3398bdb0_0 .net *"_ivl_495", 0 0, L_0x628d339bac20;  1 drivers
v0x628d3398be90_0 .net *"_ivl_498", 0 0, L_0x628d339bad30;  1 drivers
v0x628d3398bf70_0 .net *"_ivl_500", 0 0, L_0x628d339bb1c0;  1 drivers
v0x628d3398c050_0 .net *"_ivl_501", 0 0, L_0x628d339bb260;  1 drivers
v0x628d3398c130_0 .net *"_ivl_504", 0 0, L_0x628d339bb730;  1 drivers
v0x628d3398c210_0 .net *"_ivl_505", 0 0, L_0x628d339bbbd0;  1 drivers
v0x628d3398c2f0_0 .net *"_ivl_507", 0 0, L_0x628d339bbce0;  1 drivers
v0x628d3398c3d0_0 .net *"_ivl_51", 0 0, L_0x628d339a05e0;  1 drivers
v0x628d3398c4b0_0 .net *"_ivl_510", 0 0, L_0x628d339bc1c0;  1 drivers
v0x628d3398c590_0 .net *"_ivl_512", 0 0, L_0x628d339bc260;  1 drivers
v0x628d3398c670_0 .net *"_ivl_513", 0 0, L_0x628d339bc710;  1 drivers
v0x628d3398c750_0 .net *"_ivl_516", 0 0, L_0x628d339bc820;  1 drivers
v0x628d3398c830_0 .net *"_ivl_517", 0 0, L_0x628d339bc8c0;  1 drivers
v0x628d3398c910_0 .net *"_ivl_52", 0 0, L_0x628d339a06f0;  1 drivers
v0x628d3398c9f0_0 .net *"_ivl_520", 0 0, L_0x628d339bcdb0;  1 drivers
v0x628d3398cad0_0 .net *"_ivl_521", 0 0, L_0x628d339bd270;  1 drivers
v0x628d3398cbb0_0 .net *"_ivl_523", 0 0, L_0x628d339bd380;  1 drivers
v0x628d3398cc90_0 .net *"_ivl_526", 0 0, L_0x628d339bd880;  1 drivers
v0x628d3398cd70_0 .net *"_ivl_528", 0 0, L_0x628d339bd920;  1 drivers
v0x628d3398ce50_0 .net *"_ivl_529", 0 0, L_0x628d339bce50;  1 drivers
v0x628d3398cf30_0 .net *"_ivl_532", 0 0, L_0x628d339bcf60;  1 drivers
v0x628d3398d010_0 .net *"_ivl_533", 0 0, L_0x628d339bd000;  1 drivers
v0x628d3398d0f0_0 .net *"_ivl_536", 0 0, L_0x628d339bd110;  1 drivers
v0x628d3398d1d0_0 .net *"_ivl_537", 0 0, L_0x628d339bd1b0;  1 drivers
v0x628d3398d2b0_0 .net *"_ivl_54", 0 0, L_0x628d339a0760;  1 drivers
v0x628d3398d390_0 .net *"_ivl_540", 0 0, L_0x628d339bda10;  1 drivers
v0x628d3398d470_0 .net *"_ivl_541", 0 0, L_0x628d339bdab0;  1 drivers
v0x628d3398d550_0 .net *"_ivl_543", 0 0, L_0x628d339bdbc0;  1 drivers
v0x628d3398d630_0 .net *"_ivl_546", 0 0, L_0x628d339bdcd0;  1 drivers
v0x628d3398d710_0 .net *"_ivl_548", 0 0, L_0x628d339be1f0;  1 drivers
v0x628d3398d7f0_0 .net *"_ivl_549", 0 0, L_0x628d339be290;  1 drivers
v0x628d3398d8d0_0 .net *"_ivl_552", 0 0, L_0x628d339be3a0;  1 drivers
v0x628d3398d9b0_0 .net *"_ivl_553", 0 0, L_0x628d339bdd70;  1 drivers
v0x628d3398da90_0 .net *"_ivl_556", 0 0, L_0x628d339be4e0;  1 drivers
v0x628d3398db70_0 .net *"_ivl_557", 0 0, L_0x628d339be580;  1 drivers
v0x628d3398dc50_0 .net *"_ivl_560", 0 0, L_0x628d339beae0;  1 drivers
v0x628d3398dd30_0 .net *"_ivl_561", 0 0, L_0x628d339beff0;  1 drivers
v0x628d3398de10_0 .net *"_ivl_564", 0 0, L_0x628d339bf100;  1 drivers
v0x628d3398def0_0 .net *"_ivl_565", 0 0, L_0x628d339bf1a0;  1 drivers
v0x628d3398dfd0_0 .net *"_ivl_567", 0 0, L_0x628d339bf2b0;  1 drivers
v0x628d3398e0b0_0 .net *"_ivl_57", 0 0, L_0x628d339a08e0;  1 drivers
v0x628d3398e190_0 .net *"_ivl_570", 0 0, L_0x628d339bf3c0;  1 drivers
v0x628d3398e270_0 .net *"_ivl_572", 0 0, L_0x628d339bf460;  1 drivers
v0x628d3398e350_0 .net *"_ivl_573", 0 0, L_0x628d339bf500;  1 drivers
v0x628d3398e430_0 .net *"_ivl_576", 0 0, L_0x628d339bf610;  1 drivers
v0x628d3398e510_0 .net *"_ivl_577", 0 0, L_0x628d339bf6b0;  1 drivers
v0x628d33986de0_0 .net *"_ivl_580", 0 0, L_0x628d339bf7c0;  1 drivers
v0x628d33986ec0_0 .net *"_ivl_581", 0 0, L_0x628d339bf860;  1 drivers
v0x628d33986fa0_0 .net *"_ivl_584", 0 0, L_0x628d339bf970;  1 drivers
v0x628d33987080_0 .net *"_ivl_585", 0 0, L_0x628d339bfa10;  1 drivers
v0x628d33987160_0 .net *"_ivl_588", 0 0, L_0x628d339bfff0;  1 drivers
v0x628d33987240_0 .net *"_ivl_589", 0 0, L_0x628d339c0090;  1 drivers
v0x628d33987320_0 .net *"_ivl_59", 0 0, L_0x628d339a0980;  1 drivers
v0x628d33987400_0 .net *"_ivl_592", 0 0, L_0x628d339c01a0;  1 drivers
v0x628d339874e0_0 .net *"_ivl_593", 0 0, L_0x628d339bfb20;  1 drivers
v0x628d3398f5e0_0 .net *"_ivl_595", 0 0, L_0x628d339bfc30;  1 drivers
v0x628d3398f6c0_0 .net *"_ivl_598", 0 0, L_0x628d339bfd40;  1 drivers
v0x628d3398f7a0_0 .net *"_ivl_60", 0 0, L_0x628d339a0680;  1 drivers
v0x628d3398f880_0 .net *"_ivl_600", 0 0, L_0x628d339bfde0;  1 drivers
v0x628d3398f960_0 .net *"_ivl_601", 0 0, L_0x628d339bfe80;  1 drivers
v0x628d3398fa40_0 .net *"_ivl_604", 0 0, L_0x628d339beb80;  1 drivers
v0x628d3398fb20_0 .net *"_ivl_605", 0 0, L_0x628d339bec20;  1 drivers
v0x628d3398fc00_0 .net *"_ivl_608", 0 0, L_0x628d339bed30;  1 drivers
v0x628d3398fce0_0 .net *"_ivl_609", 0 0, L_0x628d339bedd0;  1 drivers
v0x628d3398fdc0_0 .net *"_ivl_612", 0 0, L_0x628d339beee0;  1 drivers
v0x628d3398fea0_0 .net *"_ivl_613", 0 0, L_0x628d339bef80;  1 drivers
v0x628d3398ff80_0 .net *"_ivl_616", 0 0, L_0x628d339c0720;  1 drivers
v0x628d33990060_0 .net *"_ivl_617", 0 0, L_0x628d339c07c0;  1 drivers
v0x628d33990140_0 .net *"_ivl_620", 0 0, L_0x628d339c08d0;  1 drivers
v0x628d33990220_0 .net *"_ivl_621", 0 0, L_0x628d339c0970;  1 drivers
v0x628d33990300_0 .net *"_ivl_624", 0 0, L_0x628d339c0240;  1 drivers
v0x628d339903e0_0 .net *"_ivl_625", 0 0, L_0x628d339c02e0;  1 drivers
v0x628d339904c0_0 .net *"_ivl_627", 0 0, L_0x628d339c03f0;  1 drivers
v0x628d339905a0_0 .net *"_ivl_63", 0 0, L_0x628d339a0c50;  1 drivers
v0x628d33990680_0 .net *"_ivl_630", 0 0, L_0x628d339c0500;  1 drivers
v0x628d33990760_0 .net *"_ivl_632", 0 0, L_0x628d339c05a0;  1 drivers
v0x628d33990840_0 .net *"_ivl_633", 0 0, L_0x628d339c0640;  1 drivers
v0x628d33990920_0 .net *"_ivl_636", 0 0, L_0x628d339c0fe0;  1 drivers
v0x628d33990a00_0 .net *"_ivl_637", 0 0, L_0x628d339c1080;  1 drivers
v0x628d33990ae0_0 .net *"_ivl_64", 0 0, L_0x628d339a0cf0;  1 drivers
v0x628d33990bc0_0 .net *"_ivl_640", 0 0, L_0x628d339c1190;  1 drivers
v0x628d33990ca0_0 .net *"_ivl_641", 0 0, L_0x628d339c1230;  1 drivers
v0x628d33990d80_0 .net *"_ivl_644", 0 0, L_0x628d339c1340;  1 drivers
v0x628d33990e60_0 .net *"_ivl_645", 0 0, L_0x628d339c13e0;  1 drivers
v0x628d33990f40_0 .net *"_ivl_648", 0 0, L_0x628d339c0a80;  1 drivers
v0x628d33991020_0 .net *"_ivl_649", 0 0, L_0x628d339c0b20;  1 drivers
v0x628d33991100_0 .net *"_ivl_652", 0 0, L_0x628d339c0c30;  1 drivers
v0x628d339911e0_0 .net *"_ivl_653", 0 0, L_0x628d339c0cd0;  1 drivers
v0x628d339912c0_0 .net *"_ivl_656", 0 0, L_0x628d339c0de0;  1 drivers
v0x628d339913a0_0 .net *"_ivl_657", 0 0, L_0x628d339c0e80;  1 drivers
v0x628d33991480_0 .net *"_ivl_66", 0 0, L_0x628d339a0870;  1 drivers
v0x628d33991560_0 .net *"_ivl_660", 0 0, L_0x628d339c1a30;  1 drivers
v0x628d33991640_0 .net *"_ivl_661", 0 0, L_0x628d339c1ad0;  1 drivers
v0x628d33991720_0 .net *"_ivl_663", 0 0, L_0x628d339c1be0;  1 drivers
v0x628d33991800_0 .net *"_ivl_666", 7 0, L_0x628d339c1d40;  1 drivers
v0x628d339918e0_0 .net *"_ivl_69", 0 0, L_0x628d339a0f20;  1 drivers
v0x628d339919c0_0 .net *"_ivl_7", 0 0, L_0x628d3399f460;  1 drivers
v0x628d33991aa0_0 .net *"_ivl_71", 0 0, L_0x628d339a1050;  1 drivers
v0x628d33991b80_0 .net *"_ivl_72", 0 0, L_0x628d339a10f0;  1 drivers
v0x628d33991c60_0 .net *"_ivl_75", 0 0, L_0x628d339a1290;  1 drivers
v0x628d33991d40_0 .net *"_ivl_76", 0 0, L_0x628d339a13d0;  1 drivers
v0x628d33991e20_0 .net *"_ivl_79", 0 0, L_0x628d339a14e0;  1 drivers
v0x628d33991f00_0 .net *"_ivl_80", 0 0, L_0x628d339a1580;  1 drivers
v0x628d33991fe0_0 .net *"_ivl_82", 0 0, L_0x628d339a1730;  1 drivers
v0x628d339920c0_0 .net *"_ivl_87", 0 0, L_0x628d339a1840;  1 drivers
v0x628d339921a0_0 .net *"_ivl_89", 0 0, L_0x628d339a1330;  1 drivers
v0x628d33992280_0 .net *"_ivl_91", 0 0, L_0x628d339a1aa0;  1 drivers
v0x628d33992360_0 .net *"_ivl_92", 0 0, L_0x628d339a1c00;  1 drivers
v0x628d33992440_0 .net *"_ivl_94", 0 0, L_0x628d339a1dc0;  1 drivers
v0x628d33992520_0 .net *"_ivl_97", 0 0, L_0x628d339a1690;  1 drivers
v0x628d33992600_0 .net *"_ivl_99", 0 0, L_0x628d339a1ed0;  1 drivers
v0x628d339926e0_0 .net "a", 7 0, v0x628d33999a60_0;  alias, 1 drivers
v0x628d339927a0_0 .net "b", 7 0, v0x628d33999b40_0;  alias, 1 drivers
v0x628d33992840_0 .net "c", 8 0, L_0x628d339b9ab0;  1 drivers
v0x628d33992900_0 .net "cin", 0 0, v0x628d33999c00_0;  alias, 1 drivers
v0x628d339929a0_0 .net "cout", 0 0, L_0x628d339c1ef0;  alias, 1 drivers
v0x628d33992a40_0 .net "g", 7 0, L_0x628d3399f380;  1 drivers
v0x628d33992b20_0 .net "p", 7 0, L_0x628d3399f3f0;  1 drivers
v0x628d33992c00_0 .net "sum", 7 0, L_0x628d339c1de0;  alias, 1 drivers
L_0x628d3399f4d0 .part L_0x628d3399f380, 0, 1;
L_0x628d3399f5c0 .part L_0x628d3399f3f0, 0, 1;
L_0x628d3399f6b0 .part L_0x628d339b9ab0, 0, 1;
L_0x628d3399f970 .part L_0x628d3399f380, 1, 1;
L_0x628d3399fa10 .part L_0x628d3399f3f0, 1, 1;
L_0x628d3399fab0 .part L_0x628d3399f380, 0, 1;
L_0x628d3399fda0 .part L_0x628d3399f3f0, 1, 1;
L_0x628d3399fed0 .part L_0x628d3399f3f0, 0, 1;
L_0x628d339a00d0 .part L_0x628d339b9ab0, 0, 1;
L_0x628d339a0440 .part L_0x628d3399f380, 2, 1;
L_0x628d339a0540 .part L_0x628d3399f3f0, 2, 1;
L_0x628d339a05e0 .part L_0x628d3399f380, 1, 1;
L_0x628d339a08e0 .part L_0x628d3399f3f0, 2, 1;
L_0x628d339a0980 .part L_0x628d3399f3f0, 1, 1;
L_0x628d339a0c50 .part L_0x628d3399f380, 0, 1;
L_0x628d339a0f20 .part L_0x628d3399f3f0, 2, 1;
L_0x628d339a1050 .part L_0x628d3399f3f0, 1, 1;
L_0x628d339a1290 .part L_0x628d3399f3f0, 0, 1;
L_0x628d339a14e0 .part L_0x628d339b9ab0, 0, 1;
L_0x628d339a1840 .part L_0x628d3399f380, 3, 1;
L_0x628d339a1330 .part L_0x628d3399f3f0, 3, 1;
L_0x628d339a1aa0 .part L_0x628d3399f380, 2, 1;
L_0x628d339a1690 .part L_0x628d3399f3f0, 3, 1;
L_0x628d339a1ed0 .part L_0x628d3399f3f0, 2, 1;
L_0x628d339a2210 .part L_0x628d3399f380, 1, 1;
L_0x628d339a25a0 .part L_0x628d3399f3f0, 3, 1;
L_0x628d339a2720 .part L_0x628d3399f3f0, 2, 1;
L_0x628d339a28d0 .part L_0x628d3399f3f0, 1, 1;
L_0x628d339a2c50 .part L_0x628d3399f380, 0, 1;
L_0x628d339a3000 .part L_0x628d3399f3f0, 3, 1;
L_0x628d339a31a0 .part L_0x628d3399f3f0, 2, 1;
L_0x628d339a3350 .part L_0x628d3399f3f0, 1, 1;
L_0x628d339a3710 .part L_0x628d3399f3f0, 0, 1;
L_0x628d339a38c0 .part L_0x628d339b9ab0, 0, 1;
L_0x628d339a3d60 .part L_0x628d3399f380, 4, 1;
L_0x628d339a3e00 .part L_0x628d3399f3f0, 4, 1;
L_0x628d339a3960 .part L_0x628d3399f380, 3, 1;
L_0x628d339a42a0 .part L_0x628d3399f3f0, 4, 1;
L_0x628d339a4480 .part L_0x628d3399f3f0, 3, 1;
L_0x628d339a4070 .part L_0x628d3399f380, 2, 1;
L_0x628d339a4ba0 .part L_0x628d3399f3f0, 4, 1;
L_0x628d339a4c40 .part L_0x628d3399f3f0, 3, 1;
L_0x628d339a4f50 .part L_0x628d3399f3f0, 2, 1;
L_0x628d339a5250 .part L_0x628d3399f380, 1, 1;
L_0x628d339a57e0 .part L_0x628d3399f3f0, 4, 1;
L_0x628d339a5880 .part L_0x628d3399f3f0, 3, 1;
L_0x628d339a5bb0 .part L_0x628d3399f3f0, 2, 1;
L_0x628d339a5ed0 .part L_0x628d3399f3f0, 1, 1;
L_0x628d339a6210 .part L_0x628d3399f380, 0, 1;
L_0x628d339a6860 .part L_0x628d3399f3f0, 4, 1;
L_0x628d339a6aa0 .part L_0x628d3399f3f0, 3, 1;
L_0x628d339a6de0 .part L_0x628d3399f3f0, 2, 1;
L_0x628d339a7140 .part L_0x628d3399f3f0, 1, 1;
L_0x628d339a7490 .part L_0x628d3399f3f0, 0, 1;
L_0x628d339a7800 .part L_0x628d339b9ab0, 0, 1;
L_0x628d339a7c70 .part L_0x628d3399f380, 5, 1;
L_0x628d339a7ee0 .part L_0x628d3399f3f0, 5, 1;
L_0x628d339a7f80 .part L_0x628d3399f380, 4, 1;
L_0x628d339a85e0 .part L_0x628d3399f3f0, 5, 1;
L_0x628d339a8680 .part L_0x628d3399f3f0, 4, 1;
L_0x628d339a8bf0 .part L_0x628d3399f380, 3, 1;
L_0x628d339a9090 .part L_0x628d3399f3f0, 5, 1;
L_0x628d339a9330 .part L_0x628d3399f3f0, 4, 1;
L_0x628d339a94e0 .part L_0x628d3399f3f0, 3, 1;
L_0x628d339a9a90 .part L_0x628d3399f380, 2, 1;
L_0x628d339a9f50 .part L_0x628d3399f3f0, 5, 1;
L_0x628d339aa210 .part L_0x628d3399f3f0, 4, 1;
L_0x628d339aa3c0 .part L_0x628d3399f3f0, 3, 1;
L_0x628d339aa9b0 .part L_0x628d3399f3f0, 2, 1;
L_0x628d339aab60 .part L_0x628d3399f380, 1, 1;
L_0x628d339ab280 .part L_0x628d3399f3f0, 5, 1;
L_0x628d339ab320 .part L_0x628d3399f3f0, 4, 1;
L_0x628d339ab950 .part L_0x628d3399f3f0, 3, 1;
L_0x628d339abb00 .part L_0x628d3399f3f0, 2, 1;
L_0x628d339ac150 .part L_0x628d3399f3f0, 1, 1;
L_0x628d339ac300 .part L_0x628d3399f380, 0, 1;
L_0x628d339aca80 .part L_0x628d3399f3f0, 5, 1;
L_0x628d339acb20 .part L_0x628d3399f3f0, 4, 1;
L_0x628d339ad1b0 .part L_0x628d3399f3f0, 3, 1;
L_0x628d339ad360 .part L_0x628d3399f3f0, 2, 1;
L_0x628d339ada10 .part L_0x628d3399f3f0, 1, 1;
L_0x628d339adbc0 .part L_0x628d3399f3f0, 0, 1;
L_0x628d339ae290 .part L_0x628d339b9ab0, 0, 1;
L_0x628d339ae7e0 .part L_0x628d3399f380, 6, 1;
L_0x628d339aeb30 .part L_0x628d3399f3f0, 6, 1;
L_0x628d339aebd0 .part L_0x628d3399f380, 5, 1;
L_0x628d339af3f0 .part L_0x628d3399f3f0, 6, 1;
L_0x628d339af490 .part L_0x628d3399f3f0, 5, 1;
L_0x628d339af910 .part L_0x628d3399f380, 4, 1;
L_0x628d339afe80 .part L_0x628d3399f3f0, 6, 1;
L_0x628d339b0200 .part L_0x628d3399f3f0, 5, 1;
L_0x628d339b0670 .part L_0x628d3399f3f0, 4, 1;
L_0x628d339b0b10 .part L_0x628d3399f380, 3, 1;
L_0x628d339b10a0 .part L_0x628d3399f3f0, 6, 1;
L_0x628d339b1c50 .part L_0x628d3399f3f0, 5, 1;
L_0x628d339b20e0 .part L_0x628d3399f3f0, 4, 1;
L_0x628d339b25a0 .part L_0x628d3399f3f0, 3, 1;
L_0x628d339b2a40 .part L_0x628d3399f380, 2, 1;
L_0x628d339b3320 .part L_0x628d3399f3f0, 6, 1;
L_0x628d339b33c0 .part L_0x628d3399f3f0, 5, 1;
L_0x628d339b38a0 .part L_0x628d3399f3f0, 4, 1;
L_0x628d339b3d60 .part L_0x628d3399f3f0, 3, 1;
L_0x628d339b4250 .part L_0x628d3399f3f0, 2, 1;
L_0x628d339b4720 .part L_0x628d3399f380, 1, 1;
L_0x628d339b5060 .part L_0x628d3399f3f0, 6, 1;
L_0x628d339b5100 .part L_0x628d3399f3f0, 5, 1;
L_0x628d339b5610 .part L_0x628d3399f3f0, 4, 1;
L_0x628d339b5b00 .part L_0x628d3399f3f0, 3, 1;
L_0x628d339b6020 .part L_0x628d3399f3f0, 2, 1;
L_0x628d339b6520 .part L_0x628d3399f3f0, 1, 1;
L_0x628d339b6a50 .part L_0x628d3399f380, 0, 1;
L_0x628d339b7070 .part L_0x628d3399f3f0, 6, 1;
L_0x628d339b74a0 .part L_0x628d3399f3f0, 5, 1;
L_0x628d339b79c0 .part L_0x628d3399f3f0, 4, 1;
L_0x628d339b7f10 .part L_0x628d3399f3f0, 3, 1;
L_0x628d339b8440 .part L_0x628d3399f3f0, 2, 1;
L_0x628d339b89a0 .part L_0x628d3399f3f0, 1, 1;
L_0x628d339b8ee0 .part L_0x628d3399f3f0, 0, 1;
L_0x628d339b9450 .part L_0x628d339b9ab0, 0, 1;
LS_0x628d339b9ab0_0_0 .concat8 [ 1 1 1 1], L_0x628d3399f460, L_0x628d3399f860, L_0x628d339a02d0, L_0x628d339a1730;
LS_0x628d339b9ab0_0_4 .concat8 [ 1 1 1 1], L_0x628d339a3c50, L_0x628d339a7b60, L_0x628d339ae440, L_0x628d339b99a0;
LS_0x628d339b9ab0_0_8 .concat8 [ 1 0 0 0], L_0x628d339c1be0;
L_0x628d339b9ab0 .concat8 [ 4 4 1 0], LS_0x628d339b9ab0_0_0, LS_0x628d339b9ab0_0_4, LS_0x628d339b9ab0_0_8;
L_0x628d339ba1a0 .part L_0x628d3399f380, 7, 1;
L_0x628d339ba240 .part L_0x628d3399f3f0, 7, 1;
L_0x628d339ba6c0 .part L_0x628d3399f380, 6, 1;
L_0x628d339bad30 .part L_0x628d3399f3f0, 7, 1;
L_0x628d339bb1c0 .part L_0x628d3399f3f0, 6, 1;
L_0x628d339bb730 .part L_0x628d3399f380, 5, 1;
L_0x628d339bc1c0 .part L_0x628d3399f3f0, 7, 1;
L_0x628d339bc260 .part L_0x628d3399f3f0, 6, 1;
L_0x628d339bc820 .part L_0x628d3399f3f0, 5, 1;
L_0x628d339bcdb0 .part L_0x628d3399f380, 4, 1;
L_0x628d339bd880 .part L_0x628d3399f3f0, 7, 1;
L_0x628d339bd920 .part L_0x628d3399f3f0, 6, 1;
L_0x628d339bcf60 .part L_0x628d3399f3f0, 5, 1;
L_0x628d339bd110 .part L_0x628d3399f3f0, 4, 1;
L_0x628d339bda10 .part L_0x628d3399f380, 3, 1;
L_0x628d339bdcd0 .part L_0x628d3399f3f0, 7, 1;
L_0x628d339be1f0 .part L_0x628d3399f3f0, 6, 1;
L_0x628d339be3a0 .part L_0x628d3399f3f0, 5, 1;
L_0x628d339be4e0 .part L_0x628d3399f3f0, 4, 1;
L_0x628d339beae0 .part L_0x628d3399f3f0, 3, 1;
L_0x628d339bf100 .part L_0x628d3399f380, 2, 1;
L_0x628d339bf3c0 .part L_0x628d3399f3f0, 7, 1;
L_0x628d339bf460 .part L_0x628d3399f3f0, 6, 1;
L_0x628d339bf610 .part L_0x628d3399f3f0, 5, 1;
L_0x628d339bf7c0 .part L_0x628d3399f3f0, 4, 1;
L_0x628d339bf970 .part L_0x628d3399f3f0, 3, 1;
L_0x628d339bfff0 .part L_0x628d3399f3f0, 2, 1;
L_0x628d339c01a0 .part L_0x628d3399f380, 1, 1;
L_0x628d339bfd40 .part L_0x628d3399f3f0, 7, 1;
L_0x628d339bfde0 .part L_0x628d3399f3f0, 6, 1;
L_0x628d339beb80 .part L_0x628d3399f3f0, 5, 1;
L_0x628d339bed30 .part L_0x628d3399f3f0, 4, 1;
L_0x628d339beee0 .part L_0x628d3399f3f0, 3, 1;
L_0x628d339c0720 .part L_0x628d3399f3f0, 2, 1;
L_0x628d339c08d0 .part L_0x628d3399f3f0, 1, 1;
L_0x628d339c0240 .part L_0x628d3399f380, 0, 1;
L_0x628d339c0500 .part L_0x628d3399f3f0, 7, 1;
L_0x628d339c05a0 .part L_0x628d3399f3f0, 6, 1;
L_0x628d339c0fe0 .part L_0x628d3399f3f0, 5, 1;
L_0x628d339c1190 .part L_0x628d3399f3f0, 4, 1;
L_0x628d339c1340 .part L_0x628d3399f3f0, 3, 1;
L_0x628d339c0a80 .part L_0x628d3399f3f0, 2, 1;
L_0x628d339c0c30 .part L_0x628d3399f3f0, 1, 1;
L_0x628d339c0de0 .part L_0x628d3399f3f0, 0, 1;
L_0x628d339c1a30 .part L_0x628d339b9ab0, 0, 1;
L_0x628d339c1d40 .part L_0x628d339b9ab0, 0, 8;
L_0x628d339c1ef0 .part L_0x628d339b9ab0, 8, 1;
S_0x628d338e2630 .scope module, "RCA" "rca_8bit" 2 9, 5 1 0, S_0x628d338ea4c0;
 .timescale 0 0;
    .port_info 0 /INPUT 8 "a";
    .port_info 1 /INPUT 8 "b";
    .port_info 2 /INPUT 1 "cin";
    .port_info 3 /OUTPUT 8 "sum";
    .port_info 4 /OUTPUT 1 "cout";
v0x628d33999480_0 .net "a", 7 0, v0x628d33999a60_0;  alias, 1 drivers
v0x628d33999560_0 .net "b", 7 0, v0x628d33999b40_0;  alias, 1 drivers
v0x628d33999670_0 .net "c", 7 0, L_0x628d3399ed30;  1 drivers
v0x628d33999730_0 .net "cin", 0 0, v0x628d33999c00_0;  alias, 1 drivers
v0x628d339997d0_0 .net "cout", 0 0, L_0x628d3399f1b0;  alias, 1 drivers
v0x628d339998e0_0 .net "sum", 7 0, L_0x628d3399e940;  alias, 1 drivers
L_0x628d3399adb0 .part v0x628d33999a60_0, 1, 1;
L_0x628d3399aee0 .part v0x628d33999b40_0, 1, 1;
L_0x628d3399b0a0 .part L_0x628d3399ed30, 0, 1;
L_0x628d3399b5a0 .part v0x628d33999a60_0, 2, 1;
L_0x628d3399b700 .part v0x628d33999b40_0, 2, 1;
L_0x628d3399b830 .part L_0x628d3399ed30, 1, 1;
L_0x628d3399be00 .part v0x628d33999a60_0, 3, 1;
L_0x628d3399bf30 .part v0x628d33999b40_0, 3, 1;
L_0x628d3399c0b0 .part L_0x628d3399ed30, 2, 1;
L_0x628d3399c5f0 .part v0x628d33999a60_0, 4, 1;
L_0x628d3399c780 .part v0x628d33999b40_0, 4, 1;
L_0x628d3399c8b0 .part L_0x628d3399ed30, 3, 1;
L_0x628d3399ce80 .part v0x628d33999a60_0, 5, 1;
L_0x628d3399cfb0 .part v0x628d33999b40_0, 5, 1;
L_0x628d3399d1e0 .part L_0x628d3399ed30, 4, 1;
L_0x628d3399d6e0 .part v0x628d33999a60_0, 6, 1;
L_0x628d3399d810 .part v0x628d33999b40_0, 6, 1;
L_0x628d3399d940 .part L_0x628d3399ed30, 5, 1;
L_0x628d3399df50 .part v0x628d33999a60_0, 7, 1;
L_0x628d3399dff0 .part v0x628d33999b40_0, 7, 1;
L_0x628d3399d9e0 .part L_0x628d3399ed30, 6, 1;
L_0x628d3399e620 .part v0x628d33999a60_0, 0, 1;
L_0x628d3399e810 .part v0x628d33999b40_0, 0, 1;
LS_0x628d3399e940_0_0 .concat8 [ 1 1 1 1], L_0x628d3399e240, L_0x628d33960130, L_0x628d3399b1b0, L_0x628d3399b980;
LS_0x628d3399e940_0_4 .concat8 [ 1 1 1 1], L_0x628d3399c1c0, L_0x628d3399cac0, L_0x628d3399d280, L_0x628d3399daf0;
L_0x628d3399e940 .concat8 [ 4 4 0 0], LS_0x628d3399e940_0_0, LS_0x628d3399e940_0_4;
LS_0x628d3399ed30_0_0 .concat8 [ 1 1 1 1], L_0x628d3399e4d0, L_0x628d3399ac60, L_0x628d3399b450, L_0x628d3399bcb0;
LS_0x628d3399ed30_0_4 .concat8 [ 1 1 1 1], L_0x628d3399c4a0, L_0x628d3399cd30, L_0x628d3399d590, L_0x628d3399de00;
L_0x628d3399ed30 .concat8 [ 4 4 0 0], LS_0x628d3399ed30_0_0, LS_0x628d3399ed30_0_4;
L_0x628d3399f1b0 .part L_0x628d3399ed30, 7, 1;
S_0x628d338e5060 .scope module, "fa0" "full_adder" 5 9, 6 1 0, S_0x628d338e2630;
 .timescale 0 0;
    .port_info 0 /INPUT 1 "a";
    .port_info 1 /INPUT 1 "b";
    .port_info 2 /INPUT 1 "cin";
    .port_info 3 /OUTPUT 1 "sum";
    .port_info 4 /OUTPUT 1 "cout";
L_0x628d3399e1d0 .functor XOR 1, L_0x628d3399e620, L_0x628d3399e810, C4<0>, C4<0>;
L_0x628d3399e240 .functor XOR 1, L_0x628d3399e1d0, v0x628d33999c00_0, C4<0>, C4<0>;
L_0x628d3399e2b0 .functor AND 1, L_0x628d3399e620, L_0x628d3399e810, C4<1>, C4<1>;
L_0x628d3399e370 .functor XOR 1, L_0x628d3399e620, L_0x628d3399e810, C4<0>, C4<0>;
L_0x628d3399e410 .functor AND 1, v0x628d33999c00_0, L_0x628d3399e370, C4<1>, C4<1>;
L_0x628d3399e4d0 .functor OR 1, L_0x628d3399e2b0, L_0x628d3399e410, C4<0>, C4<0>;
v0x628d33992e60_0 .net *"_ivl_0", 0 0, L_0x628d3399e1d0;  1 drivers
v0x628d33992f60_0 .net *"_ivl_4", 0 0, L_0x628d3399e2b0;  1 drivers
v0x628d33993040_0 .net *"_ivl_6", 0 0, L_0x628d3399e370;  1 drivers
v0x628d33993130_0 .net *"_ivl_8", 0 0, L_0x628d3399e410;  1 drivers
v0x628d33993210_0 .net "a", 0 0, L_0x628d3399e620;  1 drivers
v0x628d33993320_0 .net "b", 0 0, L_0x628d3399e810;  1 drivers
v0x628d339933e0_0 .net "cin", 0 0, v0x628d33999c00_0;  alias, 1 drivers
v0x628d339934d0_0 .net "cout", 0 0, L_0x628d3399e4d0;  1 drivers
v0x628d33993590_0 .net "sum", 0 0, L_0x628d3399e240;  1 drivers
S_0x628d338e7a90 .scope generate, "fa_chain[1]" "fa_chain[1]" 5 13, 5 13 0, S_0x628d338e2630;
 .timescale 0 0;
P_0x628d33993730 .param/l "i" 0 5 13, +C4<01>;
S_0x628d339937f0 .scope module, "fa" "full_adder" 5 14, 6 1 0, S_0x628d338e7a90;
 .timescale 0 0;
    .port_info 0 /INPUT 1 "a";
    .port_info 1 /INPUT 1 "b";
    .port_info 2 /INPUT 1 "cin";
    .port_info 3 /OUTPUT 1 "sum";
    .port_info 4 /OUTPUT 1 "cout";
L_0x628d339600c0 .functor XOR 1, L_0x628d3399adb0, L_0x628d3399aee0, C4<0>, C4<0>;
L_0x628d33960130 .functor XOR 1, L_0x628d339600c0, L_0x628d3399b0a0, C4<0>, C4<0>;
L_0x628d3399a970 .functor AND 1, L_0x628d3399adb0, L_0x628d3399aee0, C4<1>, C4<1>;
L_0x628d3399aab0 .functor XOR 1, L_0x628d3399adb0, L_0x628d3399aee0, C4<0>, C4<0>;
L_0x628d3399ab50 .functor AND 1, L_0x628d3399b0a0, L_0x628d3399aab0, C4<1>, C4<1>;
L_0x628d3399ac60 .functor OR 1, L_0x628d3399a970, L_0x628d3399ab50, C4<0>, C4<0>;
v0x628d339939d0_0 .net *"_ivl_0", 0 0, L_0x628d339600c0;  1 drivers
v0x628d33993ad0_0 .net *"_ivl_4", 0 0, L_0x628d3399a970;  1 drivers
v0x628d33993bb0_0 .net *"_ivl_6", 0 0, L_0x628d3399aab0;  1 drivers
v0x628d33993c70_0 .net *"_ivl_8", 0 0, L_0x628d3399ab50;  1 drivers
v0x628d33993d50_0 .net "a", 0 0, L_0x628d3399adb0;  1 drivers
v0x628d33993e60_0 .net "b", 0 0, L_0x628d3399aee0;  1 drivers
v0x628d33993f20_0 .net "cin", 0 0, L_0x628d3399b0a0;  1 drivers
v0x628d33993fe0_0 .net "cout", 0 0, L_0x628d3399ac60;  1 drivers
v0x628d339940a0_0 .net "sum", 0 0, L_0x628d33960130;  1 drivers
S_0x628d33994290 .scope generate, "fa_chain[2]" "fa_chain[2]" 5 13, 5 13 0, S_0x628d338e2630;
 .timescale 0 0;
P_0x628d33994440 .param/l "i" 0 5 13, +C4<010>;
S_0x628d33994500 .scope module, "fa" "full_adder" 5 14, 6 1 0, S_0x628d33994290;
 .timescale 0 0;
    .port_info 0 /INPUT 1 "a";
    .port_info 1 /INPUT 1 "b";
    .port_info 2 /INPUT 1 "cin";
    .port_info 3 /OUTPUT 1 "sum";
    .port_info 4 /OUTPUT 1 "cout";
L_0x628d3399b140 .functor XOR 1, L_0x628d3399b5a0, L_0x628d3399b700, C4<0>, C4<0>;
L_0x628d3399b1b0 .functor XOR 1, L_0x628d3399b140, L_0x628d3399b830, C4<0>, C4<0>;
L_0x628d3399b250 .functor AND 1, L_0x628d3399b5a0, L_0x628d3399b700, C4<1>, C4<1>;
L_0x628d3399b2f0 .functor XOR 1, L_0x628d3399b5a0, L_0x628d3399b700, C4<0>, C4<0>;
L_0x628d3399b390 .functor AND 1, L_0x628d3399b830, L_0x628d3399b2f0, C4<1>, C4<1>;
L_0x628d3399b450 .functor OR 1, L_0x628d3399b250, L_0x628d3399b390, C4<0>, C4<0>;
v0x628d33994710_0 .net *"_ivl_0", 0 0, L_0x628d3399b140;  1 drivers
v0x628d33994810_0 .net *"_ivl_4", 0 0, L_0x628d3399b250;  1 drivers
v0x628d339948f0_0 .net *"_ivl_6", 0 0, L_0x628d3399b2f0;  1 drivers
v0x628d339949e0_0 .net *"_ivl_8", 0 0, L_0x628d3399b390;  1 drivers
v0x628d33994ac0_0 .net "a", 0 0, L_0x628d3399b5a0;  1 drivers
v0x628d33994bd0_0 .net "b", 0 0, L_0x628d3399b700;  1 drivers
v0x628d33994c90_0 .net "cin", 0 0, L_0x628d3399b830;  1 drivers
v0x628d33994d50_0 .net "cout", 0 0, L_0x628d3399b450;  1 drivers
v0x628d33994e10_0 .net "sum", 0 0, L_0x628d3399b1b0;  1 drivers
S_0x628d33995000 .scope generate, "fa_chain[3]" "fa_chain[3]" 5 13, 5 13 0, S_0x628d338e2630;
 .timescale 0 0;
P_0x628d339951b0 .param/l "i" 0 5 13, +C4<011>;
S_0x628d33995290 .scope module, "fa" "full_adder" 5 14, 6 1 0, S_0x628d33995000;
 .timescale 0 0;
    .port_info 0 /INPUT 1 "a";
    .port_info 1 /INPUT 1 "b";
    .port_info 2 /INPUT 1 "cin";
    .port_info 3 /OUTPUT 1 "sum";
    .port_info 4 /OUTPUT 1 "cout";
L_0x628d3399b910 .functor XOR 1, L_0x628d3399be00, L_0x628d3399bf30, C4<0>, C4<0>;
L_0x628d3399b980 .functor XOR 1, L_0x628d3399b910, L_0x628d3399c0b0, C4<0>, C4<0>;
L_0x628d3399b9f0 .functor AND 1, L_0x628d3399be00, L_0x628d3399bf30, C4<1>, C4<1>;
L_0x628d3399bb00 .functor XOR 1, L_0x628d3399be00, L_0x628d3399bf30, C4<0>, C4<0>;
L_0x628d3399bba0 .functor AND 1, L_0x628d3399c0b0, L_0x628d3399bb00, C4<1>, C4<1>;
L_0x628d3399bcb0 .functor OR 1, L_0x628d3399b9f0, L_0x628d3399bba0, C4<0>, C4<0>;
v0x628d33995470_0 .net *"_ivl_0", 0 0, L_0x628d3399b910;  1 drivers
v0x628d33995570_0 .net *"_ivl_4", 0 0, L_0x628d3399b9f0;  1 drivers
v0x628d33995650_0 .net *"_ivl_6", 0 0, L_0x628d3399bb00;  1 drivers
v0x628d33995740_0 .net *"_ivl_8", 0 0, L_0x628d3399bba0;  1 drivers
v0x628d33995820_0 .net "a", 0 0, L_0x628d3399be00;  1 drivers
v0x628d33995930_0 .net "b", 0 0, L_0x628d3399bf30;  1 drivers
v0x628d339959f0_0 .net "cin", 0 0, L_0x628d3399c0b0;  1 drivers
v0x628d33995ab0_0 .net "cout", 0 0, L_0x628d3399bcb0;  1 drivers
v0x628d33995b70_0 .net "sum", 0 0, L_0x628d3399b980;  1 drivers
S_0x628d33995d60 .scope generate, "fa_chain[4]" "fa_chain[4]" 5 13, 5 13 0, S_0x628d338e2630;
 .timescale 0 0;
P_0x628d33995f60 .param/l "i" 0 5 13, +C4<0100>;
S_0x628d33996040 .scope module, "fa" "full_adder" 5 14, 6 1 0, S_0x628d33995d60;
 .timescale 0 0;
    .port_info 0 /INPUT 1 "a";
    .port_info 1 /INPUT 1 "b";
    .port_info 2 /INPUT 1 "cin";
    .port_info 3 /OUTPUT 1 "sum";
    .port_info 4 /OUTPUT 1 "cout";
L_0x628d3399c150 .functor XOR 1, L_0x628d3399c5f0, L_0x628d3399c780, C4<0>, C4<0>;
L_0x628d3399c1c0 .functor XOR 1, L_0x628d3399c150, L_0x628d3399c8b0, C4<0>, C4<0>;
L_0x628d3399c230 .functor AND 1, L_0x628d3399c5f0, L_0x628d3399c780, C4<1>, C4<1>;
L_0x628d3399c2f0 .functor XOR 1, L_0x628d3399c5f0, L_0x628d3399c780, C4<0>, C4<0>;
L_0x628d3399c390 .functor AND 1, L_0x628d3399c8b0, L_0x628d3399c2f0, C4<1>, C4<1>;
L_0x628d3399c4a0 .functor OR 1, L_0x628d3399c230, L_0x628d3399c390, C4<0>, C4<0>;
v0x628d33996220_0 .net *"_ivl_0", 0 0, L_0x628d3399c150;  1 drivers
v0x628d33996320_0 .net *"_ivl_4", 0 0, L_0x628d3399c230;  1 drivers
v0x628d33996400_0 .net *"_ivl_6", 0 0, L_0x628d3399c2f0;  1 drivers
v0x628d339964c0_0 .net *"_ivl_8", 0 0, L_0x628d3399c390;  1 drivers
v0x628d339965a0_0 .net "a", 0 0, L_0x628d3399c5f0;  1 drivers
v0x628d339966b0_0 .net "b", 0 0, L_0x628d3399c780;  1 drivers
v0x628d33996770_0 .net "cin", 0 0, L_0x628d3399c8b0;  1 drivers
v0x628d33996830_0 .net "cout", 0 0, L_0x628d3399c4a0;  1 drivers
v0x628d339968f0_0 .net "sum", 0 0, L_0x628d3399c1c0;  1 drivers
S_0x628d33996ae0 .scope generate, "fa_chain[5]" "fa_chain[5]" 5 13, 5 13 0, S_0x628d338e2630;
 .timescale 0 0;
P_0x628d33996c90 .param/l "i" 0 5 13, +C4<0101>;
S_0x628d33996d70 .scope module, "fa" "full_adder" 5 14, 6 1 0, S_0x628d33996ae0;
 .timescale 0 0;
    .port_info 0 /INPUT 1 "a";
    .port_info 1 /INPUT 1 "b";
    .port_info 2 /INPUT 1 "cin";
    .port_info 3 /OUTPUT 1 "sum";
    .port_info 4 /OUTPUT 1 "cout";
L_0x628d3399ca50 .functor XOR 1, L_0x628d3399ce80, L_0x628d3399cfb0, C4<0>, C4<0>;
L_0x628d3399cac0 .functor XOR 1, L_0x628d3399ca50, L_0x628d3399d1e0, C4<0>, C4<0>;
L_0x628d3399cb30 .functor AND 1, L_0x628d3399ce80, L_0x628d3399cfb0, C4<1>, C4<1>;
L_0x628d3399cbd0 .functor XOR 1, L_0x628d3399ce80, L_0x628d3399cfb0, C4<0>, C4<0>;
L_0x628d3399cc70 .functor AND 1, L_0x628d3399d1e0, L_0x628d3399cbd0, C4<1>, C4<1>;
L_0x628d3399cd30 .functor OR 1, L_0x628d3399cb30, L_0x628d3399cc70, C4<0>, C4<0>;
v0x628d33996fd0_0 .net *"_ivl_0", 0 0, L_0x628d3399ca50;  1 drivers
v0x628d339970d0_0 .net *"_ivl_4", 0 0, L_0x628d3399cb30;  1 drivers
v0x628d339971b0_0 .net *"_ivl_6", 0 0, L_0x628d3399cbd0;  1 drivers
v0x628d339972a0_0 .net *"_ivl_8", 0 0, L_0x628d3399cc70;  1 drivers
v0x628d33997380_0 .net "a", 0 0, L_0x628d3399ce80;  1 drivers
v0x628d33997490_0 .net "b", 0 0, L_0x628d3399cfb0;  1 drivers
v0x628d33997550_0 .net "cin", 0 0, L_0x628d3399d1e0;  1 drivers
v0x628d33997610_0 .net "cout", 0 0, L_0x628d3399cd30;  1 drivers
v0x628d339976d0_0 .net "sum", 0 0, L_0x628d3399cac0;  1 drivers
S_0x628d339978c0 .scope generate, "fa_chain[6]" "fa_chain[6]" 5 13, 5 13 0, S_0x628d338e2630;
 .timescale 0 0;
P_0x628d33997a70 .param/l "i" 0 5 13, +C4<0110>;
S_0x628d33997b50 .scope module, "fa" "full_adder" 5 14, 6 1 0, S_0x628d339978c0;
 .timescale 0 0;
    .port_info 0 /INPUT 1 "a";
    .port_info 1 /INPUT 1 "b";
    .port_info 2 /INPUT 1 "cin";
    .port_info 3 /OUTPUT 1 "sum";
    .port_info 4 /OUTPUT 1 "cout";
L_0x628d3399c9e0 .functor XOR 1, L_0x628d3399d6e0, L_0x628d3399d810, C4<0>, C4<0>;
L_0x628d3399d280 .functor XOR 1, L_0x628d3399c9e0, L_0x628d3399d940, C4<0>, C4<0>;
L_0x628d3399d2f0 .functor AND 1, L_0x628d3399d6e0, L_0x628d3399d810, C4<1>, C4<1>;
L_0x628d3399d3e0 .functor XOR 1, L_0x628d3399d6e0, L_0x628d3399d810, C4<0>, C4<0>;
L_0x628d3399d480 .functor AND 1, L_0x628d3399d940, L_0x628d3399d3e0, C4<1>, C4<1>;
L_0x628d3399d590 .functor OR 1, L_0x628d3399d2f0, L_0x628d3399d480, C4<0>, C4<0>;
v0x628d33997db0_0 .net *"_ivl_0", 0 0, L_0x628d3399c9e0;  1 drivers
v0x628d33997eb0_0 .net *"_ivl_4", 0 0, L_0x628d3399d2f0;  1 drivers
v0x628d33997f90_0 .net *"_ivl_6", 0 0, L_0x628d3399d3e0;  1 drivers
v0x628d33998080_0 .net *"_ivl_8", 0 0, L_0x628d3399d480;  1 drivers
v0x628d33998160_0 .net "a", 0 0, L_0x628d3399d6e0;  1 drivers
v0x628d33998270_0 .net "b", 0 0, L_0x628d3399d810;  1 drivers
v0x628d33998330_0 .net "cin", 0 0, L_0x628d3399d940;  1 drivers
v0x628d339983f0_0 .net "cout", 0 0, L_0x628d3399d590;  1 drivers
v0x628d339984b0_0 .net "sum", 0 0, L_0x628d3399d280;  1 drivers
S_0x628d339986a0 .scope generate, "fa_chain[7]" "fa_chain[7]" 5 13, 5 13 0, S_0x628d338e2630;
 .timescale 0 0;
P_0x628d33998850 .param/l "i" 0 5 13, +C4<0111>;
S_0x628d33998930 .scope module, "fa" "full_adder" 5 14, 6 1 0, S_0x628d339986a0;
 .timescale 0 0;
    .port_info 0 /INPUT 1 "a";
    .port_info 1 /INPUT 1 "b";
    .port_info 2 /INPUT 1 "cin";
    .port_info 3 /OUTPUT 1 "sum";
    .port_info 4 /OUTPUT 1 "cout";
L_0x628d3399da80 .functor XOR 1, L_0x628d3399df50, L_0x628d3399dff0, C4<0>, C4<0>;
L_0x628d3399daf0 .functor XOR 1, L_0x628d3399da80, L_0x628d3399d9e0, C4<0>, C4<0>;
L_0x628d3399db60 .functor AND 1, L_0x628d3399df50, L_0x628d3399dff0, C4<1>, C4<1>;
L_0x628d3399dc50 .functor XOR 1, L_0x628d3399df50, L_0x628d3399dff0, C4<0>, C4<0>;
L_0x628d3399dcf0 .functor AND 1, L_0x628d3399d9e0, L_0x628d3399dc50, C4<1>, C4<1>;
L_0x628d3399de00 .functor OR 1, L_0x628d3399db60, L_0x628d3399dcf0, C4<0>, C4<0>;
v0x628d33998b90_0 .net *"_ivl_0", 0 0, L_0x628d3399da80;  1 drivers
v0x628d33998c90_0 .net *"_ivl_4", 0 0, L_0x628d3399db60;  1 drivers
v0x628d33998d70_0 .net *"_ivl_6", 0 0, L_0x628d3399dc50;  1 drivers
v0x628d33998e60_0 .net *"_ivl_8", 0 0, L_0x628d3399dcf0;  1 drivers
v0x628d33998f40_0 .net "a", 0 0, L_0x628d3399df50;  1 drivers
v0x628d33999050_0 .net "b", 0 0, L_0x628d3399dff0;  1 drivers
v0x628d33999110_0 .net "cin", 0 0, L_0x628d3399d9e0;  1 drivers
v0x628d339991d0_0 .net "cout", 0 0, L_0x628d3399de00;  1 drivers
v0x628d33999290_0 .net "sum", 0 0, L_0x628d3399daf0;  1 drivers
    .scope S_0x628d338ea4c0;
T_0 ;
    %pushi/vec4 0, 0, 32;
    %store/vec4 v0x628d3399a7d0_0, 0, 32;
    %pushi/vec4 0, 0, 32;
    %store/vec4 v0x628d3399a050_0, 0, 32;
    %pushi/vec4 0, 0, 32;
    %store/vec4 v0x628d33999fb0_0, 0, 32;
    %pushi/vec4 0, 0, 32;
    %store/vec4 v0x628d33999f10_0, 0, 32;
    %end;
    .thread T_0;
    .scope S_0x628d338ea4c0;
T_1 ;
    %pushi/vec4 0, 0, 32;
    %store/vec4 v0x628d3399a2a0_0, 0, 32;
T_1.0 ;
    %load/vec4 v0x628d3399a2a0_0;
    %cmpi/s 256, 0, 32;
    %jmp/0xz T_1.1, 5;
    %pushi/vec4 0, 0, 32;
    %store/vec4 v0x628d3399a380_0, 0, 32;
T_1.2 ;
    %load/vec4 v0x628d3399a380_0;
    %cmpi/s 256, 0, 32;
    %jmp/0xz T_1.3, 5;
    %pushi/vec4 0, 0, 32;
    %store/vec4 v0x628d3399a460_0, 0, 32;
T_1.4 ;
    %load/vec4 v0x628d3399a460_0;
    %cmpi/s 2, 0, 32;
    %jmp/0xz T_1.5, 5;
    %load/vec4 v0x628d3399a2a0_0;
    %parti/s 8, 0, 2;
    %store/vec4 v0x628d33999a60_0, 0, 8;
    %load/vec4 v0x628d3399a380_0;
    %parti/s 8, 0, 2;
    %store/vec4 v0x628d33999b40_0, 0, 8;
    %load/vec4 v0x628d3399a460_0;
    %parti/s 1, 0, 2;
    %store/vec4 v0x628d33999c00_0, 0, 1;
    %delay 1000, 0;
    %load/vec4 v0x628d33999a60_0;
    %pad/u 9;
    %load/vec4 v0x628d33999b40_0;
    %pad/u 9;
    %add;
    %load/vec4 v0x628d33999c00_0;
    %pad/u 9;
    %add;
    %store/vec4 v0x628d3399a1c0_0, 0, 9;
    %load/vec4 v0x628d3399a7d0_0;
    %addi 1, 0, 32;
    %store/vec4 v0x628d3399a7d0_0, 0, 32;
    %load/vec4 v0x628d33999e70_0;
    %load/vec4 v0x628d3399a700_0;
    %concat/vec4; draw_concat_vec4
    %load/vec4 v0x628d3399a1c0_0;
    %cmp/ne;
    %jmp/0xz  T_1.6, 6;
    %load/vec4 v0x628d3399a050_0;
    %addi 1, 0, 32;
    %store/vec4 v0x628d3399a050_0, 0, 32;
    %load/vec4 v0x628d3399a050_0;
    %cmpi/s 5, 0, 32;
    %flag_or 5, 4;
    %jmp/0xz  T_1.8, 5;
    %load/vec4 v0x628d33999e70_0;
    %load/vec4 v0x628d3399a700_0;
    %concat/vec4; draw_concat_vec4
    %vpi_call 2 33 "$display", "RCA MISMATCH: a=%0d b=%0d cin=%0d got=%0d exp=%0d", v0x628d33999a60_0, v0x628d33999b40_0, v0x628d33999c00_0, S<0,vec4,u9>, v0x628d3399a1c0_0 {1 0 0};
T_1.8 ;
T_1.6 ;
    %load/vec4 v0x628d33999dd0_0;
    %load/vec4 v0x628d3399a630_0;
    %concat/vec4; draw_concat_vec4
    %load/vec4 v0x628d3399a1c0_0;
    %cmp/ne;
    %jmp/0xz  T_1.10, 6;
    %load/vec4 v0x628d33999fb0_0;
    %addi 1, 0, 32;
    %store/vec4 v0x628d33999fb0_0, 0, 32;
    %load/vec4 v0x628d33999fb0_0;
    %cmpi/s 5, 0, 32;
    %flag_or 5, 4;
    %jmp/0xz  T_1.12, 5;
    %load/vec4 v0x628d33999dd0_0;
    %load/vec4 v0x628d3399a630_0;
    %concat/vec4; draw_concat_vec4
    %vpi_call 2 39 "$display", "CLA MISMATCH: a=%0d b=%0d cin=%0d got=%0d exp=%0d", v0x628d33999a60_0, v0x628d33999b40_0, v0x628d33999c00_0, S<0,vec4,u9>, v0x628d3399a1c0_0 {1 0 0};
T_1.12 ;
T_1.10 ;
    %load/vec4 v0x628d33999d30_0;
    %load/vec4 v0x628d3399a540_0;
    %concat/vec4; draw_concat_vec4
    %load/vec4 v0x628d3399a1c0_0;
    %cmp/ne;
    %jmp/0xz  T_1.14, 6;
    %load/vec4 v0x628d33999f10_0;
    %addi 1, 0, 32;
    %store/vec4 v0x628d33999f10_0, 0, 32;
    %load/vec4 v0x628d33999f10_0;
    %cmpi/s 5, 0, 32;
    %flag_or 5, 4;
    %jmp/0xz  T_1.16, 5;
    %load/vec4 v0x628d33999d30_0;
    %load/vec4 v0x628d3399a540_0;
    %concat/vec4; draw_concat_vec4
    %vpi_call 2 45 "$display", "BKA MISMATCH: a=%0d b=%0d cin=%0d got=%0d exp=%0d", v0x628d33999a60_0, v0x628d33999b40_0, v0x628d33999c00_0, S<0,vec4,u9>, v0x628d3399a1c0_0 {1 0 0};
T_1.16 ;
T_1.14 ;
    %load/vec4 v0x628d3399a460_0;
    %addi 1, 0, 32;
    %store/vec4 v0x628d3399a460_0, 0, 32;
    %jmp T_1.4;
T_1.5 ;
    %load/vec4 v0x628d3399a380_0;
    %addi 1, 0, 32;
    %store/vec4 v0x628d3399a380_0, 0, 32;
    %jmp T_1.2;
T_1.3 ;
    %load/vec4 v0x628d3399a2a0_0;
    %addi 1, 0, 32;
    %store/vec4 v0x628d3399a2a0_0, 0, 32;
    %jmp T_1.0;
T_1.1 ;
    %vpi_call 2 52 "$display", "==========================================" {0 0 0};
    %vpi_call 2 53 "$display", "Total vectors tested : %0d", v0x628d3399a7d0_0 {0 0 0};
    %load/vec4 v0x628d3399a050_0;
    %cmpi/e 0, 0, 32;
    %flag_mov 8, 4;
    %jmp/0 T_1.18, 8;
    %pushi/vec4 1346458451, 0, 32; draw_string_vec4
    %jmp/1 T_1.19, 8;
T_1.18 ; End of true expr.
    %pushi/vec4 1178683724, 0, 32; draw_string_vec4
    %jmp/0 T_1.19, 8;
 ; End of false expr.
    %blend;
T_1.19;
    %vpi_call 2 54 "$display", "RCA errors : %0d (%s)", v0x628d3399a050_0, S<0,vec4,u32> {1 0 0};
    %load/vec4 v0x628d33999fb0_0;
    %cmpi/e 0, 0, 32;
    %flag_mov 8, 4;
    %jmp/0 T_1.20, 8;
    %pushi/vec4 1346458451, 0, 32; draw_string_vec4
    %jmp/1 T_1.21, 8;
T_1.20 ; End of true expr.
    %pushi/vec4 1178683724, 0, 32; draw_string_vec4
    %jmp/0 T_1.21, 8;
 ; End of false expr.
    %blend;
T_1.21;
    %vpi_call 2 55 "$display", "CLA errors : %0d (%s)", v0x628d33999fb0_0, S<0,vec4,u32> {1 0 0};
    %load/vec4 v0x628d33999f10_0;
    %cmpi/e 0, 0, 32;
    %flag_mov 8, 4;
    %jmp/0 T_1.22, 8;
    %pushi/vec4 1346458451, 0, 32; draw_string_vec4
    %jmp/1 T_1.23, 8;
T_1.22 ; End of true expr.
    %pushi/vec4 1178683724, 0, 32; draw_string_vec4
    %jmp/0 T_1.23, 8;
 ; End of false expr.
    %blend;
T_1.23;
    %vpi_call 2 56 "$display", "BKA errors : %0d (%s)", v0x628d33999f10_0, S<0,vec4,u32> {1 0 0};
    %vpi_call 2 57 "$display", "==========================================" {0 0 0};
    %vpi_call 2 58 "$finish" {0 0 0};
    %end;
    .thread T_1;
# The file index is used to find the file name in the following table.
:file_names 7;
    "N/A";
    "<interactive>";
    "tb_adders.v";
    "bka_8bit.v";
    "cla_8bit.v";
    "rca_8bit.v";
    "full_adder.v";
