#! /usr/bin/vvp
:ivl_version "11.0 (stable)";
:ivl_delay_selection "TYPICAL";
:vpi_time_precision - 12;
:vpi_module "/usr/lib/x86_64-linux-gnu/ivl/system.vpi";
:vpi_module "/usr/lib/x86_64-linux-gnu/ivl/vhdl_sys.vpi";
:vpi_module "/usr/lib/x86_64-linux-gnu/ivl/vhdl_textio.vpi";
:vpi_module "/usr/lib/x86_64-linux-gnu/ivl/v2005_math.vpi";
:vpi_module "/usr/lib/x86_64-linux-gnu/ivl/va_math.vpi";
S_0x65273e04df80 .scope module, "tb_waveform" "tb_waveform" 2 3;
 .timescale -9 -12;
v0x65273e0837c0_0 .var "a", 7 0;
v0x65273e0838a0_0 .var "b", 7 0;
v0x65273e083960_0 .var "cin", 0 0;
v0x65273e083a90_0 .net "cout_bka", 0 0, L_0x65273e0b17d0;  1 drivers
v0x65273e083b30_0 .net "cout_cla", 0 0, L_0x65273e0ab610;  1 drivers
v0x65273e083bd0_0 .net "cout_rca", 0 0, L_0x65273e0888d0;  1 drivers
v0x65273e083c70_0 .net "sum_bka", 7 0, L_0x65273e0b1120;  1 drivers
v0x65273e083d40_0 .net "sum_cla", 7 0, L_0x65273e0ab500;  1 drivers
v0x65273e083e10_0 .net "sum_rca", 7 0, L_0x65273e088060;  1 drivers
S_0x65273dfda120 .scope module, "BKA" "bka_8bit" 2 11, 3 1 0, S_0x65273e04df80;
 .timescale 0 0;
    .port_info 0 /INPUT 8 "a";
    .port_info 1 /INPUT 8 "b";
    .port_info 2 /INPUT 1 "cin";
    .port_info 3 /OUTPUT 8 "sum";
    .port_info 4 /OUTPUT 1 "cout";
L_0x65273e0ab700 .functor AND 8, v0x65273e0837c0_0, v0x65273e0838a0_0, C4<11111111>, C4<11111111>;
L_0x65273e0ab770 .functor XOR 8, v0x65273e0837c0_0, v0x65273e0838a0_0, C4<00000000>, C4<00000000>;
L_0x65273e0ab9c0 .functor AND 1, L_0x65273e0ab8d0, v0x65273e083960_0, C4<1>, C4<1>;
L_0x65273e0aba80 .functor OR 1, L_0x65273e0ab7e0, L_0x65273e0ab9c0, C4<0>, C4<0>;
L_0x65273e0abcd0 .functor AND 1, L_0x65273e0abc30, L_0x65273e0aba80, C4<1>, C4<1>;
L_0x65273e0abde0 .functor OR 1, L_0x65273e0abb90, L_0x65273e0abcd0, C4<0>, C4<0>;
L_0x65273e0abf90 .functor AND 1, L_0x65273e0abef0, L_0x65273e0aac10, C4<1>, C4<1>;
L_0x65273e0aaf30 .functor AND 1, L_0x65273e0aada0, L_0x65273e0aae90, C4<1>, C4<1>;
L_0x65273e0ab040 .functor OR 1, L_0x65273e0aad00, L_0x65273e0aaf30, C4<0>, C4<0>;
L_0x65273e0acc40 .functor AND 1, L_0x65273e0acaa0, L_0x65273e0acba0, C4<1>, C4<1>;
L_0x65273e0ace00 .functor AND 1, L_0x65273e0ace70, L_0x65273e0acf10, C4<1>, C4<1>;
L_0x65273e0ad080 .functor OR 1, L_0x65273e0acd60, L_0x65273e0ace00, C4<0>, C4<0>;
L_0x65273e0ad3d0 .functor AND 1, L_0x65273e0ad200, L_0x65273e0ad2a0, C4<1>, C4<1>;
L_0x65273e0ad760 .functor AND 1, L_0x65273e0ad580, L_0x65273e0ad6c0, C4<1>, C4<1>;
L_0x65273e0ad190 .functor OR 1, L_0x65273e0ad4e0, L_0x65273e0ad760, C4<0>, C4<0>;
L_0x65273e0adae0 .functor AND 1, L_0x65273e0ad990, L_0x65273e0ad620, C4<1>, C4<1>;
L_0x65273e0adc80 .functor AND 1, L_0x65273e0acc40, L_0x65273e0abde0, C4<1>, C4<1>;
L_0x65273e0add90 .functor OR 1, L_0x65273e0ab040, L_0x65273e0adc80, C4<0>, C4<0>;
L_0x65273e0adf40 .functor AND 1, L_0x65273e0acc40, L_0x65273e0abf90, C4<1>, C4<1>;
L_0x65273e0ae000 .functor AND 1, L_0x65273e0adae0, L_0x65273e0ad080, C4<1>, C4<1>;
L_0x65273e0ae1c0 .functor OR 1, L_0x65273e0ad190, L_0x65273e0ae000, C4<0>, C4<0>;
L_0x65273e0ae2d0 .functor AND 1, L_0x65273e0adae0, L_0x65273e0ad3d0, C4<1>, C4<1>;
L_0x65273e0ae450 .functor AND 1, L_0x65273e0ae2d0, L_0x65273e0add90, C4<1>, C4<1>;
L_0x65273e0ae560 .functor OR 1, L_0x65273e0ae1c0, L_0x65273e0ae450, C4<0>, C4<0>;
L_0x65273e0ae740 .functor AND 1, L_0x65273e0ae2d0, L_0x65273e0adf40, C4<1>, C4<1>;
L_0x65273e0ae960 .functor AND 1, L_0x65273e0ae8c0, L_0x65273e0abde0, C4<1>, C4<1>;
L_0x65273e0aeb00 .functor OR 1, L_0x65273e0adea0, L_0x65273e0ae960, C4<0>, C4<0>;
L_0x65273e0aed80 .functor AND 1, L_0x65273e0aec10, L_0x65273e0abf90, C4<1>, C4<1>;
L_0x65273e0af150 .functor AND 1, L_0x65273e0aefd0, L_0x65273e0add90, C4<1>, C4<1>;
L_0x65273e0af210 .functor OR 1, L_0x65273e0aef30, L_0x65273e0af150, C4<0>, C4<0>;
L_0x65273e0af4c0 .functor AND 1, L_0x65273e0af420, L_0x65273e0adf40, C4<1>, C4<1>;
L_0x65273e0af580 .functor AND 1, L_0x65273e0ad3d0, L_0x65273e0add90, C4<1>, C4<1>;
L_0x65273e0af700 .functor OR 1, L_0x65273e0ad080, L_0x65273e0af580, C4<0>, C4<0>;
L_0x65273e0af770 .functor AND 1, L_0x65273e0ad3d0, L_0x65273e0adf40, C4<1>, C4<1>;
L_0x65273e0afb30 .functor AND 1, L_0x65273e0afa90, L_0x65273e0af700, C4<1>, C4<1>;
L_0x65273e0afba0 .functor OR 1, L_0x65273e0af900, L_0x65273e0afb30, C4<0>, C4<0>;
L_0x65273e0af880 .functor AND 1, L_0x65273e0af7e0, L_0x65273e0af770, C4<1>, C4<1>;
L_0x65273e0b0020 .functor XOR 1, L_0x65273e0aff80, v0x65273e083960_0, C4<0>, C4<0>;
L_0x65273e0b03d0 .functor XOR 1, L_0x65273e0b0220, L_0x65273e0aba80, C4<0>, C4<0>;
L_0x65273e0b0530 .functor XOR 1, L_0x65273e0b0490, L_0x65273e0abde0, C4<0>, C4<0>;
L_0x65273e0b0900 .functor XOR 1, L_0x65273e0b0740, L_0x65273e0aeb00, C4<0>, C4<0>;
L_0x65273e0b0a60 .functor XOR 1, L_0x65273e0b09c0, L_0x65273e0add90, C4<0>, C4<0>;
L_0x65273e0b07e0 .functor XOR 1, L_0x65273e0b0c80, L_0x65273e0af210, C4<0>, C4<0>;
L_0x65273e0b0ef0 .functor XOR 1, L_0x65273e0b0e50, L_0x65273e0af700, C4<0>, C4<0>;
L_0x65273e0b1670 .functor XOR 1, L_0x65273e0b15d0, L_0x65273e0afba0, C4<0>, C4<0>;
L_0x65273e0b17d0 .functor BUFZ 1, L_0x65273e0ae560, C4<0>, C4<0>, C4<0>;
v0x65273dfbed00_0 .net "G1_0", 0 0, L_0x65273e0abde0;  1 drivers
v0x65273e04b6a0_0 .net "G2_0", 0 0, L_0x65273e0aeb00;  1 drivers
v0x65273e04ac60_0 .net "G3_0", 0 0, L_0x65273e0add90;  1 drivers
v0x65273e04a220_0 .net "G3_2", 0 0, L_0x65273e0ab040;  1 drivers
v0x65273e0497e0_0 .net "G4_0", 0 0, L_0x65273e0af210;  1 drivers
v0x65273e048d70_0 .net "G5_0", 0 0, L_0x65273e0af700;  1 drivers
v0x65273e064e10_0 .net "G5_4", 0 0, L_0x65273e0ad080;  1 drivers
v0x65273e064ed0_0 .net "G6_0", 0 0, L_0x65273e0afba0;  1 drivers
v0x65273e064f90_0 .net "G7_0", 0 0, L_0x65273e0ae560;  1 drivers
v0x65273e065050_0 .net "G7_4", 0 0, L_0x65273e0ae1c0;  1 drivers
v0x65273e065110_0 .net "G7_6", 0 0, L_0x65273e0ad190;  1 drivers
v0x65273e0651d0_0 .net "P1_0", 0 0, L_0x65273e0abf90;  1 drivers
v0x65273e065290_0 .net "P2_0", 0 0, L_0x65273e0aed80;  1 drivers
v0x65273e065350_0 .net "P3_0", 0 0, L_0x65273e0adf40;  1 drivers
v0x65273e065410_0 .net "P3_2", 0 0, L_0x65273e0acc40;  1 drivers
v0x65273e0654d0_0 .net "P4_0", 0 0, L_0x65273e0af4c0;  1 drivers
v0x65273e065590_0 .net "P5_0", 0 0, L_0x65273e0af770;  1 drivers
v0x65273e065650_0 .net "P5_4", 0 0, L_0x65273e0ad3d0;  1 drivers
v0x65273e065710_0 .net "P6_0", 0 0, L_0x65273e0af880;  1 drivers
v0x65273e0657d0_0 .net "P7_0", 0 0, L_0x65273e0ae740;  1 drivers
v0x65273e065890_0 .net "P7_4", 0 0, L_0x65273e0ae2d0;  1 drivers
v0x65273e065950_0 .net "P7_6", 0 0, L_0x65273e0adae0;  1 drivers
v0x65273e065a10_0 .net *"_ivl_101", 0 0, L_0x65273e0aec10;  1 drivers
v0x65273e065af0_0 .net *"_ivl_105", 0 0, L_0x65273e0aef30;  1 drivers
v0x65273e065bd0_0 .net *"_ivl_107", 0 0, L_0x65273e0aefd0;  1 drivers
v0x65273e065cb0_0 .net *"_ivl_108", 0 0, L_0x65273e0af150;  1 drivers
v0x65273e065d90_0 .net *"_ivl_113", 0 0, L_0x65273e0af420;  1 drivers
v0x65273e065e70_0 .net *"_ivl_116", 0 0, L_0x65273e0af580;  1 drivers
v0x65273e065f50_0 .net *"_ivl_123", 0 0, L_0x65273e0af900;  1 drivers
v0x65273e066030_0 .net *"_ivl_125", 0 0, L_0x65273e0afa90;  1 drivers
v0x65273e066110_0 .net *"_ivl_126", 0 0, L_0x65273e0afb30;  1 drivers
v0x65273e0661f0_0 .net *"_ivl_13", 0 0, L_0x65273e0abb90;  1 drivers
v0x65273e0662d0_0 .net *"_ivl_131", 0 0, L_0x65273e0af7e0;  1 drivers
v0x65273e0663b0_0 .net *"_ivl_137", 0 0, L_0x65273e0aff80;  1 drivers
v0x65273e066490_0 .net *"_ivl_138", 0 0, L_0x65273e0b0020;  1 drivers
v0x65273e066570_0 .net *"_ivl_143", 0 0, L_0x65273e0b0220;  1 drivers
v0x65273e066650_0 .net *"_ivl_144", 0 0, L_0x65273e0b03d0;  1 drivers
v0x65273e066730_0 .net *"_ivl_149", 0 0, L_0x65273e0b0490;  1 drivers
v0x65273e066810_0 .net *"_ivl_15", 0 0, L_0x65273e0abc30;  1 drivers
v0x65273e0668f0_0 .net *"_ivl_150", 0 0, L_0x65273e0b0530;  1 drivers
v0x65273e0669d0_0 .net *"_ivl_155", 0 0, L_0x65273e0b0740;  1 drivers
v0x65273e066ab0_0 .net *"_ivl_156", 0 0, L_0x65273e0b0900;  1 drivers
v0x65273e066b90_0 .net *"_ivl_16", 0 0, L_0x65273e0abcd0;  1 drivers
v0x65273e066c70_0 .net *"_ivl_161", 0 0, L_0x65273e0b09c0;  1 drivers
v0x65273e066d50_0 .net *"_ivl_162", 0 0, L_0x65273e0b0a60;  1 drivers
v0x65273e066e30_0 .net *"_ivl_167", 0 0, L_0x65273e0b0c80;  1 drivers
v0x65273e066f10_0 .net *"_ivl_168", 0 0, L_0x65273e0b07e0;  1 drivers
v0x65273e066ff0_0 .net *"_ivl_173", 0 0, L_0x65273e0b0e50;  1 drivers
v0x65273e0670d0_0 .net *"_ivl_174", 0 0, L_0x65273e0b0ef0;  1 drivers
v0x65273e0671b0_0 .net *"_ivl_180", 0 0, L_0x65273e0b15d0;  1 drivers
v0x65273e067290_0 .net *"_ivl_181", 0 0, L_0x65273e0b1670;  1 drivers
v0x65273e067370_0 .net *"_ivl_21", 0 0, L_0x65273e0abef0;  1 drivers
v0x65273e067450_0 .net *"_ivl_23", 0 0, L_0x65273e0aac10;  1 drivers
v0x65273e067530_0 .net *"_ivl_27", 0 0, L_0x65273e0aad00;  1 drivers
v0x65273e067610_0 .net *"_ivl_29", 0 0, L_0x65273e0aada0;  1 drivers
v0x65273e0676f0_0 .net *"_ivl_31", 0 0, L_0x65273e0aae90;  1 drivers
v0x65273e0677d0_0 .net *"_ivl_32", 0 0, L_0x65273e0aaf30;  1 drivers
v0x65273e0678b0_0 .net *"_ivl_37", 0 0, L_0x65273e0acaa0;  1 drivers
v0x65273e067990_0 .net *"_ivl_39", 0 0, L_0x65273e0acba0;  1 drivers
v0x65273e067a70_0 .net *"_ivl_43", 0 0, L_0x65273e0acd60;  1 drivers
v0x65273e067b50_0 .net *"_ivl_45", 0 0, L_0x65273e0ace70;  1 drivers
v0x65273e067c30_0 .net *"_ivl_47", 0 0, L_0x65273e0acf10;  1 drivers
v0x65273e067d10_0 .net *"_ivl_48", 0 0, L_0x65273e0ace00;  1 drivers
v0x65273e067df0_0 .net *"_ivl_5", 0 0, L_0x65273e0ab7e0;  1 drivers
v0x65273e067ed0_0 .net *"_ivl_53", 0 0, L_0x65273e0ad200;  1 drivers
v0x65273e0683c0_0 .net *"_ivl_55", 0 0, L_0x65273e0ad2a0;  1 drivers
v0x65273e0684a0_0 .net *"_ivl_59", 0 0, L_0x65273e0ad4e0;  1 drivers
v0x65273e068580_0 .net *"_ivl_61", 0 0, L_0x65273e0ad580;  1 drivers
v0x65273e068660_0 .net *"_ivl_63", 0 0, L_0x65273e0ad6c0;  1 drivers
v0x65273e068740_0 .net *"_ivl_64", 0 0, L_0x65273e0ad760;  1 drivers
v0x65273e068820_0 .net *"_ivl_69", 0 0, L_0x65273e0ad990;  1 drivers
v0x65273e068900_0 .net *"_ivl_7", 0 0, L_0x65273e0ab8d0;  1 drivers
v0x65273e0689e0_0 .net *"_ivl_71", 0 0, L_0x65273e0ad620;  1 drivers
v0x65273e068ac0_0 .net *"_ivl_74", 0 0, L_0x65273e0adc80;  1 drivers
v0x65273e068ba0_0 .net *"_ivl_8", 0 0, L_0x65273e0ab9c0;  1 drivers
v0x65273e068c80_0 .net *"_ivl_80", 0 0, L_0x65273e0ae000;  1 drivers
v0x65273e068d60_0 .net *"_ivl_86", 0 0, L_0x65273e0ae450;  1 drivers
v0x65273e068e40_0 .net *"_ivl_93", 0 0, L_0x65273e0adea0;  1 drivers
v0x65273e068f20_0 .net *"_ivl_95", 0 0, L_0x65273e0ae8c0;  1 drivers
v0x65273e069000_0 .net *"_ivl_96", 0 0, L_0x65273e0ae960;  1 drivers
v0x65273e0690e0_0 .net "a", 7 0, v0x65273e0837c0_0;  1 drivers
v0x65273e0691c0_0 .net "b", 7 0, v0x65273e0838a0_0;  1 drivers
v0x65273e0692a0_0 .net "cin", 0 0, v0x65273e083960_0;  1 drivers
v0x65273e069360_0 .net "cout", 0 0, L_0x65273e0b17d0;  alias, 1 drivers
v0x65273e069420_0 .net "g", 7 0, L_0x65273e0ab700;  1 drivers
v0x65273e069500_0 .net "g0_eff", 0 0, L_0x65273e0aba80;  1 drivers
v0x65273e0695c0_0 .net "p", 7 0, L_0x65273e0ab770;  1 drivers
v0x65273e0696a0_0 .net "sum", 7 0, L_0x65273e0b1120;  alias, 1 drivers
L_0x65273e0ab7e0 .part L_0x65273e0ab700, 0, 1;
L_0x65273e0ab8d0 .part L_0x65273e0ab770, 0, 1;
L_0x65273e0abb90 .part L_0x65273e0ab700, 1, 1;
L_0x65273e0abc30 .part L_0x65273e0ab770, 1, 1;
L_0x65273e0abef0 .part L_0x65273e0ab770, 1, 1;
L_0x65273e0aac10 .part L_0x65273e0ab770, 0, 1;
L_0x65273e0aad00 .part L_0x65273e0ab700, 3, 1;
L_0x65273e0aada0 .part L_0x65273e0ab770, 3, 1;
L_0x65273e0aae90 .part L_0x65273e0ab700, 2, 1;
L_0x65273e0acaa0 .part L_0x65273e0ab770, 3, 1;
L_0x65273e0acba0 .part L_0x65273e0ab770, 2, 1;
L_0x65273e0acd60 .part L_0x65273e0ab700, 5, 1;
L_0x65273e0ace70 .part L_0x65273e0ab770, 5, 1;
L_0x65273e0acf10 .part L_0x65273e0ab700, 4, 1;
L_0x65273e0ad200 .part L_0x65273e0ab770, 5, 1;
L_0x65273e0ad2a0 .part L_0x65273e0ab770, 4, 1;
L_0x65273e0ad4e0 .part L_0x65273e0ab700, 7, 1;
L_0x65273e0ad580 .part L_0x65273e0ab770, 7, 1;
L_0x65273e0ad6c0 .part L_0x65273e0ab700, 6, 1;
L_0x65273e0ad990 .part L_0x65273e0ab770, 7, 1;
L_0x65273e0ad620 .part L_0x65273e0ab770, 6, 1;
L_0x65273e0adea0 .part L_0x65273e0ab700, 2, 1;
L_0x65273e0ae8c0 .part L_0x65273e0ab770, 2, 1;
L_0x65273e0aec10 .part L_0x65273e0ab770, 2, 1;
L_0x65273e0aef30 .part L_0x65273e0ab700, 4, 1;
L_0x65273e0aefd0 .part L_0x65273e0ab770, 4, 1;
L_0x65273e0af420 .part L_0x65273e0ab770, 4, 1;
L_0x65273e0af900 .part L_0x65273e0ab700, 6, 1;
L_0x65273e0afa90 .part L_0x65273e0ab770, 6, 1;
L_0x65273e0af7e0 .part L_0x65273e0ab770, 6, 1;
L_0x65273e0aff80 .part L_0x65273e0ab770, 0, 1;
L_0x65273e0b0220 .part L_0x65273e0ab770, 1, 1;
L_0x65273e0b0490 .part L_0x65273e0ab770, 2, 1;
L_0x65273e0b0740 .part L_0x65273e0ab770, 3, 1;
L_0x65273e0b09c0 .part L_0x65273e0ab770, 4, 1;
L_0x65273e0b0c80 .part L_0x65273e0ab770, 5, 1;
L_0x65273e0b0e50 .part L_0x65273e0ab770, 6, 1;
LS_0x65273e0b1120_0_0 .concat8 [ 1 1 1 1], L_0x65273e0b0020, L_0x65273e0b03d0, L_0x65273e0b0530, L_0x65273e0b0900;
LS_0x65273e0b1120_0_4 .concat8 [ 1 1 1 1], L_0x65273e0b0a60, L_0x65273e0b07e0, L_0x65273e0b0ef0, L_0x65273e0b1670;
L_0x65273e0b1120 .concat8 [ 4 4 0 0], LS_0x65273e0b1120_0_0, LS_0x65273e0b1120_0_4;
L_0x65273e0b15d0 .part L_0x65273e0ab770, 7, 1;
S_0x65273dfcce30 .scope module, "CLA" "cla_8bit" 2 10, 4 1 0, S_0x65273e04df80;
 .timescale 0 0;
    .port_info 0 /INPUT 8 "a";
    .port_info 1 /INPUT 8 "b";
    .port_info 2 /INPUT 1 "cin";
    .port_info 3 /OUTPUT 8 "sum";
    .port_info 4 /OUTPUT 1 "cout";
L_0x65273e088aa0 .functor AND 8, v0x65273e0837c0_0, v0x65273e0838a0_0, C4<11111111>, C4<11111111>;
L_0x65273e088b10 .functor XOR 8, v0x65273e0837c0_0, v0x65273e0838a0_0, C4<00000000>, C4<00000000>;
L_0x65273e088b80 .functor BUFZ 1, v0x65273e083960_0, C4<0>, C4<0>, C4<0>;
L_0x65273e088e70 .functor AND 1, L_0x65273e088ce0, L_0x65273e088dd0, C4<1>, C4<1>;
L_0x65273e088f80 .functor OR 1, L_0x65273e088bf0, L_0x65273e088e70, C4<0>, C4<0>;
L_0x65273e0892b0 .functor AND 1, L_0x65273e089130, L_0x65273e0891d0, C4<1>, C4<1>;
L_0x65273e0893b0 .functor OR 1, L_0x65273e089090, L_0x65273e0892b0, C4<0>, C4<0>;
L_0x65273e0896e0 .functor AND 1, L_0x65273e0894c0, L_0x65273e0895f0, C4<1>, C4<1>;
L_0x65273e0898e0 .functor AND 1, L_0x65273e0896e0, L_0x65273e0897f0, C4<1>, C4<1>;
L_0x65273e0899f0 .functor OR 1, L_0x65273e0893b0, L_0x65273e0898e0, C4<0>, C4<0>;
L_0x65273e089e10 .functor AND 1, L_0x65273e089c60, L_0x65273e089d00, C4<1>, C4<1>;
L_0x65273e089e80 .functor OR 1, L_0x65273e089b60, L_0x65273e089e10, C4<0>, C4<0>;
L_0x65273e089da0 .functor AND 1, L_0x65273e08a000, L_0x65273e08a0a0, C4<1>, C4<1>;
L_0x65273e08a410 .functor AND 1, L_0x65273e089da0, L_0x65273e08a370, C4<1>, C4<1>;
L_0x65273e089f90 .functor OR 1, L_0x65273e089e80, L_0x65273e08a410, C4<0>, C4<0>;
L_0x65273e08a810 .functor AND 1, L_0x65273e08a640, L_0x65273e08a770, C4<1>, C4<1>;
L_0x65273e08aaf0 .functor AND 1, L_0x65273e08a810, L_0x65273e08a9b0, C4<1>, C4<1>;
L_0x65273e08aca0 .functor AND 1, L_0x65273e08aaf0, L_0x65273e08ac00, C4<1>, C4<1>;
L_0x65273e08ae50 .functor OR 1, L_0x65273e089f90, L_0x65273e08aca0, C4<0>, C4<0>;
L_0x65273e08b320 .functor AND 1, L_0x65273e08aa50, L_0x65273e08b1c0, C4<1>, C4<1>;
L_0x65273e08b4e0 .functor OR 1, L_0x65273e08af60, L_0x65273e08b320, C4<0>, C4<0>;
L_0x65273e08b760 .functor AND 1, L_0x65273e08adb0, L_0x65273e08b5f0, C4<1>, C4<1>;
L_0x65273e08b9d0 .functor AND 1, L_0x65273e08b760, L_0x65273e08b930, C4<1>, C4<1>;
L_0x65273e08bae0 .functor OR 1, L_0x65273e08b4e0, L_0x65273e08b9d0, C4<0>, C4<0>;
L_0x65273e08bee0 .functor AND 1, L_0x65273e08bcc0, L_0x65273e08be40, C4<1>, C4<1>;
L_0x65273e08c180 .functor AND 1, L_0x65273e08bee0, L_0x65273e08bff0, C4<1>, C4<1>;
L_0x65273e08c410 .functor AND 1, L_0x65273e08c180, L_0x65273e08c370, C4<1>, C4<1>;
L_0x65273e08c520 .functor OR 1, L_0x65273e08bae0, L_0x65273e08c410, C4<0>, C4<0>;
L_0x65273e08c960 .functor AND 1, L_0x65273e08c720, L_0x65273e08c8c0, C4<1>, C4<1>;
L_0x65273e08cc20 .functor AND 1, L_0x65273e08c960, L_0x65273e08ca70, C4<1>, C4<1>;
L_0x65273e08ced0 .functor AND 1, L_0x65273e08cc20, L_0x65273e08ce30, C4<1>, C4<1>;
L_0x65273e08d1a0 .functor AND 1, L_0x65273e08ced0, L_0x65273e08cfe0, C4<1>, C4<1>;
L_0x65273e08d370 .functor OR 1, L_0x65273e08c520, L_0x65273e08d1a0, C4<0>, C4<0>;
L_0x65273e08d120 .functor AND 1, L_0x65273e08d520, L_0x65273e08d080, C4<1>, C4<1>;
L_0x65273e08d8b0 .functor OR 1, L_0x65273e08d480, L_0x65273e08d120, C4<0>, C4<0>;
L_0x65273e08dc40 .functor AND 1, L_0x65273e08d9c0, L_0x65273e08dba0, C4<1>, C4<1>;
L_0x65273e08d830 .functor AND 1, L_0x65273e08dc40, L_0x65273e08d790, C4<1>, C4<1>;
L_0x65273e08e070 .functor OR 1, L_0x65273e08d8b0, L_0x65273e08d830, C4<0>, C4<0>;
L_0x65273e08e560 .functor AND 1, L_0x65273e08e2c0, L_0x65273e08e360, C4<1>, C4<1>;
L_0x65273e08e710 .functor AND 1, L_0x65273e08e560, L_0x65273e08e670, C4<1>, C4<1>;
L_0x65273e08eb80 .functor AND 1, L_0x65273e08e710, L_0x65273e08e970, C4<1>, C4<1>;
L_0x65273e08ec90 .functor OR 1, L_0x65273e08e070, L_0x65273e08eb80, C4<0>, C4<0>;
L_0x65273e08f1c0 .functor AND 1, L_0x65273e08ef00, L_0x65273e08efa0, C4<1>, C4<1>;
L_0x65273e08f370 .functor AND 1, L_0x65273e08f1c0, L_0x65273e08f2d0, C4<1>, C4<1>;
L_0x65273e08f820 .functor AND 1, L_0x65273e08f370, L_0x65273e08f5f0, C4<1>, C4<1>;
L_0x65273e08fbe0 .functor AND 1, L_0x65273e08f820, L_0x65273e08f930, C4<1>, C4<1>;
L_0x65273e08fe70 .functor OR 1, L_0x65273e08ec90, L_0x65273e08fbe0, C4<0>, C4<0>;
L_0x65273e090260 .functor AND 1, L_0x65273e08ff80, L_0x65273e0901c0, C4<1>, C4<1>;
L_0x65273e090750 .functor AND 1, L_0x65273e090260, L_0x65273e090500, C4<1>, C4<1>;
L_0x65273e090900 .functor AND 1, L_0x65273e090750, L_0x65273e090860, C4<1>, C4<1>;
L_0x65273e090e10 .functor AND 1, L_0x65273e090900, L_0x65273e090bb0, C4<1>, C4<1>;
L_0x65273e090fc0 .functor AND 1, L_0x65273e090e10, L_0x65273e090f20, C4<1>, C4<1>;
L_0x65273e091280 .functor OR 1, L_0x65273e08fe70, L_0x65273e090fc0, C4<0>, C4<0>;
L_0x65273e091920 .functor AND 1, L_0x65273e091600, L_0x65273e0916a0, C4<1>, C4<1>;
L_0x65273e091bf0 .functor OR 1, L_0x65273e091390, L_0x65273e091920, C4<0>, C4<0>;
L_0x65273e092030 .functor AND 1, L_0x65273e091d00, L_0x65273e091da0, C4<1>, C4<1>;
L_0x65273e0923b0 .functor AND 1, L_0x65273e092030, L_0x65273e092310, C4<1>, C4<1>;
L_0x65273e0924c0 .functor OR 1, L_0x65273e091bf0, L_0x65273e0923b0, C4<0>, C4<0>;
L_0x65273e092af0 .functor AND 1, L_0x65273e0927b0, L_0x65273e092a50, C4<1>, C4<1>;
L_0x65273e092eb0 .functor AND 1, L_0x65273e092af0, L_0x65273e092c00, C4<1>, C4<1>;
L_0x65273e093250 .functor AND 1, L_0x65273e092eb0, L_0x65273e0931b0, C4<1>, C4<1>;
L_0x65273e093360 .functor OR 1, L_0x65273e0924c0, L_0x65273e093250, C4<0>, C4<0>;
L_0x65273e0939d0 .functor AND 1, L_0x65273e093670, L_0x65273e093930, C4<1>, C4<1>;
L_0x65273e093db0 .functor AND 1, L_0x65273e0939d0, L_0x65273e093ae0, C4<1>, C4<1>;
L_0x65273e094170 .functor AND 1, L_0x65273e093db0, L_0x65273e0940d0, C4<1>, C4<1>;
L_0x65273e094560 .functor AND 1, L_0x65273e094170, L_0x65273e094280, C4<1>, C4<1>;
L_0x65273e094890 .functor OR 1, L_0x65273e093360, L_0x65273e094560, C4<0>, C4<0>;
L_0x65273e094d30 .functor AND 1, L_0x65273e0949a0, L_0x65273e094a40, C4<1>, C4<1>;
L_0x65273e095110 .functor AND 1, L_0x65273e094d30, L_0x65273e095070, C4<1>, C4<1>;
L_0x65273e095520 .functor AND 1, L_0x65273e095110, L_0x65273e095220, C4<1>, C4<1>;
L_0x65273e095910 .functor AND 1, L_0x65273e095520, L_0x65273e095870, C4<1>, C4<1>;
L_0x65273e095d30 .functor AND 1, L_0x65273e095910, L_0x65273e095a20, C4<1>, C4<1>;
L_0x65273e096090 .functor OR 1, L_0x65273e094890, L_0x65273e095d30, C4<0>, C4<0>;
L_0x65273e096560 .functor AND 1, L_0x65273e0961a0, L_0x65273e096240, C4<1>, C4<1>;
L_0x65273e096970 .functor AND 1, L_0x65273e096560, L_0x65273e0968d0, C4<1>, C4<1>;
L_0x65273e096db0 .functor AND 1, L_0x65273e096970, L_0x65273e096a80, C4<1>, C4<1>;
L_0x65273e0971d0 .functor AND 1, L_0x65273e096db0, L_0x65273e097130, C4<1>, C4<1>;
L_0x65273e097620 .functor AND 1, L_0x65273e0971d0, L_0x65273e0972e0, C4<1>, C4<1>;
L_0x65273e097a50 .functor AND 1, L_0x65273e097620, L_0x65273e0979b0, C4<1>, C4<1>;
L_0x65273e097b60 .functor OR 1, L_0x65273e096090, L_0x65273e097a50, C4<0>, C4<0>;
L_0x65273e098650 .functor AND 1, L_0x65273e098250, L_0x65273e0982f0, C4<1>, C4<1>;
L_0x65273e098760 .functor OR 1, L_0x65273e097f00, L_0x65273e098650, C4<0>, C4<0>;
L_0x65273e098f20 .functor AND 1, L_0x65273e098b10, L_0x65273e098bb0, C4<1>, C4<1>;
L_0x65273e0990d0 .functor AND 1, L_0x65273e098f20, L_0x65273e099030, C4<1>, C4<1>;
L_0x65273e099490 .functor OR 1, L_0x65273e098760, L_0x65273e0990d0, C4<0>, C4<0>;
L_0x65273e0999c0 .functor AND 1, L_0x65273e0995a0, L_0x65273e099920, C4<1>, C4<1>;
L_0x65273e09a120 .functor AND 1, L_0x65273e0999c0, L_0x65273e099d90, C4<1>, C4<1>;
L_0x65273e09a2d0 .functor AND 1, L_0x65273e09a120, L_0x65273e09a230, C4<1>, C4<1>;
L_0x65273e09a6b0 .functor OR 1, L_0x65273e099490, L_0x65273e09a2d0, C4<0>, C4<0>;
L_0x65273e09b410 .functor AND 1, L_0x65273e09a7c0, L_0x65273e09b370, C4<1>, C4<1>;
L_0x65273e09bbb0 .functor AND 1, L_0x65273e09b410, L_0x65273e09b800, C4<1>, C4<1>;
L_0x65273e09bd60 .functor AND 1, L_0x65273e09bbb0, L_0x65273e09bcc0, C4<1>, C4<1>;
L_0x65273e09c520 .functor AND 1, L_0x65273e09bd60, L_0x65273e09c160, C4<1>, C4<1>;
L_0x65273e09c630 .functor OR 1, L_0x65273e09a6b0, L_0x65273e09c520, C4<0>, C4<0>;
L_0x65273e09ceb0 .functor AND 1, L_0x65273e09ca40, L_0x65273e09cae0, C4<1>, C4<1>;
L_0x65273e09d060 .functor AND 1, L_0x65273e09ceb0, L_0x65273e09cfc0, C4<1>, C4<1>;
L_0x65273e09d860 .functor AND 1, L_0x65273e09d060, L_0x65273e09d480, C4<1>, C4<1>;
L_0x65273e09da10 .functor AND 1, L_0x65273e09d860, L_0x65273e09d970, C4<1>, C4<1>;
L_0x65273e09e230 .functor AND 1, L_0x65273e09da10, L_0x65273e09de40, C4<1>, C4<1>;
L_0x65273e09e340 .functor OR 1, L_0x65273e09c630, L_0x65273e09e230, C4<0>, C4<0>;
L_0x65273e09ec20 .functor AND 1, L_0x65273e09e780, L_0x65273e09e820, C4<1>, C4<1>;
L_0x65273e09edd0 .functor AND 1, L_0x65273e09ec20, L_0x65273e09ed30, C4<1>, C4<1>;
L_0x65273e09f630 .functor AND 1, L_0x65273e09edd0, L_0x65273e09f220, C4<1>, C4<1>;
L_0x65273e09f7e0 .functor AND 1, L_0x65273e09f630, L_0x65273e09f740, C4<1>, C4<1>;
L_0x65273e0a0060 .functor AND 1, L_0x65273e09f7e0, L_0x65273e09fc40, C4<1>, C4<1>;
L_0x65273e0a0210 .functor AND 1, L_0x65273e0a0060, L_0x65273e0a0170, C4<1>, C4<1>;
L_0x65273e0a0680 .functor OR 1, L_0x65273e09e340, L_0x65273e0a0210, C4<0>, C4<0>;
L_0x65273e0a0c60 .functor AND 1, L_0x65273e0a0790, L_0x65273e0a0bc0, C4<1>, C4<1>;
L_0x65273e0a1520 .functor AND 1, L_0x65273e0a0c60, L_0x65273e0a10e0, C4<1>, C4<1>;
L_0x65273e0a16d0 .functor AND 1, L_0x65273e0a1520, L_0x65273e0a1630, C4<1>, C4<1>;
L_0x65273e0a1fb0 .functor AND 1, L_0x65273e0a16d0, L_0x65273e0a1b60, C4<1>, C4<1>;
L_0x65273e0a2160 .functor AND 1, L_0x65273e0a1fb0, L_0x65273e0a20c0, C4<1>, C4<1>;
L_0x65273e0a2a60 .functor AND 1, L_0x65273e0a2160, L_0x65273e0a2600, C4<1>, C4<1>;
L_0x65273e0a2c10 .functor AND 1, L_0x65273e0a2a60, L_0x65273e0a2b70, C4<1>, C4<1>;
L_0x65273e0a30c0 .functor OR 1, L_0x65273e0a0680, L_0x65273e0a2c10, C4<0>, C4<0>;
L_0x65273e0a3e80 .functor AND 1, L_0x65273e0a3960, L_0x65273e0a3de0, C4<1>, C4<1>;
L_0x65273e0a4340 .functor OR 1, L_0x65273e0a38c0, L_0x65273e0a3e80, C4<0>, C4<0>;
L_0x65273e0a4980 .functor AND 1, L_0x65273e0a4450, L_0x65273e0a48e0, C4<1>, C4<1>;
L_0x65273e0a52f0 .functor AND 1, L_0x65273e0a4980, L_0x65273e0a4e50, C4<1>, C4<1>;
L_0x65273e0a5400 .functor OR 1, L_0x65273e0a4340, L_0x65273e0a52f0, C4<0>, C4<0>;
L_0x65273e0a5e30 .functor AND 1, L_0x65273e0a58e0, L_0x65273e0a5980, C4<1>, C4<1>;
L_0x65273e0a5fe0 .functor AND 1, L_0x65273e0a5e30, L_0x65273e0a5f40, C4<1>, C4<1>;
L_0x65273e0a6990 .functor AND 1, L_0x65273e0a5fe0, L_0x65273e0a64d0, C4<1>, C4<1>;
L_0x65273e0a6aa0 .functor OR 1, L_0x65273e0a5400, L_0x65273e0a6990, C4<0>, C4<0>;
L_0x65273e0a6570 .functor AND 1, L_0x65273e0a6fa0, L_0x65273e0a7040, C4<1>, C4<1>;
L_0x65273e0a6720 .functor AND 1, L_0x65273e0a6570, L_0x65273e0a6680, C4<1>, C4<1>;
L_0x65273e0a68d0 .functor AND 1, L_0x65273e0a6720, L_0x65273e0a6830, C4<1>, C4<1>;
L_0x65273e0a71d0 .functor AND 1, L_0x65273e0a68d0, L_0x65273e0a7130, C4<1>, C4<1>;
L_0x65273e0a72e0 .functor OR 1, L_0x65273e0a6aa0, L_0x65273e0a71d0, C4<0>, C4<0>;
L_0x65273e0a79b0 .functor AND 1, L_0x65273e0a73f0, L_0x65273e0a7910, C4<1>, C4<1>;
L_0x65273e0a7490 .functor AND 1, L_0x65273e0a79b0, L_0x65273e0a7ac0, C4<1>, C4<1>;
L_0x65273e0a7ca0 .functor AND 1, L_0x65273e0a7490, L_0x65273e0a7c00, C4<1>, C4<1>;
L_0x65273e0a8710 .functor AND 1, L_0x65273e0a7ca0, L_0x65273e0a8200, C4<1>, C4<1>;
L_0x65273e0a88c0 .functor AND 1, L_0x65273e0a8710, L_0x65273e0a8820, C4<1>, C4<1>;
L_0x65273e0a89d0 .functor OR 1, L_0x65273e0a72e0, L_0x65273e0a88c0, C4<0>, C4<0>;
L_0x65273e0a8c20 .functor AND 1, L_0x65273e0a8ae0, L_0x65273e0a8b80, C4<1>, C4<1>;
L_0x65273e0a8dd0 .functor AND 1, L_0x65273e0a8c20, L_0x65273e0a8d30, C4<1>, C4<1>;
L_0x65273e0a8f80 .functor AND 1, L_0x65273e0a8dd0, L_0x65273e0a8ee0, C4<1>, C4<1>;
L_0x65273e0a9130 .functor AND 1, L_0x65273e0a8f80, L_0x65273e0a9090, C4<1>, C4<1>;
L_0x65273e0a97b0 .functor AND 1, L_0x65273e0a9130, L_0x65273e0a9710, C4<1>, C4<1>;
L_0x65273e0a9240 .functor AND 1, L_0x65273e0a97b0, L_0x65273e0a98c0, C4<1>, C4<1>;
L_0x65273e0a9350 .functor OR 1, L_0x65273e0a89d0, L_0x65273e0a9240, C4<0>, C4<0>;
L_0x65273e0a95a0 .functor AND 1, L_0x65273e0a9460, L_0x65273e0a9500, C4<1>, C4<1>;
L_0x65273e0a8340 .functor AND 1, L_0x65273e0a95a0, L_0x65273e0a82a0, C4<1>, C4<1>;
L_0x65273e0a84f0 .functor AND 1, L_0x65273e0a8340, L_0x65273e0a8450, C4<1>, C4<1>;
L_0x65273e0a86a0 .functor AND 1, L_0x65273e0a84f0, L_0x65273e0a8600, C4<1>, C4<1>;
L_0x65273e0a9ee0 .functor AND 1, L_0x65273e0a86a0, L_0x65273e0a9e40, C4<1>, C4<1>;
L_0x65273e0aa090 .functor AND 1, L_0x65273e0a9ee0, L_0x65273e0a9ff0, C4<1>, C4<1>;
L_0x65273e0a9a00 .functor AND 1, L_0x65273e0aa090, L_0x65273e0a9960, C4<1>, C4<1>;
L_0x65273e0a9b10 .functor OR 1, L_0x65273e0a9350, L_0x65273e0a9a00, C4<0>, C4<0>;
L_0x65273e0a9d60 .functor AND 1, L_0x65273e0a9c20, L_0x65273e0a9cc0, C4<1>, C4<1>;
L_0x65273e0aa7a0 .functor AND 1, L_0x65273e0a9d60, L_0x65273e0aa700, C4<1>, C4<1>;
L_0x65273e0aa950 .functor AND 1, L_0x65273e0aa7a0, L_0x65273e0aa8b0, C4<1>, C4<1>;
L_0x65273e0aab00 .functor AND 1, L_0x65273e0aa950, L_0x65273e0aaa60, C4<1>, C4<1>;
L_0x65273e0aa240 .functor AND 1, L_0x65273e0aab00, L_0x65273e0aa1a0, C4<1>, C4<1>;
L_0x65273e0aa3f0 .functor AND 1, L_0x65273e0aa240, L_0x65273e0aa350, C4<1>, C4<1>;
L_0x65273e0aa5a0 .functor AND 1, L_0x65273e0aa3f0, L_0x65273e0aa500, C4<1>, C4<1>;
L_0x65273e0ab1f0 .functor AND 1, L_0x65273e0aa5a0, L_0x65273e0ab150, C4<1>, C4<1>;
L_0x65273e0ab300 .functor OR 1, L_0x65273e0a9b10, L_0x65273e0ab1f0, C4<0>, C4<0>;
L_0x65273e0ab500 .functor XOR 8, L_0x65273e088b10, L_0x65273e0ab460, C4<00000000>, C4<00000000>;
v0x65273e069840_0 .net *"_ivl_100", 0 0, L_0x65273e08b760;  1 drivers
v0x65273e069920_0 .net *"_ivl_103", 0 0, L_0x65273e08b930;  1 drivers
v0x65273e069a00_0 .net *"_ivl_104", 0 0, L_0x65273e08b9d0;  1 drivers
v0x65273e069ac0_0 .net *"_ivl_106", 0 0, L_0x65273e08bae0;  1 drivers
v0x65273e069ba0_0 .net *"_ivl_109", 0 0, L_0x65273e08bcc0;  1 drivers
v0x65273e069cd0_0 .net *"_ivl_11", 0 0, L_0x65273e088bf0;  1 drivers
v0x65273e069db0_0 .net *"_ivl_111", 0 0, L_0x65273e08be40;  1 drivers
v0x65273e069e90_0 .net *"_ivl_112", 0 0, L_0x65273e08bee0;  1 drivers
v0x65273e069f70_0 .net *"_ivl_115", 0 0, L_0x65273e08bff0;  1 drivers
v0x65273e06a050_0 .net *"_ivl_116", 0 0, L_0x65273e08c180;  1 drivers
v0x65273e06a130_0 .net *"_ivl_119", 0 0, L_0x65273e08c370;  1 drivers
v0x65273e06a210_0 .net *"_ivl_120", 0 0, L_0x65273e08c410;  1 drivers
v0x65273e06a2f0_0 .net *"_ivl_122", 0 0, L_0x65273e08c520;  1 drivers
v0x65273e06a3d0_0 .net *"_ivl_125", 0 0, L_0x65273e08c720;  1 drivers
v0x65273e06a4b0_0 .net *"_ivl_127", 0 0, L_0x65273e08c8c0;  1 drivers
v0x65273e06a590_0 .net *"_ivl_128", 0 0, L_0x65273e08c960;  1 drivers
v0x65273e06a670_0 .net *"_ivl_13", 0 0, L_0x65273e088ce0;  1 drivers
v0x65273e06a750_0 .net *"_ivl_131", 0 0, L_0x65273e08ca70;  1 drivers
v0x65273e06a830_0 .net *"_ivl_132", 0 0, L_0x65273e08cc20;  1 drivers
v0x65273e06a910_0 .net *"_ivl_135", 0 0, L_0x65273e08ce30;  1 drivers
v0x65273e06a9f0_0 .net *"_ivl_136", 0 0, L_0x65273e08ced0;  1 drivers
v0x65273e06aad0_0 .net *"_ivl_139", 0 0, L_0x65273e08cfe0;  1 drivers
v0x65273e06abb0_0 .net *"_ivl_140", 0 0, L_0x65273e08d1a0;  1 drivers
v0x65273e06ac90_0 .net *"_ivl_142", 0 0, L_0x65273e08d370;  1 drivers
v0x65273e06ad70_0 .net *"_ivl_147", 0 0, L_0x65273e08d480;  1 drivers
v0x65273e06ae50_0 .net *"_ivl_149", 0 0, L_0x65273e08d520;  1 drivers
v0x65273e06af30_0 .net *"_ivl_15", 0 0, L_0x65273e088dd0;  1 drivers
v0x65273e06b010_0 .net *"_ivl_151", 0 0, L_0x65273e08d080;  1 drivers
v0x65273e06b0f0_0 .net *"_ivl_152", 0 0, L_0x65273e08d120;  1 drivers
v0x65273e06b1d0_0 .net *"_ivl_154", 0 0, L_0x65273e08d8b0;  1 drivers
v0x65273e06b2b0_0 .net *"_ivl_157", 0 0, L_0x65273e08d9c0;  1 drivers
v0x65273e06b390_0 .net *"_ivl_159", 0 0, L_0x65273e08dba0;  1 drivers
v0x65273e06b470_0 .net *"_ivl_16", 0 0, L_0x65273e088e70;  1 drivers
v0x65273e06b550_0 .net *"_ivl_160", 0 0, L_0x65273e08dc40;  1 drivers
v0x65273e06b630_0 .net *"_ivl_163", 0 0, L_0x65273e08d790;  1 drivers
v0x65273e06b710_0 .net *"_ivl_164", 0 0, L_0x65273e08d830;  1 drivers
v0x65273e06b7f0_0 .net *"_ivl_166", 0 0, L_0x65273e08e070;  1 drivers
v0x65273e06b8d0_0 .net *"_ivl_169", 0 0, L_0x65273e08e2c0;  1 drivers
v0x65273e06b9b0_0 .net *"_ivl_171", 0 0, L_0x65273e08e360;  1 drivers
v0x65273e06ba90_0 .net *"_ivl_172", 0 0, L_0x65273e08e560;  1 drivers
v0x65273e06bb70_0 .net *"_ivl_175", 0 0, L_0x65273e08e670;  1 drivers
v0x65273e06bc50_0 .net *"_ivl_176", 0 0, L_0x65273e08e710;  1 drivers
v0x65273e06bd30_0 .net *"_ivl_179", 0 0, L_0x65273e08e970;  1 drivers
v0x65273e06be10_0 .net *"_ivl_18", 0 0, L_0x65273e088f80;  1 drivers
v0x65273e06bef0_0 .net *"_ivl_180", 0 0, L_0x65273e08eb80;  1 drivers
v0x65273e06bfd0_0 .net *"_ivl_182", 0 0, L_0x65273e08ec90;  1 drivers
v0x65273e06c0b0_0 .net *"_ivl_185", 0 0, L_0x65273e08ef00;  1 drivers
v0x65273e06c190_0 .net *"_ivl_187", 0 0, L_0x65273e08efa0;  1 drivers
v0x65273e06c270_0 .net *"_ivl_188", 0 0, L_0x65273e08f1c0;  1 drivers
v0x65273e06c350_0 .net *"_ivl_191", 0 0, L_0x65273e08f2d0;  1 drivers
v0x65273e06c430_0 .net *"_ivl_192", 0 0, L_0x65273e08f370;  1 drivers
v0x65273e06c510_0 .net *"_ivl_195", 0 0, L_0x65273e08f5f0;  1 drivers
v0x65273e06c5f0_0 .net *"_ivl_196", 0 0, L_0x65273e08f820;  1 drivers
v0x65273e06c6d0_0 .net *"_ivl_199", 0 0, L_0x65273e08f930;  1 drivers
v0x65273e06c7b0_0 .net *"_ivl_200", 0 0, L_0x65273e08fbe0;  1 drivers
v0x65273e06c890_0 .net *"_ivl_202", 0 0, L_0x65273e08fe70;  1 drivers
v0x65273e06c970_0 .net *"_ivl_205", 0 0, L_0x65273e08ff80;  1 drivers
v0x65273e06ca50_0 .net *"_ivl_207", 0 0, L_0x65273e0901c0;  1 drivers
v0x65273e06cb30_0 .net *"_ivl_208", 0 0, L_0x65273e090260;  1 drivers
v0x65273e06cc10_0 .net *"_ivl_211", 0 0, L_0x65273e090500;  1 drivers
v0x65273e06ccf0_0 .net *"_ivl_212", 0 0, L_0x65273e090750;  1 drivers
v0x65273e06cdd0_0 .net *"_ivl_215", 0 0, L_0x65273e090860;  1 drivers
v0x65273e06ceb0_0 .net *"_ivl_216", 0 0, L_0x65273e090900;  1 drivers
v0x65273e06cf90_0 .net *"_ivl_219", 0 0, L_0x65273e090bb0;  1 drivers
v0x65273e06d070_0 .net *"_ivl_220", 0 0, L_0x65273e090e10;  1 drivers
v0x65273e06d560_0 .net *"_ivl_223", 0 0, L_0x65273e090f20;  1 drivers
v0x65273e06d640_0 .net *"_ivl_224", 0 0, L_0x65273e090fc0;  1 drivers
v0x65273e06d720_0 .net *"_ivl_226", 0 0, L_0x65273e091280;  1 drivers
v0x65273e06d800_0 .net *"_ivl_23", 0 0, L_0x65273e089090;  1 drivers
v0x65273e06d8e0_0 .net *"_ivl_231", 0 0, L_0x65273e091390;  1 drivers
v0x65273e06d9c0_0 .net *"_ivl_233", 0 0, L_0x65273e091600;  1 drivers
v0x65273e06daa0_0 .net *"_ivl_235", 0 0, L_0x65273e0916a0;  1 drivers
v0x65273e06db80_0 .net *"_ivl_236", 0 0, L_0x65273e091920;  1 drivers
v0x65273e06dc60_0 .net *"_ivl_238", 0 0, L_0x65273e091bf0;  1 drivers
v0x65273e06dd40_0 .net *"_ivl_241", 0 0, L_0x65273e091d00;  1 drivers
v0x65273e06de20_0 .net *"_ivl_243", 0 0, L_0x65273e091da0;  1 drivers
v0x65273e06df00_0 .net *"_ivl_244", 0 0, L_0x65273e092030;  1 drivers
v0x65273e06dfe0_0 .net *"_ivl_247", 0 0, L_0x65273e092310;  1 drivers
v0x65273e06e0c0_0 .net *"_ivl_248", 0 0, L_0x65273e0923b0;  1 drivers
v0x65273e06e1a0_0 .net *"_ivl_25", 0 0, L_0x65273e089130;  1 drivers
v0x65273e06e280_0 .net *"_ivl_250", 0 0, L_0x65273e0924c0;  1 drivers
v0x65273e06e360_0 .net *"_ivl_253", 0 0, L_0x65273e0927b0;  1 drivers
v0x65273e06e440_0 .net *"_ivl_255", 0 0, L_0x65273e092a50;  1 drivers
v0x65273e06e520_0 .net *"_ivl_256", 0 0, L_0x65273e092af0;  1 drivers
v0x65273e06e600_0 .net *"_ivl_259", 0 0, L_0x65273e092c00;  1 drivers
v0x65273e06e6e0_0 .net *"_ivl_260", 0 0, L_0x65273e092eb0;  1 drivers
v0x65273e06e7c0_0 .net *"_ivl_263", 0 0, L_0x65273e0931b0;  1 drivers
v0x65273e06e8a0_0 .net *"_ivl_264", 0 0, L_0x65273e093250;  1 drivers
v0x65273e06e980_0 .net *"_ivl_266", 0 0, L_0x65273e093360;  1 drivers
v0x65273e06ea60_0 .net *"_ivl_269", 0 0, L_0x65273e093670;  1 drivers
v0x65273e06eb40_0 .net *"_ivl_27", 0 0, L_0x65273e0891d0;  1 drivers
v0x65273e06ec20_0 .net *"_ivl_271", 0 0, L_0x65273e093930;  1 drivers
v0x65273e06ed00_0 .net *"_ivl_272", 0 0, L_0x65273e0939d0;  1 drivers
v0x65273e06ede0_0 .net *"_ivl_275", 0 0, L_0x65273e093ae0;  1 drivers
v0x65273e06eec0_0 .net *"_ivl_276", 0 0, L_0x65273e093db0;  1 drivers
v0x65273e06efa0_0 .net *"_ivl_279", 0 0, L_0x65273e0940d0;  1 drivers
v0x65273e06f080_0 .net *"_ivl_28", 0 0, L_0x65273e0892b0;  1 drivers
v0x65273e06f160_0 .net *"_ivl_280", 0 0, L_0x65273e094170;  1 drivers
v0x65273e06f240_0 .net *"_ivl_283", 0 0, L_0x65273e094280;  1 drivers
v0x65273e06f320_0 .net *"_ivl_284", 0 0, L_0x65273e094560;  1 drivers
v0x65273e06f400_0 .net *"_ivl_286", 0 0, L_0x65273e094890;  1 drivers
v0x65273e06f4e0_0 .net *"_ivl_289", 0 0, L_0x65273e0949a0;  1 drivers
v0x65273e06f5c0_0 .net *"_ivl_291", 0 0, L_0x65273e094a40;  1 drivers
v0x65273e06f6a0_0 .net *"_ivl_292", 0 0, L_0x65273e094d30;  1 drivers
v0x65273e06f780_0 .net *"_ivl_295", 0 0, L_0x65273e095070;  1 drivers
v0x65273e06f860_0 .net *"_ivl_296", 0 0, L_0x65273e095110;  1 drivers
v0x65273e06f940_0 .net *"_ivl_299", 0 0, L_0x65273e095220;  1 drivers
v0x65273e06fa20_0 .net *"_ivl_30", 0 0, L_0x65273e0893b0;  1 drivers
v0x65273e06fb00_0 .net *"_ivl_300", 0 0, L_0x65273e095520;  1 drivers
v0x65273e06fbe0_0 .net *"_ivl_303", 0 0, L_0x65273e095870;  1 drivers
v0x65273e06fcc0_0 .net *"_ivl_304", 0 0, L_0x65273e095910;  1 drivers
v0x65273e06fda0_0 .net *"_ivl_307", 0 0, L_0x65273e095a20;  1 drivers
v0x65273e06fe80_0 .net *"_ivl_308", 0 0, L_0x65273e095d30;  1 drivers
v0x65273e06ff60_0 .net *"_ivl_310", 0 0, L_0x65273e096090;  1 drivers
v0x65273e070040_0 .net *"_ivl_313", 0 0, L_0x65273e0961a0;  1 drivers
v0x65273e070120_0 .net *"_ivl_315", 0 0, L_0x65273e096240;  1 drivers
v0x65273e070200_0 .net *"_ivl_316", 0 0, L_0x65273e096560;  1 drivers
v0x65273e0702e0_0 .net *"_ivl_319", 0 0, L_0x65273e0968d0;  1 drivers
v0x65273e0703c0_0 .net *"_ivl_320", 0 0, L_0x65273e096970;  1 drivers
v0x65273e0704a0_0 .net *"_ivl_323", 0 0, L_0x65273e096a80;  1 drivers
v0x65273e070580_0 .net *"_ivl_324", 0 0, L_0x65273e096db0;  1 drivers
v0x65273e070660_0 .net *"_ivl_327", 0 0, L_0x65273e097130;  1 drivers
v0x65273e070740_0 .net *"_ivl_328", 0 0, L_0x65273e0971d0;  1 drivers
v0x65273e070820_0 .net *"_ivl_33", 0 0, L_0x65273e0894c0;  1 drivers
v0x65273e070900_0 .net *"_ivl_331", 0 0, L_0x65273e0972e0;  1 drivers
v0x65273e0709e0_0 .net *"_ivl_332", 0 0, L_0x65273e097620;  1 drivers
v0x65273e070ac0_0 .net *"_ivl_335", 0 0, L_0x65273e0979b0;  1 drivers
v0x65273e070ba0_0 .net *"_ivl_336", 0 0, L_0x65273e097a50;  1 drivers
v0x65273e070c80_0 .net *"_ivl_338", 0 0, L_0x65273e097b60;  1 drivers
v0x65273e071570_0 .net *"_ivl_343", 0 0, L_0x65273e097f00;  1 drivers
v0x65273e071650_0 .net *"_ivl_345", 0 0, L_0x65273e098250;  1 drivers
v0x65273e071730_0 .net *"_ivl_347", 0 0, L_0x65273e0982f0;  1 drivers
v0x65273e071810_0 .net *"_ivl_348", 0 0, L_0x65273e098650;  1 drivers
v0x65273e0718f0_0 .net *"_ivl_35", 0 0, L_0x65273e0895f0;  1 drivers
v0x65273e0719d0_0 .net *"_ivl_350", 0 0, L_0x65273e098760;  1 drivers
v0x65273e071ab0_0 .net *"_ivl_353", 0 0, L_0x65273e098b10;  1 drivers
v0x65273e071b90_0 .net *"_ivl_355", 0 0, L_0x65273e098bb0;  1 drivers
v0x65273e071c70_0 .net *"_ivl_356", 0 0, L_0x65273e098f20;  1 drivers
v0x65273e071d50_0 .net *"_ivl_359", 0 0, L_0x65273e099030;  1 drivers
v0x65273e071e30_0 .net *"_ivl_36", 0 0, L_0x65273e0896e0;  1 drivers
v0x65273e071f10_0 .net *"_ivl_360", 0 0, L_0x65273e0990d0;  1 drivers
v0x65273e071ff0_0 .net *"_ivl_362", 0 0, L_0x65273e099490;  1 drivers
v0x65273e0720d0_0 .net *"_ivl_365", 0 0, L_0x65273e0995a0;  1 drivers
v0x65273e0721b0_0 .net *"_ivl_367", 0 0, L_0x65273e099920;  1 drivers
v0x65273e072290_0 .net *"_ivl_368", 0 0, L_0x65273e0999c0;  1 drivers
v0x65273e072370_0 .net *"_ivl_371", 0 0, L_0x65273e099d90;  1 drivers
v0x65273e072450_0 .net *"_ivl_372", 0 0, L_0x65273e09a120;  1 drivers
v0x65273e072530_0 .net *"_ivl_375", 0 0, L_0x65273e09a230;  1 drivers
v0x65273e072610_0 .net *"_ivl_376", 0 0, L_0x65273e09a2d0;  1 drivers
v0x65273e0726f0_0 .net *"_ivl_378", 0 0, L_0x65273e09a6b0;  1 drivers
v0x65273e0727d0_0 .net *"_ivl_381", 0 0, L_0x65273e09a7c0;  1 drivers
v0x65273e0728b0_0 .net *"_ivl_383", 0 0, L_0x65273e09b370;  1 drivers
v0x65273e072990_0 .net *"_ivl_384", 0 0, L_0x65273e09b410;  1 drivers
v0x65273e072a70_0 .net *"_ivl_387", 0 0, L_0x65273e09b800;  1 drivers
v0x65273e072b50_0 .net *"_ivl_388", 0 0, L_0x65273e09bbb0;  1 drivers
v0x65273e072c30_0 .net *"_ivl_39", 0 0, L_0x65273e0897f0;  1 drivers
v0x65273e072d10_0 .net *"_ivl_391", 0 0, L_0x65273e09bcc0;  1 drivers
v0x65273e072df0_0 .net *"_ivl_392", 0 0, L_0x65273e09bd60;  1 drivers
v0x65273e072ed0_0 .net *"_ivl_395", 0 0, L_0x65273e09c160;  1 drivers
v0x65273e072fb0_0 .net *"_ivl_396", 0 0, L_0x65273e09c520;  1 drivers
v0x65273e073090_0 .net *"_ivl_398", 0 0, L_0x65273e09c630;  1 drivers
v0x65273e073170_0 .net *"_ivl_40", 0 0, L_0x65273e0898e0;  1 drivers
v0x65273e073250_0 .net *"_ivl_401", 0 0, L_0x65273e09ca40;  1 drivers
v0x65273e073330_0 .net *"_ivl_403", 0 0, L_0x65273e09cae0;  1 drivers
v0x65273e073410_0 .net *"_ivl_404", 0 0, L_0x65273e09ceb0;  1 drivers
v0x65273e0734f0_0 .net *"_ivl_407", 0 0, L_0x65273e09cfc0;  1 drivers
v0x65273e0735d0_0 .net *"_ivl_408", 0 0, L_0x65273e09d060;  1 drivers
v0x65273e0736b0_0 .net *"_ivl_411", 0 0, L_0x65273e09d480;  1 drivers
v0x65273e073790_0 .net *"_ivl_412", 0 0, L_0x65273e09d860;  1 drivers
v0x65273e073870_0 .net *"_ivl_415", 0 0, L_0x65273e09d970;  1 drivers
v0x65273e073950_0 .net *"_ivl_416", 0 0, L_0x65273e09da10;  1 drivers
v0x65273e073a30_0 .net *"_ivl_419", 0 0, L_0x65273e09de40;  1 drivers
v0x65273e073b10_0 .net *"_ivl_42", 0 0, L_0x65273e0899f0;  1 drivers
v0x65273e073bf0_0 .net *"_ivl_420", 0 0, L_0x65273e09e230;  1 drivers
v0x65273e073cd0_0 .net *"_ivl_422", 0 0, L_0x65273e09e340;  1 drivers
v0x65273e073db0_0 .net *"_ivl_425", 0 0, L_0x65273e09e780;  1 drivers
v0x65273e073e90_0 .net *"_ivl_427", 0 0, L_0x65273e09e820;  1 drivers
v0x65273e073f70_0 .net *"_ivl_428", 0 0, L_0x65273e09ec20;  1 drivers
v0x65273e074050_0 .net *"_ivl_431", 0 0, L_0x65273e09ed30;  1 drivers
v0x65273e074130_0 .net *"_ivl_432", 0 0, L_0x65273e09edd0;  1 drivers
v0x65273e074210_0 .net *"_ivl_435", 0 0, L_0x65273e09f220;  1 drivers
v0x65273e0742f0_0 .net *"_ivl_436", 0 0, L_0x65273e09f630;  1 drivers
v0x65273e0743d0_0 .net *"_ivl_439", 0 0, L_0x65273e09f740;  1 drivers
v0x65273e0744b0_0 .net *"_ivl_440", 0 0, L_0x65273e09f7e0;  1 drivers
v0x65273e074590_0 .net *"_ivl_443", 0 0, L_0x65273e09fc40;  1 drivers
v0x65273e074670_0 .net *"_ivl_444", 0 0, L_0x65273e0a0060;  1 drivers
v0x65273e074750_0 .net *"_ivl_447", 0 0, L_0x65273e0a0170;  1 drivers
v0x65273e074830_0 .net *"_ivl_448", 0 0, L_0x65273e0a0210;  1 drivers
v0x65273e074910_0 .net *"_ivl_450", 0 0, L_0x65273e0a0680;  1 drivers
v0x65273e0749f0_0 .net *"_ivl_453", 0 0, L_0x65273e0a0790;  1 drivers
v0x65273e074ad0_0 .net *"_ivl_455", 0 0, L_0x65273e0a0bc0;  1 drivers
v0x65273e074bb0_0 .net *"_ivl_456", 0 0, L_0x65273e0a0c60;  1 drivers
v0x65273e074c90_0 .net *"_ivl_459", 0 0, L_0x65273e0a10e0;  1 drivers
v0x65273e074d70_0 .net *"_ivl_460", 0 0, L_0x65273e0a1520;  1 drivers
v0x65273e074e50_0 .net *"_ivl_463", 0 0, L_0x65273e0a1630;  1 drivers
v0x65273e074f30_0 .net *"_ivl_464", 0 0, L_0x65273e0a16d0;  1 drivers
v0x65273e075010_0 .net *"_ivl_467", 0 0, L_0x65273e0a1b60;  1 drivers
v0x65273e0750f0_0 .net *"_ivl_468", 0 0, L_0x65273e0a1fb0;  1 drivers
v0x65273e0751d0_0 .net *"_ivl_47", 0 0, L_0x65273e089b60;  1 drivers
v0x65273e0752b0_0 .net *"_ivl_471", 0 0, L_0x65273e0a20c0;  1 drivers
v0x65273e075390_0 .net *"_ivl_472", 0 0, L_0x65273e0a2160;  1 drivers
v0x65273e075470_0 .net *"_ivl_475", 0 0, L_0x65273e0a2600;  1 drivers
v0x65273e075550_0 .net *"_ivl_476", 0 0, L_0x65273e0a2a60;  1 drivers
v0x65273e075630_0 .net *"_ivl_479", 0 0, L_0x65273e0a2b70;  1 drivers
v0x65273e075710_0 .net *"_ivl_480", 0 0, L_0x65273e0a2c10;  1 drivers
v0x65273e0757f0_0 .net *"_ivl_482", 0 0, L_0x65273e0a30c0;  1 drivers
v0x65273e0758d0_0 .net *"_ivl_488", 0 0, L_0x65273e0a38c0;  1 drivers
v0x65273e0759b0_0 .net *"_ivl_49", 0 0, L_0x65273e089c60;  1 drivers
v0x65273e075a90_0 .net *"_ivl_490", 0 0, L_0x65273e0a3960;  1 drivers
v0x65273e075b70_0 .net *"_ivl_492", 0 0, L_0x65273e0a3de0;  1 drivers
v0x65273e075c50_0 .net *"_ivl_493", 0 0, L_0x65273e0a3e80;  1 drivers
v0x65273e075d30_0 .net *"_ivl_495", 0 0, L_0x65273e0a4340;  1 drivers
v0x65273e075e10_0 .net *"_ivl_498", 0 0, L_0x65273e0a4450;  1 drivers
v0x65273e075ef0_0 .net *"_ivl_500", 0 0, L_0x65273e0a48e0;  1 drivers
v0x65273e075fd0_0 .net *"_ivl_501", 0 0, L_0x65273e0a4980;  1 drivers
v0x65273e0760b0_0 .net *"_ivl_504", 0 0, L_0x65273e0a4e50;  1 drivers
v0x65273e076190_0 .net *"_ivl_505", 0 0, L_0x65273e0a52f0;  1 drivers
v0x65273e076270_0 .net *"_ivl_507", 0 0, L_0x65273e0a5400;  1 drivers
v0x65273e076350_0 .net *"_ivl_51", 0 0, L_0x65273e089d00;  1 drivers
v0x65273e076430_0 .net *"_ivl_510", 0 0, L_0x65273e0a58e0;  1 drivers
v0x65273e076510_0 .net *"_ivl_512", 0 0, L_0x65273e0a5980;  1 drivers
v0x65273e0765f0_0 .net *"_ivl_513", 0 0, L_0x65273e0a5e30;  1 drivers
v0x65273e0766d0_0 .net *"_ivl_516", 0 0, L_0x65273e0a5f40;  1 drivers
v0x65273e0767b0_0 .net *"_ivl_517", 0 0, L_0x65273e0a5fe0;  1 drivers
v0x65273e076890_0 .net *"_ivl_52", 0 0, L_0x65273e089e10;  1 drivers
v0x65273e076970_0 .net *"_ivl_520", 0 0, L_0x65273e0a64d0;  1 drivers
v0x65273e076a50_0 .net *"_ivl_521", 0 0, L_0x65273e0a6990;  1 drivers
v0x65273e076b30_0 .net *"_ivl_523", 0 0, L_0x65273e0a6aa0;  1 drivers
v0x65273e076c10_0 .net *"_ivl_526", 0 0, L_0x65273e0a6fa0;  1 drivers
v0x65273e076cf0_0 .net *"_ivl_528", 0 0, L_0x65273e0a7040;  1 drivers
v0x65273e076dd0_0 .net *"_ivl_529", 0 0, L_0x65273e0a6570;  1 drivers
v0x65273e076eb0_0 .net *"_ivl_532", 0 0, L_0x65273e0a6680;  1 drivers
v0x65273e076f90_0 .net *"_ivl_533", 0 0, L_0x65273e0a6720;  1 drivers
v0x65273e077070_0 .net *"_ivl_536", 0 0, L_0x65273e0a6830;  1 drivers
v0x65273e077150_0 .net *"_ivl_537", 0 0, L_0x65273e0a68d0;  1 drivers
v0x65273e077230_0 .net *"_ivl_54", 0 0, L_0x65273e089e80;  1 drivers
v0x65273e077310_0 .net *"_ivl_540", 0 0, L_0x65273e0a7130;  1 drivers
v0x65273e0773f0_0 .net *"_ivl_541", 0 0, L_0x65273e0a71d0;  1 drivers
v0x65273e0774d0_0 .net *"_ivl_543", 0 0, L_0x65273e0a72e0;  1 drivers
v0x65273e0775b0_0 .net *"_ivl_546", 0 0, L_0x65273e0a73f0;  1 drivers
v0x65273e077690_0 .net *"_ivl_548", 0 0, L_0x65273e0a7910;  1 drivers
v0x65273e077770_0 .net *"_ivl_549", 0 0, L_0x65273e0a79b0;  1 drivers
v0x65273e077850_0 .net *"_ivl_552", 0 0, L_0x65273e0a7ac0;  1 drivers
v0x65273e077930_0 .net *"_ivl_553", 0 0, L_0x65273e0a7490;  1 drivers
v0x65273e077a10_0 .net *"_ivl_556", 0 0, L_0x65273e0a7c00;  1 drivers
v0x65273e077af0_0 .net *"_ivl_557", 0 0, L_0x65273e0a7ca0;  1 drivers
v0x65273e077bd0_0 .net *"_ivl_560", 0 0, L_0x65273e0a8200;  1 drivers
v0x65273e077cb0_0 .net *"_ivl_561", 0 0, L_0x65273e0a8710;  1 drivers
v0x65273e077d90_0 .net *"_ivl_564", 0 0, L_0x65273e0a8820;  1 drivers
v0x65273e077e70_0 .net *"_ivl_565", 0 0, L_0x65273e0a88c0;  1 drivers
v0x65273e077f50_0 .net *"_ivl_567", 0 0, L_0x65273e0a89d0;  1 drivers
v0x65273e078030_0 .net *"_ivl_57", 0 0, L_0x65273e08a000;  1 drivers
v0x65273e078110_0 .net *"_ivl_570", 0 0, L_0x65273e0a8ae0;  1 drivers
v0x65273e0781f0_0 .net *"_ivl_572", 0 0, L_0x65273e0a8b80;  1 drivers
v0x65273e0782d0_0 .net *"_ivl_573", 0 0, L_0x65273e0a8c20;  1 drivers
v0x65273e0783b0_0 .net *"_ivl_576", 0 0, L_0x65273e0a8d30;  1 drivers
v0x65273e078490_0 .net *"_ivl_577", 0 0, L_0x65273e0a8dd0;  1 drivers
v0x65273e070d60_0 .net *"_ivl_580", 0 0, L_0x65273e0a8ee0;  1 drivers
v0x65273e070e40_0 .net *"_ivl_581", 0 0, L_0x65273e0a8f80;  1 drivers
v0x65273e070f20_0 .net *"_ivl_584", 0 0, L_0x65273e0a9090;  1 drivers
v0x65273e071000_0 .net *"_ivl_585", 0 0, L_0x65273e0a9130;  1 drivers
v0x65273e0710e0_0 .net *"_ivl_588", 0 0, L_0x65273e0a9710;  1 drivers
v0x65273e0711c0_0 .net *"_ivl_589", 0 0, L_0x65273e0a97b0;  1 drivers
v0x65273e0712a0_0 .net *"_ivl_59", 0 0, L_0x65273e08a0a0;  1 drivers
v0x65273e071380_0 .net *"_ivl_592", 0 0, L_0x65273e0a98c0;  1 drivers
v0x65273e071460_0 .net *"_ivl_593", 0 0, L_0x65273e0a9240;  1 drivers
v0x65273e079560_0 .net *"_ivl_595", 0 0, L_0x65273e0a9350;  1 drivers
v0x65273e079640_0 .net *"_ivl_598", 0 0, L_0x65273e0a9460;  1 drivers
v0x65273e079720_0 .net *"_ivl_60", 0 0, L_0x65273e089da0;  1 drivers
v0x65273e079800_0 .net *"_ivl_600", 0 0, L_0x65273e0a9500;  1 drivers
v0x65273e0798e0_0 .net *"_ivl_601", 0 0, L_0x65273e0a95a0;  1 drivers
v0x65273e0799c0_0 .net *"_ivl_604", 0 0, L_0x65273e0a82a0;  1 drivers
v0x65273e079aa0_0 .net *"_ivl_605", 0 0, L_0x65273e0a8340;  1 drivers
v0x65273e079b80_0 .net *"_ivl_608", 0 0, L_0x65273e0a8450;  1 drivers
v0x65273e079c60_0 .net *"_ivl_609", 0 0, L_0x65273e0a84f0;  1 drivers
v0x65273e079d40_0 .net *"_ivl_612", 0 0, L_0x65273e0a8600;  1 drivers
v0x65273e079e20_0 .net *"_ivl_613", 0 0, L_0x65273e0a86a0;  1 drivers
v0x65273e079f00_0 .net *"_ivl_616", 0 0, L_0x65273e0a9e40;  1 drivers
v0x65273e079fe0_0 .net *"_ivl_617", 0 0, L_0x65273e0a9ee0;  1 drivers
v0x65273e07a0c0_0 .net *"_ivl_620", 0 0, L_0x65273e0a9ff0;  1 drivers
v0x65273e07a1a0_0 .net *"_ivl_621", 0 0, L_0x65273e0aa090;  1 drivers
v0x65273e07a280_0 .net *"_ivl_624", 0 0, L_0x65273e0a9960;  1 drivers
v0x65273e07a360_0 .net *"_ivl_625", 0 0, L_0x65273e0a9a00;  1 drivers
v0x65273e07a440_0 .net *"_ivl_627", 0 0, L_0x65273e0a9b10;  1 drivers
v0x65273e07a520_0 .net *"_ivl_63", 0 0, L_0x65273e08a370;  1 drivers
v0x65273e07a600_0 .net *"_ivl_630", 0 0, L_0x65273e0a9c20;  1 drivers
v0x65273e07a6e0_0 .net *"_ivl_632", 0 0, L_0x65273e0a9cc0;  1 drivers
v0x65273e07a7c0_0 .net *"_ivl_633", 0 0, L_0x65273e0a9d60;  1 drivers
v0x65273e07a8a0_0 .net *"_ivl_636", 0 0, L_0x65273e0aa700;  1 drivers
v0x65273e07a980_0 .net *"_ivl_637", 0 0, L_0x65273e0aa7a0;  1 drivers
v0x65273e07aa60_0 .net *"_ivl_64", 0 0, L_0x65273e08a410;  1 drivers
v0x65273e07ab40_0 .net *"_ivl_640", 0 0, L_0x65273e0aa8b0;  1 drivers
v0x65273e07ac20_0 .net *"_ivl_641", 0 0, L_0x65273e0aa950;  1 drivers
v0x65273e07ad00_0 .net *"_ivl_644", 0 0, L_0x65273e0aaa60;  1 drivers
v0x65273e07ade0_0 .net *"_ivl_645", 0 0, L_0x65273e0aab00;  1 drivers
v0x65273e07aec0_0 .net *"_ivl_648", 0 0, L_0x65273e0aa1a0;  1 drivers
v0x65273e07afa0_0 .net *"_ivl_649", 0 0, L_0x65273e0aa240;  1 drivers
v0x65273e07b080_0 .net *"_ivl_652", 0 0, L_0x65273e0aa350;  1 drivers
v0x65273e07b160_0 .net *"_ivl_653", 0 0, L_0x65273e0aa3f0;  1 drivers
v0x65273e07b240_0 .net *"_ivl_656", 0 0, L_0x65273e0aa500;  1 drivers
v0x65273e07b320_0 .net *"_ivl_657", 0 0, L_0x65273e0aa5a0;  1 drivers
v0x65273e07b400_0 .net *"_ivl_66", 0 0, L_0x65273e089f90;  1 drivers
v0x65273e07b4e0_0 .net *"_ivl_660", 0 0, L_0x65273e0ab150;  1 drivers
v0x65273e07b5c0_0 .net *"_ivl_661", 0 0, L_0x65273e0ab1f0;  1 drivers
v0x65273e07b6a0_0 .net *"_ivl_663", 0 0, L_0x65273e0ab300;  1 drivers
v0x65273e07b780_0 .net *"_ivl_666", 7 0, L_0x65273e0ab460;  1 drivers
v0x65273e07b860_0 .net *"_ivl_69", 0 0, L_0x65273e08a640;  1 drivers
v0x65273e07b940_0 .net *"_ivl_7", 0 0, L_0x65273e088b80;  1 drivers
v0x65273e07ba20_0 .net *"_ivl_71", 0 0, L_0x65273e08a770;  1 drivers
v0x65273e07bb00_0 .net *"_ivl_72", 0 0, L_0x65273e08a810;  1 drivers
v0x65273e07bbe0_0 .net *"_ivl_75", 0 0, L_0x65273e08a9b0;  1 drivers
v0x65273e07bcc0_0 .net *"_ivl_76", 0 0, L_0x65273e08aaf0;  1 drivers
v0x65273e07bda0_0 .net *"_ivl_79", 0 0, L_0x65273e08ac00;  1 drivers
v0x65273e07be80_0 .net *"_ivl_80", 0 0, L_0x65273e08aca0;  1 drivers
v0x65273e07bf60_0 .net *"_ivl_82", 0 0, L_0x65273e08ae50;  1 drivers
v0x65273e07c040_0 .net *"_ivl_87", 0 0, L_0x65273e08af60;  1 drivers
v0x65273e07c120_0 .net *"_ivl_89", 0 0, L_0x65273e08aa50;  1 drivers
v0x65273e07c200_0 .net *"_ivl_91", 0 0, L_0x65273e08b1c0;  1 drivers
v0x65273e07c2e0_0 .net *"_ivl_92", 0 0, L_0x65273e08b320;  1 drivers
v0x65273e07c3c0_0 .net *"_ivl_94", 0 0, L_0x65273e08b4e0;  1 drivers
v0x65273e07c4a0_0 .net *"_ivl_97", 0 0, L_0x65273e08adb0;  1 drivers
v0x65273e07c580_0 .net *"_ivl_99", 0 0, L_0x65273e08b5f0;  1 drivers
v0x65273e07c660_0 .net "a", 7 0, v0x65273e0837c0_0;  alias, 1 drivers
v0x65273e07c720_0 .net "b", 7 0, v0x65273e0838a0_0;  alias, 1 drivers
v0x65273e07c7c0_0 .net "c", 8 0, L_0x65273e0a31d0;  1 drivers
v0x65273e07c880_0 .net "cin", 0 0, v0x65273e083960_0;  alias, 1 drivers
v0x65273e07c920_0 .net "cout", 0 0, L_0x65273e0ab610;  alias, 1 drivers
v0x65273e07c9c0_0 .net "g", 7 0, L_0x65273e088aa0;  1 drivers
v0x65273e07caa0_0 .net "p", 7 0, L_0x65273e088b10;  1 drivers
v0x65273e07cb80_0 .net "sum", 7 0, L_0x65273e0ab500;  alias, 1 drivers
L_0x65273e088bf0 .part L_0x65273e088aa0, 0, 1;
L_0x65273e088ce0 .part L_0x65273e088b10, 0, 1;
L_0x65273e088dd0 .part L_0x65273e0a31d0, 0, 1;
L_0x65273e089090 .part L_0x65273e088aa0, 1, 1;
L_0x65273e089130 .part L_0x65273e088b10, 1, 1;
L_0x65273e0891d0 .part L_0x65273e088aa0, 0, 1;
L_0x65273e0894c0 .part L_0x65273e088b10, 1, 1;
L_0x65273e0895f0 .part L_0x65273e088b10, 0, 1;
L_0x65273e0897f0 .part L_0x65273e0a31d0, 0, 1;
L_0x65273e089b60 .part L_0x65273e088aa0, 2, 1;
L_0x65273e089c60 .part L_0x65273e088b10, 2, 1;
L_0x65273e089d00 .part L_0x65273e088aa0, 1, 1;
L_0x65273e08a000 .part L_0x65273e088b10, 2, 1;
L_0x65273e08a0a0 .part L_0x65273e088b10, 1, 1;
L_0x65273e08a370 .part L_0x65273e088aa0, 0, 1;
L_0x65273e08a640 .part L_0x65273e088b10, 2, 1;
L_0x65273e08a770 .part L_0x65273e088b10, 1, 1;
L_0x65273e08a9b0 .part L_0x65273e088b10, 0, 1;
L_0x65273e08ac00 .part L_0x65273e0a31d0, 0, 1;
L_0x65273e08af60 .part L_0x65273e088aa0, 3, 1;
L_0x65273e08aa50 .part L_0x65273e088b10, 3, 1;
L_0x65273e08b1c0 .part L_0x65273e088aa0, 2, 1;
L_0x65273e08adb0 .part L_0x65273e088b10, 3, 1;
L_0x65273e08b5f0 .part L_0x65273e088b10, 2, 1;
L_0x65273e08b930 .part L_0x65273e088aa0, 1, 1;
L_0x65273e08bcc0 .part L_0x65273e088b10, 3, 1;
L_0x65273e08be40 .part L_0x65273e088b10, 2, 1;
L_0x65273e08bff0 .part L_0x65273e088b10, 1, 1;
L_0x65273e08c370 .part L_0x65273e088aa0, 0, 1;
L_0x65273e08c720 .part L_0x65273e088b10, 3, 1;
L_0x65273e08c8c0 .part L_0x65273e088b10, 2, 1;
L_0x65273e08ca70 .part L_0x65273e088b10, 1, 1;
L_0x65273e08ce30 .part L_0x65273e088b10, 0, 1;
L_0x65273e08cfe0 .part L_0x65273e0a31d0, 0, 1;
L_0x65273e08d480 .part L_0x65273e088aa0, 4, 1;
L_0x65273e08d520 .part L_0x65273e088b10, 4, 1;
L_0x65273e08d080 .part L_0x65273e088aa0, 3, 1;
L_0x65273e08d9c0 .part L_0x65273e088b10, 4, 1;
L_0x65273e08dba0 .part L_0x65273e088b10, 3, 1;
L_0x65273e08d790 .part L_0x65273e088aa0, 2, 1;
L_0x65273e08e2c0 .part L_0x65273e088b10, 4, 1;
L_0x65273e08e360 .part L_0x65273e088b10, 3, 1;
L_0x65273e08e670 .part L_0x65273e088b10, 2, 1;
L_0x65273e08e970 .part L_0x65273e088aa0, 1, 1;
L_0x65273e08ef00 .part L_0x65273e088b10, 4, 1;
L_0x65273e08efa0 .part L_0x65273e088b10, 3, 1;
L_0x65273e08f2d0 .part L_0x65273e088b10, 2, 1;
L_0x65273e08f5f0 .part L_0x65273e088b10, 1, 1;
L_0x65273e08f930 .part L_0x65273e088aa0, 0, 1;
L_0x65273e08ff80 .part L_0x65273e088b10, 4, 1;
L_0x65273e0901c0 .part L_0x65273e088b10, 3, 1;
L_0x65273e090500 .part L_0x65273e088b10, 2, 1;
L_0x65273e090860 .part L_0x65273e088b10, 1, 1;
L_0x65273e090bb0 .part L_0x65273e088b10, 0, 1;
L_0x65273e090f20 .part L_0x65273e0a31d0, 0, 1;
L_0x65273e091390 .part L_0x65273e088aa0, 5, 1;
L_0x65273e091600 .part L_0x65273e088b10, 5, 1;
L_0x65273e0916a0 .part L_0x65273e088aa0, 4, 1;
L_0x65273e091d00 .part L_0x65273e088b10, 5, 1;
L_0x65273e091da0 .part L_0x65273e088b10, 4, 1;
L_0x65273e092310 .part L_0x65273e088aa0, 3, 1;
L_0x65273e0927b0 .part L_0x65273e088b10, 5, 1;
L_0x65273e092a50 .part L_0x65273e088b10, 4, 1;
L_0x65273e092c00 .part L_0x65273e088b10, 3, 1;
L_0x65273e0931b0 .part L_0x65273e088aa0, 2, 1;
L_0x65273e093670 .part L_0x65273e088b10, 5, 1;
L_0x65273e093930 .part L_0x65273e088b10, 4, 1;
L_0x65273e093ae0 .part L_0x65273e088b10, 3, 1;
L_0x65273e0940d0 .part L_0x65273e088b10, 2, 1;
L_0x65273e094280 .part L_0x65273e088aa0, 1, 1;
L_0x65273e0949a0 .part L_0x65273e088b10, 5, 1;
L_0x65273e094a40 .part L_0x65273e088b10, 4, 1;
L_0x65273e095070 .part L_0x65273e088b10, 3, 1;
L_0x65273e095220 .part L_0x65273e088b10, 2, 1;
L_0x65273e095870 .part L_0x65273e088b10, 1, 1;
L_0x65273e095a20 .part L_0x65273e088aa0, 0, 1;
L_0x65273e0961a0 .part L_0x65273e088b10, 5, 1;
L_0x65273e096240 .part L_0x65273e088b10, 4, 1;
L_0x65273e0968d0 .part L_0x65273e088b10, 3, 1;
L_0x65273e096a80 .part L_0x65273e088b10, 2, 1;
L_0x65273e097130 .part L_0x65273e088b10, 1, 1;
L_0x65273e0972e0 .part L_0x65273e088b10, 0, 1;
L_0x65273e0979b0 .part L_0x65273e0a31d0, 0, 1;
L_0x65273e097f00 .part L_0x65273e088aa0, 6, 1;
L_0x65273e098250 .part L_0x65273e088b10, 6, 1;
L_0x65273e0982f0 .part L_0x65273e088aa0, 5, 1;
L_0x65273e098b10 .part L_0x65273e088b10, 6, 1;
L_0x65273e098bb0 .part L_0x65273e088b10, 5, 1;
L_0x65273e099030 .part L_0x65273e088aa0, 4, 1;
L_0x65273e0995a0 .part L_0x65273e088b10, 6, 1;
L_0x65273e099920 .part L_0x65273e088b10, 5, 1;
L_0x65273e099d90 .part L_0x65273e088b10, 4, 1;
L_0x65273e09a230 .part L_0x65273e088aa0, 3, 1;
L_0x65273e09a7c0 .part L_0x65273e088b10, 6, 1;
L_0x65273e09b370 .part L_0x65273e088b10, 5, 1;
L_0x65273e09b800 .part L_0x65273e088b10, 4, 1;
L_0x65273e09bcc0 .part L_0x65273e088b10, 3, 1;
L_0x65273e09c160 .part L_0x65273e088aa0, 2, 1;
L_0x65273e09ca40 .part L_0x65273e088b10, 6, 1;
L_0x65273e09cae0 .part L_0x65273e088b10, 5, 1;
L_0x65273e09cfc0 .part L_0x65273e088b10, 4, 1;
L_0x65273e09d480 .part L_0x65273e088b10, 3, 1;
L_0x65273e09d970 .part L_0x65273e088b10, 2, 1;
L_0x65273e09de40 .part L_0x65273e088aa0, 1, 1;
L_0x65273e09e780 .part L_0x65273e088b10, 6, 1;
L_0x65273e09e820 .part L_0x65273e088b10, 5, 1;
L_0x65273e09ed30 .part L_0x65273e088b10, 4, 1;
L_0x65273e09f220 .part L_0x65273e088b10, 3, 1;
L_0x65273e09f740 .part L_0x65273e088b10, 2, 1;
L_0x65273e09fc40 .part L_0x65273e088b10, 1, 1;
L_0x65273e0a0170 .part L_0x65273e088aa0, 0, 1;
L_0x65273e0a0790 .part L_0x65273e088b10, 6, 1;
L_0x65273e0a0bc0 .part L_0x65273e088b10, 5, 1;
L_0x65273e0a10e0 .part L_0x65273e088b10, 4, 1;
L_0x65273e0a1630 .part L_0x65273e088b10, 3, 1;
L_0x65273e0a1b60 .part L_0x65273e088b10, 2, 1;
L_0x65273e0a20c0 .part L_0x65273e088b10, 1, 1;
L_0x65273e0a2600 .part L_0x65273e088b10, 0, 1;
L_0x65273e0a2b70 .part L_0x65273e0a31d0, 0, 1;
LS_0x65273e0a31d0_0_0 .concat8 [ 1 1 1 1], L_0x65273e088b80, L_0x65273e088f80, L_0x65273e0899f0, L_0x65273e08ae50;
LS_0x65273e0a31d0_0_4 .concat8 [ 1 1 1 1], L_0x65273e08d370, L_0x65273e091280, L_0x65273e097b60, L_0x65273e0a30c0;
LS_0x65273e0a31d0_0_8 .concat8 [ 1 0 0 0], L_0x65273e0ab300;
L_0x65273e0a31d0 .concat8 [ 4 4 1 0], LS_0x65273e0a31d0_0_0, LS_0x65273e0a31d0_0_4, LS_0x65273e0a31d0_0_8;
L_0x65273e0a38c0 .part L_0x65273e088aa0, 7, 1;
L_0x65273e0a3960 .part L_0x65273e088b10, 7, 1;
L_0x65273e0a3de0 .part L_0x65273e088aa0, 6, 1;
L_0x65273e0a4450 .part L_0x65273e088b10, 7, 1;
L_0x65273e0a48e0 .part L_0x65273e088b10, 6, 1;
L_0x65273e0a4e50 .part L_0x65273e088aa0, 5, 1;
L_0x65273e0a58e0 .part L_0x65273e088b10, 7, 1;
L_0x65273e0a5980 .part L_0x65273e088b10, 6, 1;
L_0x65273e0a5f40 .part L_0x65273e088b10, 5, 1;
L_0x65273e0a64d0 .part L_0x65273e088aa0, 4, 1;
L_0x65273e0a6fa0 .part L_0x65273e088b10, 7, 1;
L_0x65273e0a7040 .part L_0x65273e088b10, 6, 1;
L_0x65273e0a6680 .part L_0x65273e088b10, 5, 1;
L_0x65273e0a6830 .part L_0x65273e088b10, 4, 1;
L_0x65273e0a7130 .part L_0x65273e088aa0, 3, 1;
L_0x65273e0a73f0 .part L_0x65273e088b10, 7, 1;
L_0x65273e0a7910 .part L_0x65273e088b10, 6, 1;
L_0x65273e0a7ac0 .part L_0x65273e088b10, 5, 1;
L_0x65273e0a7c00 .part L_0x65273e088b10, 4, 1;
L_0x65273e0a8200 .part L_0x65273e088b10, 3, 1;
L_0x65273e0a8820 .part L_0x65273e088aa0, 2, 1;
L_0x65273e0a8ae0 .part L_0x65273e088b10, 7, 1;
L_0x65273e0a8b80 .part L_0x65273e088b10, 6, 1;
L_0x65273e0a8d30 .part L_0x65273e088b10, 5, 1;
L_0x65273e0a8ee0 .part L_0x65273e088b10, 4, 1;
L_0x65273e0a9090 .part L_0x65273e088b10, 3, 1;
L_0x65273e0a9710 .part L_0x65273e088b10, 2, 1;
L_0x65273e0a98c0 .part L_0x65273e088aa0, 1, 1;
L_0x65273e0a9460 .part L_0x65273e088b10, 7, 1;
L_0x65273e0a9500 .part L_0x65273e088b10, 6, 1;
L_0x65273e0a82a0 .part L_0x65273e088b10, 5, 1;
L_0x65273e0a8450 .part L_0x65273e088b10, 4, 1;
L_0x65273e0a8600 .part L_0x65273e088b10, 3, 1;
L_0x65273e0a9e40 .part L_0x65273e088b10, 2, 1;
L_0x65273e0a9ff0 .part L_0x65273e088b10, 1, 1;
L_0x65273e0a9960 .part L_0x65273e088aa0, 0, 1;
L_0x65273e0a9c20 .part L_0x65273e088b10, 7, 1;
L_0x65273e0a9cc0 .part L_0x65273e088b10, 6, 1;
L_0x65273e0aa700 .part L_0x65273e088b10, 5, 1;
L_0x65273e0aa8b0 .part L_0x65273e088b10, 4, 1;
L_0x65273e0aaa60 .part L_0x65273e088b10, 3, 1;
L_0x65273e0aa1a0 .part L_0x65273e088b10, 2, 1;
L_0x65273e0aa350 .part L_0x65273e088b10, 1, 1;
L_0x65273e0aa500 .part L_0x65273e088b10, 0, 1;
L_0x65273e0ab150 .part L_0x65273e0a31d0, 0, 1;
L_0x65273e0ab460 .part L_0x65273e0a31d0, 0, 8;
L_0x65273e0ab610 .part L_0x65273e0a31d0, 8, 1;
S_0x65273dfcf860 .scope module, "RCA" "rca_8bit" 2 9, 5 1 0, S_0x65273e04df80;
 .timescale 0 0;
    .port_info 0 /INPUT 8 "a";
    .port_info 1 /INPUT 8 "b";
    .port_info 2 /INPUT 1 "cin";
    .port_info 3 /OUTPUT 8 "sum";
    .port_info 4 /OUTPUT 1 "cout";
v0x65273e0831e0_0 .net "a", 7 0, v0x65273e0837c0_0;  alias, 1 drivers
v0x65273e0832c0_0 .net "b", 7 0, v0x65273e0838a0_0;  alias, 1 drivers
v0x65273e0833d0_0 .net "c", 7 0, L_0x65273e088450;  1 drivers
v0x65273e083490_0 .net "cin", 0 0, v0x65273e083960_0;  alias, 1 drivers
v0x65273e083530_0 .net "cout", 0 0, L_0x65273e0888d0;  alias, 1 drivers
v0x65273e083640_0 .net "sum", 7 0, L_0x65273e088060;  alias, 1 drivers
L_0x65273e084550 .part v0x65273e0837c0_0, 1, 1;
L_0x65273e084710 .part v0x65273e0838a0_0, 1, 1;
L_0x65273e0848d0 .part L_0x65273e088450, 0, 1;
L_0x65273e084dd0 .part v0x65273e0837c0_0, 2, 1;
L_0x65273e084f30 .part v0x65273e0838a0_0, 2, 1;
L_0x65273e085060 .part L_0x65273e088450, 1, 1;
L_0x65273e085630 .part v0x65273e0837c0_0, 3, 1;
L_0x65273e085760 .part v0x65273e0838a0_0, 3, 1;
L_0x65273e0858e0 .part L_0x65273e088450, 2, 1;
L_0x65273e085e20 .part v0x65273e0837c0_0, 4, 1;
L_0x65273e085fb0 .part v0x65273e0838a0_0, 4, 1;
L_0x65273e0860e0 .part L_0x65273e088450, 3, 1;
L_0x65273e0866b0 .part v0x65273e0837c0_0, 5, 1;
L_0x65273e0867e0 .part v0x65273e0838a0_0, 5, 1;
L_0x65273e086900 .part L_0x65273e088450, 4, 1;
L_0x65273e086e00 .part v0x65273e0837c0_0, 6, 1;
L_0x65273e086f30 .part v0x65273e0838a0_0, 6, 1;
L_0x65273e087060 .part L_0x65273e088450, 5, 1;
L_0x65273e087670 .part v0x65273e0837c0_0, 7, 1;
L_0x65273e087710 .part v0x65273e0838a0_0, 7, 1;
L_0x65273e087100 .part L_0x65273e088450, 6, 1;
L_0x65273e087d40 .part v0x65273e0837c0_0, 0, 1;
L_0x65273e087f30 .part v0x65273e0838a0_0, 0, 1;
LS_0x65273e088060_0_0 .concat8 [ 1 1 1 1], L_0x65273e087960, L_0x65273e084070, L_0x65273e0849e0, L_0x65273e0851b0;
LS_0x65273e088060_0_4 .concat8 [ 1 1 1 1], L_0x65273e0859f0, L_0x65273e0862f0, L_0x65273e0869a0, L_0x65273e087210;
L_0x65273e088060 .concat8 [ 4 4 0 0], LS_0x65273e088060_0_0, LS_0x65273e088060_0_4;
LS_0x65273e088450_0_0 .concat8 [ 1 1 1 1], L_0x65273e087bf0, L_0x65273e084400, L_0x65273e084c80, L_0x65273e0854e0;
LS_0x65273e088450_0_4 .concat8 [ 1 1 1 1], L_0x65273e085cd0, L_0x65273e086560, L_0x65273e086cb0, L_0x65273e087520;
L_0x65273e088450 .concat8 [ 4 4 0 0], LS_0x65273e088450_0_0, LS_0x65273e088450_0_4;
L_0x65273e0888d0 .part L_0x65273e088450, 7, 1;
S_0x65273dfd2290 .scope module, "fa0" "full_adder" 5 9, 6 1 0, S_0x65273dfcf860;
 .timescale 0 0;
    .port_info 0 /INPUT 1 "a";
    .port_info 1 /INPUT 1 "b";
    .port_info 2 /INPUT 1 "cin";
    .port_info 3 /OUTPUT 1 "sum";
    .port_info 4 /OUTPUT 1 "cout";
L_0x65273e0878f0 .functor XOR 1, L_0x65273e087d40, L_0x65273e087f30, C4<0>, C4<0>;
L_0x65273e087960 .functor XOR 1, L_0x65273e0878f0, v0x65273e083960_0, C4<0>, C4<0>;
L_0x65273e0879d0 .functor AND 1, L_0x65273e087d40, L_0x65273e087f30, C4<1>, C4<1>;
L_0x65273e087a90 .functor XOR 1, L_0x65273e087d40, L_0x65273e087f30, C4<0>, C4<0>;
L_0x65273e087b30 .functor AND 1, v0x65273e083960_0, L_0x65273e087a90, C4<1>, C4<1>;
L_0x65273e087bf0 .functor OR 1, L_0x65273e0879d0, L_0x65273e087b30, C4<0>, C4<0>;
v0x65273e07cde0_0 .net *"_ivl_0", 0 0, L_0x65273e0878f0;  1 drivers
v0x65273e07cee0_0 .net *"_ivl_4", 0 0, L_0x65273e0879d0;  1 drivers
v0x65273e07cfc0_0 .net *"_ivl_6", 0 0, L_0x65273e087a90;  1 drivers
v0x65273e07d0b0_0 .net *"_ivl_8", 0 0, L_0x65273e087b30;  1 drivers
v0x65273e07d190_0 .net "a", 0 0, L_0x65273e087d40;  1 drivers
v0x65273e07d2a0_0 .net "b", 0 0, L_0x65273e087f30;  1 drivers
v0x65273e07d360_0 .net "cin", 0 0, v0x65273e083960_0;  alias, 1 drivers
v0x65273e07d450_0 .net "cout", 0 0, L_0x65273e087bf0;  1 drivers
v0x65273e07d510_0 .net "sum", 0 0, L_0x65273e087960;  1 drivers
S_0x65273dfd4cc0 .scope generate, "fa_chain[1]" "fa_chain[1]" 5 13, 5 13 0, S_0x65273dfcf860;
 .timescale 0 0;
P_0x65273e07d6b0 .param/l "i" 0 5 13, +C4<01>;
S_0x65273dfd76f0 .scope module, "fa" "full_adder" 5 14, 6 1 0, S_0x65273dfd4cc0;
 .timescale 0 0;
    .port_info 0 /INPUT 1 "a";
    .port_info 1 /INPUT 1 "b";
    .port_info 2 /INPUT 1 "cin";
    .port_info 3 /OUTPUT 1 "sum";
    .port_info 4 /OUTPUT 1 "cout";
L_0x65273e083f70 .functor XOR 1, L_0x65273e084550, L_0x65273e084710, C4<0>, C4<0>;
L_0x65273e084070 .functor XOR 1, L_0x65273e083f70, L_0x65273e0848d0, C4<0>, C4<0>;
L_0x65273e084110 .functor AND 1, L_0x65273e084550, L_0x65273e084710, C4<1>, C4<1>;
L_0x65273e084250 .functor XOR 1, L_0x65273e084550, L_0x65273e084710, C4<0>, C4<0>;
L_0x65273e0842f0 .functor AND 1, L_0x65273e0848d0, L_0x65273e084250, C4<1>, C4<1>;
L_0x65273e084400 .functor OR 1, L_0x65273e084110, L_0x65273e0842f0, C4<0>, C4<0>;
v0x65273e07d7c0_0 .net *"_ivl_0", 0 0, L_0x65273e083f70;  1 drivers
v0x65273e07d8c0_0 .net *"_ivl_4", 0 0, L_0x65273e084110;  1 drivers
v0x65273e07d9a0_0 .net *"_ivl_6", 0 0, L_0x65273e084250;  1 drivers
v0x65273e07da60_0 .net *"_ivl_8", 0 0, L_0x65273e0842f0;  1 drivers
v0x65273e07db40_0 .net "a", 0 0, L_0x65273e084550;  1 drivers
v0x65273e07dc50_0 .net "b", 0 0, L_0x65273e084710;  1 drivers
v0x65273e07dd10_0 .net "cin", 0 0, L_0x65273e0848d0;  1 drivers
v0x65273e07ddd0_0 .net "cout", 0 0, L_0x65273e084400;  1 drivers
v0x65273e07de90_0 .net "sum", 0 0, L_0x65273e084070;  1 drivers
S_0x65273e07dff0 .scope generate, "fa_chain[2]" "fa_chain[2]" 5 13, 5 13 0, S_0x65273dfcf860;
 .timescale 0 0;
P_0x65273e07e1a0 .param/l "i" 0 5 13, +C4<010>;
S_0x65273e07e260 .scope module, "fa" "full_adder" 5 14, 6 1 0, S_0x65273e07dff0;
 .timescale 0 0;
    .port_info 0 /INPUT 1 "a";
    .port_info 1 /INPUT 1 "b";
    .port_info 2 /INPUT 1 "cin";
    .port_info 3 /OUTPUT 1 "sum";
    .port_info 4 /OUTPUT 1 "cout";
L_0x65273e084970 .functor XOR 1, L_0x65273e084dd0, L_0x65273e084f30, C4<0>, C4<0>;
L_0x65273e0849e0 .functor XOR 1, L_0x65273e084970, L_0x65273e085060, C4<0>, C4<0>;
L_0x65273e084a80 .functor AND 1, L_0x65273e084dd0, L_0x65273e084f30, C4<1>, C4<1>;
L_0x65273e084b20 .functor XOR 1, L_0x65273e084dd0, L_0x65273e084f30, C4<0>, C4<0>;
L_0x65273e084bc0 .functor AND 1, L_0x65273e085060, L_0x65273e084b20, C4<1>, C4<1>;
L_0x65273e084c80 .functor OR 1, L_0x65273e084a80, L_0x65273e084bc0, C4<0>, C4<0>;
v0x65273e07e470_0 .net *"_ivl_0", 0 0, L_0x65273e084970;  1 drivers
v0x65273e07e570_0 .net *"_ivl_4", 0 0, L_0x65273e084a80;  1 drivers
v0x65273e07e650_0 .net *"_ivl_6", 0 0, L_0x65273e084b20;  1 drivers
v0x65273e07e740_0 .net *"_ivl_8", 0 0, L_0x65273e084bc0;  1 drivers
v0x65273e07e820_0 .net "a", 0 0, L_0x65273e084dd0;  1 drivers
v0x65273e07e930_0 .net "b", 0 0, L_0x65273e084f30;  1 drivers
v0x65273e07e9f0_0 .net "cin", 0 0, L_0x65273e085060;  1 drivers
v0x65273e07eab0_0 .net "cout", 0 0, L_0x65273e084c80;  1 drivers
v0x65273e07eb70_0 .net "sum", 0 0, L_0x65273e0849e0;  1 drivers
S_0x65273e07ed60 .scope generate, "fa_chain[3]" "fa_chain[3]" 5 13, 5 13 0, S_0x65273dfcf860;
 .timescale 0 0;
P_0x65273e07ef10 .param/l "i" 0 5 13, +C4<011>;
S_0x65273e07eff0 .scope module, "fa" "full_adder" 5 14, 6 1 0, S_0x65273e07ed60;
 .timescale 0 0;
    .port_info 0 /INPUT 1 "a";
    .port_info 1 /INPUT 1 "b";
    .port_info 2 /INPUT 1 "cin";
    .port_info 3 /OUTPUT 1 "sum";
    .port_info 4 /OUTPUT 1 "cout";
L_0x65273e085140 .functor XOR 1, L_0x65273e085630, L_0x65273e085760, C4<0>, C4<0>;
L_0x65273e0851b0 .functor XOR 1, L_0x65273e085140, L_0x65273e0858e0, C4<0>, C4<0>;
L_0x65273e085220 .functor AND 1, L_0x65273e085630, L_0x65273e085760, C4<1>, C4<1>;
L_0x65273e085330 .functor XOR 1, L_0x65273e085630, L_0x65273e085760, C4<0>, C4<0>;
L_0x65273e0853d0 .functor AND 1, L_0x65273e0858e0, L_0x65273e085330, C4<1>, C4<1>;
L_0x65273e0854e0 .functor OR 1, L_0x65273e085220, L_0x65273e0853d0, C4<0>, C4<0>;
v0x65273e07f1d0_0 .net *"_ivl_0", 0 0, L_0x65273e085140;  1 drivers
v0x65273e07f2d0_0 .net *"_ivl_4", 0 0, L_0x65273e085220;  1 drivers
v0x65273e07f3b0_0 .net *"_ivl_6", 0 0, L_0x65273e085330;  1 drivers
v0x65273e07f4a0_0 .net *"_ivl_8", 0 0, L_0x65273e0853d0;  1 drivers
v0x65273e07f580_0 .net "a", 0 0, L_0x65273e085630;  1 drivers
v0x65273e07f690_0 .net "b", 0 0, L_0x65273e085760;  1 drivers
v0x65273e07f750_0 .net "cin", 0 0, L_0x65273e0858e0;  1 drivers
v0x65273e07f810_0 .net "cout", 0 0, L_0x65273e0854e0;  1 drivers
v0x65273e07f8d0_0 .net "sum", 0 0, L_0x65273e0851b0;  1 drivers
S_0x65273e07fac0 .scope generate, "fa_chain[4]" "fa_chain[4]" 5 13, 5 13 0, S_0x65273dfcf860;
 .timescale 0 0;
P_0x65273e07fcc0 .param/l "i" 0 5 13, +C4<0100>;
S_0x65273e07fda0 .scope module, "fa" "full_adder" 5 14, 6 1 0, S_0x65273e07fac0;
 .timescale 0 0;
    .port_info 0 /INPUT 1 "a";
    .port_info 1 /INPUT 1 "b";
    .port_info 2 /INPUT 1 "cin";
    .port_info 3 /OUTPUT 1 "sum";
    .port_info 4 /OUTPUT 1 "cout";
L_0x65273e085980 .functor XOR 1, L_0x65273e085e20, L_0x65273e085fb0, C4<0>, C4<0>;
L_0x65273e0859f0 .functor XOR 1, L_0x65273e085980, L_0x65273e0860e0, C4<0>, C4<0>;
L_0x65273e085a60 .functor AND 1, L_0x65273e085e20, L_0x65273e085fb0, C4<1>, C4<1>;
L_0x65273e085b20 .functor XOR 1, L_0x65273e085e20, L_0x65273e085fb0, C4<0>, C4<0>;
L_0x65273e085bc0 .functor AND 1, L_0x65273e0860e0, L_0x65273e085b20, C4<1>, C4<1>;
L_0x65273e085cd0 .functor OR 1, L_0x65273e085a60, L_0x65273e085bc0, C4<0>, C4<0>;
v0x65273e07ff80_0 .net *"_ivl_0", 0 0, L_0x65273e085980;  1 drivers
v0x65273e080080_0 .net *"_ivl_4", 0 0, L_0x65273e085a60;  1 drivers
v0x65273e080160_0 .net *"_ivl_6", 0 0, L_0x65273e085b20;  1 drivers
v0x65273e080220_0 .net *"_ivl_8", 0 0, L_0x65273e085bc0;  1 drivers
v0x65273e080300_0 .net "a", 0 0, L_0x65273e085e20;  1 drivers
v0x65273e080410_0 .net "b", 0 0, L_0x65273e085fb0;  1 drivers
v0x65273e0804d0_0 .net "cin", 0 0, L_0x65273e0860e0;  1 drivers
v0x65273e080590_0 .net "cout", 0 0, L_0x65273e085cd0;  1 drivers
v0x65273e080650_0 .net "sum", 0 0, L_0x65273e0859f0;  1 drivers
S_0x65273e080840 .scope generate, "fa_chain[5]" "fa_chain[5]" 5 13, 5 13 0, S_0x65273dfcf860;
 .timescale 0 0;
P_0x65273e0809f0 .param/l "i" 0 5 13, +C4<0101>;
S_0x65273e080ad0 .scope module, "fa" "full_adder" 5 14, 6 1 0, S_0x65273e080840;
 .timescale 0 0;
    .port_info 0 /INPUT 1 "a";
    .port_info 1 /INPUT 1 "b";
    .port_info 2 /INPUT 1 "cin";
    .port_info 3 /OUTPUT 1 "sum";
    .port_info 4 /OUTPUT 1 "cout";
L_0x65273e086280 .functor XOR 1, L_0x65273e0866b0, L_0x65273e0867e0, C4<0>, C4<0>;
L_0x65273e0862f0 .functor XOR 1, L_0x65273e086280, L_0x65273e086900, C4<0>, C4<0>;
L_0x65273e086360 .functor AND 1, L_0x65273e0866b0, L_0x65273e0867e0, C4<1>, C4<1>;
L_0x65273e086400 .functor XOR 1, L_0x65273e0866b0, L_0x65273e0867e0, C4<0>, C4<0>;
L_0x65273e0864a0 .functor AND 1, L_0x65273e086900, L_0x65273e086400, C4<1>, C4<1>;
L_0x65273e086560 .functor OR 1, L_0x65273e086360, L_0x65273e0864a0, C4<0>, C4<0>;
v0x65273e080d30_0 .net *"_ivl_0", 0 0, L_0x65273e086280;  1 drivers
v0x65273e080e30_0 .net *"_ivl_4", 0 0, L_0x65273e086360;  1 drivers
v0x65273e080f10_0 .net *"_ivl_6", 0 0, L_0x65273e086400;  1 drivers
v0x65273e081000_0 .net *"_ivl_8", 0 0, L_0x65273e0864a0;  1 drivers
v0x65273e0810e0_0 .net "a", 0 0, L_0x65273e0866b0;  1 drivers
v0x65273e0811f0_0 .net "b", 0 0, L_0x65273e0867e0;  1 drivers
v0x65273e0812b0_0 .net "cin", 0 0, L_0x65273e086900;  1 drivers
v0x65273e081370_0 .net "cout", 0 0, L_0x65273e086560;  1 drivers
v0x65273e081430_0 .net "sum", 0 0, L_0x65273e0862f0;  1 drivers
S_0x65273e081620 .scope generate, "fa_chain[6]" "fa_chain[6]" 5 13, 5 13 0, S_0x65273dfcf860;
 .timescale 0 0;
P_0x65273e0817d0 .param/l "i" 0 5 13, +C4<0110>;
S_0x65273e0818b0 .scope module, "fa" "full_adder" 5 14, 6 1 0, S_0x65273e081620;
 .timescale 0 0;
    .port_info 0 /INPUT 1 "a";
    .port_info 1 /INPUT 1 "b";
    .port_info 2 /INPUT 1 "cin";
    .port_info 3 /OUTPUT 1 "sum";
    .port_info 4 /OUTPUT 1 "cout";
L_0x65273e086210 .functor XOR 1, L_0x65273e086e00, L_0x65273e086f30, C4<0>, C4<0>;
L_0x65273e0869a0 .functor XOR 1, L_0x65273e086210, L_0x65273e087060, C4<0>, C4<0>;
L_0x65273e086a10 .functor AND 1, L_0x65273e086e00, L_0x65273e086f30, C4<1>, C4<1>;
L_0x65273e086b00 .functor XOR 1, L_0x65273e086e00, L_0x65273e086f30, C4<0>, C4<0>;
L_0x65273e086ba0 .functor AND 1, L_0x65273e087060, L_0x65273e086b00, C4<1>, C4<1>;
L_0x65273e086cb0 .functor OR 1, L_0x65273e086a10, L_0x65273e086ba0, C4<0>, C4<0>;
v0x65273e081b10_0 .net *"_ivl_0", 0 0, L_0x65273e086210;  1 drivers
v0x65273e081c10_0 .net *"_ivl_4", 0 0, L_0x65273e086a10;  1 drivers
v0x65273e081cf0_0 .net *"_ivl_6", 0 0, L_0x65273e086b00;  1 drivers
v0x65273e081de0_0 .net *"_ivl_8", 0 0, L_0x65273e086ba0;  1 drivers
v0x65273e081ec0_0 .net "a", 0 0, L_0x65273e086e00;  1 drivers
v0x65273e081fd0_0 .net "b", 0 0, L_0x65273e086f30;  1 drivers
v0x65273e082090_0 .net "cin", 0 0, L_0x65273e087060;  1 drivers
v0x65273e082150_0 .net "cout", 0 0, L_0x65273e086cb0;  1 drivers
v0x65273e082210_0 .net "sum", 0 0, L_0x65273e0869a0;  1 drivers
S_0x65273e082400 .scope generate, "fa_chain[7]" "fa_chain[7]" 5 13, 5 13 0, S_0x65273dfcf860;
 .timescale 0 0;
P_0x65273e0825b0 .param/l "i" 0 5 13, +C4<0111>;
S_0x65273e082690 .scope module, "fa" "full_adder" 5 14, 6 1 0, S_0x65273e082400;
 .timescale 0 0;
    .port_info 0 /INPUT 1 "a";
    .port_info 1 /INPUT 1 "b";
    .port_info 2 /INPUT 1 "cin";
    .port_info 3 /OUTPUT 1 "sum";
    .port_info 4 /OUTPUT 1 "cout";
L_0x65273e0871a0 .functor XOR 1, L_0x65273e087670, L_0x65273e087710, C4<0>, C4<0>;
L_0x65273e087210 .functor XOR 1, L_0x65273e0871a0, L_0x65273e087100, C4<0>, C4<0>;
L_0x65273e087280 .functor AND 1, L_0x65273e087670, L_0x65273e087710, C4<1>, C4<1>;
L_0x65273e087370 .functor XOR 1, L_0x65273e087670, L_0x65273e087710, C4<0>, C4<0>;
L_0x65273e087410 .functor AND 1, L_0x65273e087100, L_0x65273e087370, C4<1>, C4<1>;
L_0x65273e087520 .functor OR 1, L_0x65273e087280, L_0x65273e087410, C4<0>, C4<0>;
v0x65273e0828f0_0 .net *"_ivl_0", 0 0, L_0x65273e0871a0;  1 drivers
v0x65273e0829f0_0 .net *"_ivl_4", 0 0, L_0x65273e087280;  1 drivers
v0x65273e082ad0_0 .net *"_ivl_6", 0 0, L_0x65273e087370;  1 drivers
v0x65273e082bc0_0 .net *"_ivl_8", 0 0, L_0x65273e087410;  1 drivers
v0x65273e082ca0_0 .net "a", 0 0, L_0x65273e087670;  1 drivers
v0x65273e082db0_0 .net "b", 0 0, L_0x65273e087710;  1 drivers
v0x65273e082e70_0 .net "cin", 0 0, L_0x65273e087100;  1 drivers
v0x65273e082f30_0 .net "cout", 0 0, L_0x65273e087520;  1 drivers
v0x65273e082ff0_0 .net "sum", 0 0, L_0x65273e087210;  1 drivers
    .scope S_0x65273e04df80;
T_0 ;
    %vpi_call 2 14 "$dumpfile", "waveform.vcd" {0 0 0};
    %vpi_call 2 15 "$dumpvars", 32'sb00000000000000000000000000000000, S_0x65273e04df80 {0 0 0};
    %pushi/vec4 0, 0, 8;
    %store/vec4 v0x65273e0837c0_0, 0, 8;
    %pushi/vec4 0, 0, 8;
    %store/vec4 v0x65273e0838a0_0, 0, 8;
    %pushi/vec4 0, 0, 1;
    %store/vec4 v0x65273e083960_0, 0, 1;
    %delay 10000, 0;
    %pushi/vec4 15, 0, 8;
    %store/vec4 v0x65273e0837c0_0, 0, 8;
    %pushi/vec4 17, 0, 8;
    %store/vec4 v0x65273e0838a0_0, 0, 8;
    %pushi/vec4 0, 0, 1;
    %store/vec4 v0x65273e083960_0, 0, 1;
    %delay 10000, 0;
    %pushi/vec4 255, 0, 8;
    %store/vec4 v0x65273e0837c0_0, 0, 8;
    %pushi/vec4 1, 0, 8;
    %store/vec4 v0x65273e0838a0_0, 0, 8;
    %pushi/vec4 0, 0, 1;
    %store/vec4 v0x65273e083960_0, 0, 1;
    %delay 10000, 0;
    %pushi/vec4 128, 0, 8;
    %store/vec4 v0x65273e0837c0_0, 0, 8;
    %pushi/vec4 127, 0, 8;
    %store/vec4 v0x65273e0838a0_0, 0, 8;
    %pushi/vec4 0, 0, 1;
    %store/vec4 v0x65273e083960_0, 0, 1;
    %delay 10000, 0;
    %pushi/vec4 170, 0, 8;
    %store/vec4 v0x65273e0837c0_0, 0, 8;
    %pushi/vec4 85, 0, 8;
    %store/vec4 v0x65273e0838a0_0, 0, 8;
    %pushi/vec4 0, 0, 1;
    %store/vec4 v0x65273e083960_0, 0, 1;
    %delay 10000, 0;
    %pushi/vec4 200, 0, 8;
    %store/vec4 v0x65273e0837c0_0, 0, 8;
    %pushi/vec4 100, 0, 8;
    %store/vec4 v0x65273e0838a0_0, 0, 8;
    %pushi/vec4 1, 0, 1;
    %store/vec4 v0x65273e083960_0, 0, 1;
    %delay 10000, 0;
    %pushi/vec4 255, 0, 8;
    %store/vec4 v0x65273e0837c0_0, 0, 8;
    %pushi/vec4 255, 0, 8;
    %store/vec4 v0x65273e0838a0_0, 0, 8;
    %pushi/vec4 1, 0, 1;
    %store/vec4 v0x65273e083960_0, 0, 1;
    %delay 10000, 0;
    %pushi/vec4 1, 0, 8;
    %store/vec4 v0x65273e0837c0_0, 0, 8;
    %pushi/vec4 1, 0, 8;
    %store/vec4 v0x65273e0838a0_0, 0, 8;
    %pushi/vec4 0, 0, 1;
    %store/vec4 v0x65273e083960_0, 0, 1;
    %delay 10000, 0;
    %vpi_call 2 26 "$finish" {0 0 0};
    %end;
    .thread T_0;
# The file index is used to find the file name in the following table.
:file_names 7;
    "N/A";
    "<interactive>";
    "tb_waveform.v";
    "bka_8bit.v";
    "cla_8bit.v";
    "rca_8bit.v";
    "full_adder.v";
